 pathman

 Timestamp is 5de644ae (Tue Dec  3 11:19:10 2019)

 Preferred load address is 0000000140000000

 Start         Length     Name                   Class
 0001:00000000 00005ac3H .text$mn                CODE
 0002:00000000 00000150H .idata$5                DATA
 0002:00000148 00000000H .gfids$y                DATA
 0002:00000150 00001738H .rdata                  DATA
 0002:00001888 00000384H .rdata$r                DATA
 0002:00001c0c 0000019cH .rdata$zzzdbg           DATA
 0002:00001da8 00000230H .xdata                  DATA
 0002:00001fd8 000001e4H .xdata$x                DATA
 0002:000021bc 00000000H .edata                  DATA
 0002:000021bc 000000b4H .idata$2                DATA
 0002:00002270 00000018H .idata$3                DATA
 0002:00002288 00000148H .idata$4                DATA
 0002:000023d0 00000300H .idata$6                DATA
 0003:00000000 00000388H .data                   DATA
 0003:00000388 00000118H .data$r                 DATA
 0003:000004a0 00000014H .bss                    DATA
 0004:00000000 000005f4H .pdata                  DATA

  Address         Publics by Value              Rva+Base               Lib:Object

 0000:00000000       __guard_iat_count          0000000000000000     <absolute>
 0000:00000000       __hybrid_code_map_count    0000000000000000     <absolute>
 0000:00000000       __guard_fids_count         0000000000000000     <absolute>
 0000:00000000       __volatile_metadata        0000000000000000     <absolute>
 0000:00000000       __guard_longjmp_count      0000000000000000     <absolute>
 0000:00000000       __guard_longjmp_table      0000000000000000     <absolute>
 0000:00000000       __hybrid_code_map          0000000000000000     <absolute>
 0000:00000000       __guard_iat_table          0000000000000000     <absolute>
 0000:00000000       __dynamic_value_reloc_table 0000000000000000     <absolute>
 0000:00000000       ___safe_se_handler_count   0000000000000000     <absolute>
 0000:00000000       __enclave_config           0000000000000000     <absolute>
 0000:00000000       ___safe_se_handler_table   0000000000000000     <absolute>
 0000:00000000       __guard_fids_table         0000000000000000     <absolute>
 0000:00000000       __hybrid_auxiliary_iat     0000000000000000     <absolute>
 0000:00000100       __guard_flags              0000000000000100     <absolute>
 0001:00000000       ?create_display@@YAXPEAUdisplay_context@@PEBDHHHH_N@Z 0000000140001000 f   unity_common.obj
 0001:00000330       ?init_d3d@@YAXPEAUd3d_context@@PEAUdisplay_context@@_N@Z 0000000140001330 f   unity_common.obj
 0001:00000460       ?term_d3d@@YAXPEAUd3d_context@@@Z 0000000140001460 f   unity_common.obj
 0001:00000520       ?begin_frame@@YAXPEAUd3d_context@@@Z 0000000140001520 f   unity_common.obj
 0001:00000600       ?end_frame@@YAXPEAUd3d_context@@@Z 0000000140001600 f   unity_common.obj
 0001:00000650       ?compile_vertex_shader@@YAPEAUID3D11VertexShader@@PEAPEAUID3D10Blob@@PEAUd3d_context@@PEBD_K2@Z 0000000140001650 f   unity_common.obj
 0001:00000770       ?compile_pixel_shader@@YAPEAUID3D11PixelShader@@PEAUd3d_context@@PEBD_K1@Z 0000000140001770 f   unity_common.obj
 0001:00000880       ?read_entire_file@@YAPEAXPEBDPEA_K@Z 0000000140001880 f   unity_common.obj
 0001:00000970       ?load_png@@YAXPEAUd3d_context@@PEAUtexture@@PEAX_K@Z 0000000140001970 f   unity_common.obj
 0001:00000ec0       ?debug_printf@@YAXPEBDZZ   0000000140001ec0 f   unity_common.obj
 0001:00000f30       ?sprite_batch_init@@YAXPEAUsprite_batch@@PEAUd3d_context@@@Z 0000000140001f30 f   unity_common.obj
 0001:00001270       ?sprite_batch_term@@YAXPEAUsprite_batch@@@Z 0000000140002270 f   unity_common.obj
 0001:00001300       ?sprite_batch_begin@@YAXPEAUsprite_batch@@@Z 0000000140002300 f   unity_common.obj
 0001:000013e0       ?sprite_batch_end@@YAXPEAUsprite_batch@@@Z 00000001400023e0 f   unity_common.obj
 0001:00001400       ?sprite_batch_draw@@YAXPEAUsprite_batch@@PEAUtexture@@HHHHHHHH@Z 0000000140002400 f   unity_common.obj
 0001:00002050       ?_Get_second@?$_Compressed_pair@V?$allocator@PEAUcustomNode@@@std@@V?$_Vector_val@U?$_Simple_types@PEAUcustomNode@@@std@@@2@$00@std@@QEAAAEAV?$_Vector_val@U?$_Simple_types@PEAUcustomNode@@@std@@@2@XZ 0000000140003050 f i unity_pathman.obj
 0001:00002050       ??$IID_PPV_ARGS_Helper@UIWICImagingFactory@@@@YAPEAPEAXPEAPEAUIWICImagingFactory@@@Z 0000000140003050 f i unity_common.obj
 0001:00002050       ??$_Unfancy@PEAUcustomNode@@@std@@YAPEAPEAUcustomNode@@PEAPEAU1@@Z 0000000140003050 f i unity_pathman.obj
 0001:00002050       ??$forward@AEBQEAUcustomNode@@@std@@YAAEBQEAUcustomNode@@AEBQEAU1@@Z 0000000140003050 f i unity_pathman.obj
 0001:00002050       ??$_Get_unwrapped@PEAUcustomNode@@@std@@YAPEAPEAUcustomNode@@QEAPEAU1@@Z 0000000140003050 f i unity_pathman.obj
 0001:00002050       ??$move@AEAUVector2@@@std@@YA$$QEAUVector2@@AEAU1@@Z 0000000140003050 f i unity_pathman.obj
 0001:00002050       ??$forward@UVector2@@@std@@YA$$QEAUVector2@@AEAU1@@Z 0000000140003050 f i unity_pathman.obj
 0001:00002050       ?_Get_second@?$_Compressed_pair@V?$allocator@UVector2@@@std@@V?$_Vector_val@U?$_Simple_types@UVector2@@@std@@@2@$00@std@@QEAAAEAV?$_Vector_val@U?$_Simple_types@UVector2@@@std@@@2@XZ 0000000140003050 f i unity_pathman.obj
 0001:00002050       ?_Get_second@?$_Compressed_pair@V?$allocator@UVector2@@@std@@V?$_Vector_val@U?$_Simple_types@UVector2@@@std@@@2@$00@std@@QEBAAEBV?$_Vector_val@U?$_Simple_types@UVector2@@@std@@@2@XZ 0000000140003050 f i unity_pathman.obj
 0001:00002050       ?_Get_second@?$_Compressed_pair@V?$allocator@PEAUcustomNode@@@std@@V?$_Vector_val@U?$_Simple_types@PEAUcustomNode@@@std@@@2@$00@std@@QEBAAEBV?$_Vector_val@U?$_Simple_types@PEAUcustomNode@@@std@@@2@XZ 0000000140003050 f i unity_pathman.obj
 0001:00002050       ?_Get_first@?$_Compressed_pair@V?$allocator@PEAUcustomNode@@@std@@V?$_Vector_val@U?$_Simple_types@PEAUcustomNode@@@std@@@2@$00@std@@QEAAAEAV?$allocator@PEAUcustomNode@@@2@XZ 0000000140003050 f i unity_pathman.obj
 0001:00002050       ??0?$allocator@PEAUcustomNode@@@std@@QEAA@XZ 0000000140003050 f i unity_pathman.obj
 0001:00002050       ??$forward@V?$allocator@PEAUcustomNode@@@std@@@std@@YA$$QEAV?$allocator@PEAUcustomNode@@@0@AEAV10@@Z 0000000140003050 f i unity_pathman.obj
 0001:00002050       ??$move@AEAV?$vector@PEAUcustomNode@@V?$allocator@PEAUcustomNode@@@std@@@std@@@std@@YA$$QEAV?$vector@PEAUcustomNode@@V?$allocator@PEAUcustomNode@@@std@@@0@AEAV10@@Z 0000000140003050 f i unity_pathman.obj
 0001:00002050       ??0?$allocator@UVector2@@@std@@QEAA@XZ 0000000140003050 f i unity_pathman.obj
 0001:00002050       ??$_Unfancy@UVector2@@@std@@YAPEAUVector2@@PEAU1@@Z 0000000140003050 f i unity_pathman.obj
 0001:00002050       ?_Get_first@?$_Compressed_pair@V?$allocator@UVector2@@@std@@V?$_Vector_val@U?$_Simple_types@UVector2@@@std@@@2@$00@std@@QEAAAEAV?$allocator@UVector2@@@2@XZ 0000000140003050 f i unity_pathman.obj
 0001:00002050       ?_Get_first@?$_Compressed_pair@V?$allocator@UVector2@@@std@@V?$_Vector_val@U?$_Simple_types@UVector2@@@std@@@2@$00@std@@QEBAAEBV?$allocator@UVector2@@@2@XZ 0000000140003050 f i unity_pathman.obj
 0001:00002050       ?_Get_first@?$_Compressed_pair@V?$allocator@PEAUcustomNode@@@std@@V?$_Vector_val@U?$_Simple_types@PEAUcustomNode@@@std@@@2@$00@std@@QEBAAEBV?$allocator@PEAUcustomNode@@@2@XZ 0000000140003050 f i unity_pathman.obj
 0001:00002050       ??$addressof@V?$_Vector_val@U?$_Simple_types@PEAUcustomNode@@@std@@@std@@@std@@YAPEAV?$_Vector_val@U?$_Simple_types@PEAUcustomNode@@@std@@@0@AEAV10@@Z 0000000140003050 f i unity_pathman.obj
 0001:00002050       ??$_Get_unwrapped@UVector2@@@std@@YAPEAUVector2@@QEAU1@@Z 0000000140003050 f i unity_pathman.obj
 0001:00002050       ??$move@AEAV?$allocator@PEAUcustomNode@@@std@@@std@@YA$$QEAV?$allocator@PEAUcustomNode@@@0@AEAV10@@Z 0000000140003050 f i unity_pathman.obj
 0001:00002060       ??$com_cast@UID3D11Device5@@@@YAPEAUID3D11Device5@@PEAUIUnknown@@@Z 0000000140003060 f i unity_common.obj
 0001:000020d0       ??$com_cast@UID3D11DeviceContext4@@@@YAPEAUID3D11DeviceContext4@@PEAUIUnknown@@@Z 00000001400030d0 f i unity_common.obj
 0001:00002140       ??$com_cast@UIDXGIAdapter4@@@@YAPEAUIDXGIAdapter4@@PEAUIUnknown@@@Z 0000000140003140 f i unity_common.obj
 0001:000021b0       ??$com_cast@UIDXGIDevice4@@@@YAPEAUIDXGIDevice4@@PEAUIUnknown@@@Z 00000001400031b0 f i unity_common.obj
 0001:00002220       ??$com_cast@UIDXGISwapChain3@@@@YAPEAUIDXGISwapChain3@@PEAUIUnknown@@@Z 0000000140003220 f i unity_common.obj
 0001:00002290       __local_stdio_printf_options 0000000140003290 f i unity_common.obj
 0001:000022a0       vsnprintf                  00000001400032a0 f i unity_common.obj
 0001:00002320       ?draw_sprite@@YAXPEAUsprite_batch@@PEAUtexture@@HHHH@Z 0000000140003320 f   unity_pathman.obj
 0001:000023c0       ?manhattanFinder@@YAHUVector2@@0@Z 00000001400033c0 f   unity_pathman.obj
 0001:00002410       ?getSquareLowestFScore@@YAPEAUcustomNode@@V?$vector@PEAUcustomNode@@V?$allocator@PEAUcustomNode@@@std@@@std@@@Z 0000000140003410 f   unity_pathman.obj
 0001:00002500       ?removeFromVector@@YAXPEAUcustomNode@@AEAV?$vector@PEAUcustomNode@@V?$allocator@PEAUcustomNode@@@std@@@std@@@Z 0000000140003500 f   unity_pathman.obj
 0001:000025e0       ?vectorContains@@YA_NPEAUcustomNode@@AEAV?$vector@PEAUcustomNode@@V?$allocator@PEAUcustomNode@@@std@@@std@@@Z 00000001400035e0 f   unity_pathman.obj
 0001:00002680       ?GetObjectAtWorldPos@@YAEHH@Z 0000000140003680 f   unity_pathman.obj
 0001:000026e0       ?getAdjacentSquares@@YA?AV?$vector@PEAUcustomNode@@V?$allocator@PEAUcustomNode@@@std@@@std@@PEAUcustomNode@@0@Z 00000001400036e0 f   unity_pathman.obj
 0001:00002ca0       ?PathFind@@YAXXZ           0000000140003ca0 f   unity_pathman.obj
 0001:00003260       ?render@@YAXPEAUd3d_context@@PEAUsprite_batch@@PEAUtexture@@@Z 0000000140004260 f   unity_pathman.obj
 0001:00003420       ?load_sprite_sheet@@YAXPEAUtexture@@PEAUd3d_context@@@Z 0000000140004420 f   unity_pathman.obj
 0001:00003480       main                       0000000140004480 f   unity_pathman.obj
 0001:000035d0       ??$?0$$V@?$_Compressed_pair@V?$allocator@PEAUcustomNode@@@std@@V?$_Vector_val@U?$_Simple_types@PEAUcustomNode@@@std@@@2@$00@std@@QEAA@U_Zero_then_variadic_args_t@1@@Z 00000001400045d0 f i unity_pathman.obj
 0001:000035d0       ??$?0$$V@?$_Compressed_pair@V?$allocator@UVector2@@@std@@V?$_Vector_val@U?$_Simple_types@UVector2@@@std@@@2@$00@std@@QEAA@U_Zero_then_variadic_args_t@1@@Z 00000001400045d0 f i unity_pathman.obj
 0001:00003600       ??$?0U?$integral_constant@_N$00@std@@@_Unused_parameter@std@@QEAA@$$QEAU?$integral_constant@_N$00@1@@Z 0000000140004600 f i unity_pathman.obj
 0001:00003600       ??$_Get_unwrapped_n@UVector2@@_J$0A@@std@@YAPEAUVector2@@QEAU1@_J@Z 0000000140004600 f i unity_pathman.obj
 0001:00003600       ??$_Get_unwrapped_n@PEAUcustomNode@@_J$0A@@std@@YAPEAPEAUcustomNode@@QEAPEAU1@_J@Z 0000000140004600 f i unity_pathman.obj
 0001:00003600       ?select_on_container_copy_construction@?$_Default_allocator_traits@V?$allocator@PEAUcustomNode@@@std@@@std@@SA?AV?$allocator@PEAUcustomNode@@@2@AEBV32@@Z 0000000140004600 f i unity_pathman.obj
 0001:00003610       ??$?0V?$allocator@PEAUcustomNode@@@std@@$$V@?$_Compressed_pair@V?$allocator@PEAUcustomNode@@@std@@V?$_Vector_val@U?$_Simple_types@PEAUcustomNode@@@std@@@2@$00@std@@QEAA@U_One_then_variadic_args_t@1@$$QEAV?$allocator@PEAUcustomNode@@@1@@Z 0000000140004610 f i unity_pathman.obj
 0001:00003650       ??$?0V?$allocator@PEAUcustomNode@@@std@@X@?$_Vector_alloc@U?$_Vec_base_types@PEAUcustomNode@@V?$allocator@PEAUcustomNode@@@std@@@std@@@std@@QEAA@$$QEAV?$allocator@PEAUcustomNode@@@1@@Z 0000000140004650 f i unity_pathman.obj
 0001:000036a0       ??$_Allocate@$0BA@U_Default_allocate_traits@std@@$0A@@std@@YAPEAX_K@Z 00000001400046a0 f i unity_pathman.obj
 0001:000036e0       ??$_Allocate_manually_vector_aligned@U_Default_allocate_traits@std@@@std@@YAPEAX_K@Z 00000001400046e0 f i unity_pathman.obj
 0001:00003770       ??$_Copy_memmove@PEAPEAUcustomNode@@PEAPEAU1@@std@@YAPEAPEAUcustomNode@@PEAPEAU1@00@Z 0000000140004770 f i unity_pathman.obj
 0001:000037e0       ??$_Deallocate@$0BA@$0A@@std@@YAXPEAX_K@Z 00000001400047e0 f i unity_pathman.obj
 0001:00003820       ??$_Destroy_range1@V?$allocator@UVector2@@@std@@@std@@YAXPEAUVector2@@0AEAV?$allocator@UVector2@@@0@U?$integral_constant@_N$00@0@@Z 0000000140004820 f i unity_pathman.obj
 0001:00003820       ??$_Destroy_range1@V?$allocator@PEAUcustomNode@@@std@@@std@@YAXPEAPEAUcustomNode@@0AEAV?$allocator@PEAUcustomNode@@@0@U?$integral_constant@_N$00@0@@Z 0000000140004820 f i unity_pathman.obj
 0001:00003840       ??$_Destroy_range@V?$allocator@PEAUcustomNode@@@std@@@std@@YAXPEAPEAUcustomNode@@0AEAV?$allocator@PEAUcustomNode@@@0@@Z 0000000140004840 f i unity_pathman.obj
 0001:00003840       ??$_Destroy_range@V?$allocator@UVector2@@@std@@@std@@YAXPEAUVector2@@0AEAV?$allocator@UVector2@@@0@@Z 0000000140004840 f i unity_pathman.obj
 0001:00003890       ??$_Emplace_back@UVector2@@@?$_Uninitialized_backout_al@PEAUVector2@@V?$allocator@UVector2@@@std@@@std@@QEAAX$$QEAUVector2@@@Z 0000000140004890 f i unity_pathman.obj
 0001:00003900       ??$_Emplace_back_with_unused_capacity@AEBQEAUcustomNode@@@?$vector@PEAUcustomNode@@V?$allocator@PEAUcustomNode@@@std@@@std@@AEAAAEAPEAUcustomNode@@AEBQEAU2@@Z 0000000140004900 f i unity_pathman.obj
 0001:000039d0       ??$_Emplace_back_with_unused_capacity@UVector2@@@?$vector@UVector2@@V?$allocator@UVector2@@@std@@@std@@AEAAAEAUVector2@@$$QEAU2@@Z 00000001400049d0 f i unity_pathman.obj
 0001:00003aa0       ??$_Emplace_reallocate@AEBQEAUcustomNode@@@?$vector@PEAUcustomNode@@V?$allocator@PEAUcustomNode@@@std@@@std@@QEAAPEAPEAUcustomNode@@QEAPEAU2@AEBQEAU2@@Z 0000000140004aa0 f i unity_pathman.obj
 0001:00003d20       ??$_Emplace_reallocate@UVector2@@@?$vector@UVector2@@V?$allocator@UVector2@@@std@@@std@@QEAAPEAUVector2@@QEAU2@$$QEAU2@@Z 0000000140004d20 f i unity_pathman.obj
 0001:00003fa0       ??$_Get_size_of_n@$07@std@@YA_K_K@Z 0000000140004fa0 f i unity_pathman.obj
 0001:00003ff0       ??$_Idl_distance@PEAPEAUcustomNode@@PEAPEAU1@@std@@YA_JAEBQEAPEAUcustomNode@@0@Z 0000000140004ff0 f i unity_pathman.obj
 0001:00003ff0       ??$_Idl_distance@PEAUVector2@@PEAU1@@std@@YA_JAEBQEAUVector2@@0@Z 0000000140004ff0 f i unity_pathman.obj
 0001:00004020       ??$_Min_value@_K@std@@YAAEB_KAEB_K0@Z 0000000140005020 f i unity_pathman.obj
 0001:00004070       ??$_Move_unchecked1@PEAPEAUcustomNode@@PEAPEAU1@@std@@YAPEAPEAUcustomNode@@PEAPEAU1@00U_Trivially_copyable_ptr_iterator_tag@0@@Z 0000000140005070 f i unity_pathman.obj
 0001:000040b0       ??$_Move_unchecked@PEAPEAUcustomNode@@PEAPEAU1@@std@@YAPEAPEAUcustomNode@@PEAPEAU1@00@Z 00000001400050b0 f i unity_pathman.obj
 0001:00004100       ??$_Ptr_move_cat@PEAUcustomNode@@PEAU1@@std@@YA?AU_Really_trivial_ptr_iterator_tag@0@AEBQEAPEAUcustomNode@@0@Z 0000000140005100 f i unity_pathman.obj
 0001:00004100       ??$_Ptr_copy_cat@PEAUcustomNode@@PEAU1@@std@@YA?AU_Really_trivial_ptr_iterator_tag@0@AEBQEAPEAUcustomNode@@0@Z 0000000140005100 f i unity_pathman.obj
 0001:00004100       ??$_Ptr_move_cat@UVector2@@U1@@std@@YA?AU_Trivially_copyable_ptr_iterator_tag@0@AEBQEAUVector2@@0@Z 0000000140005100 f i unity_pathman.obj
 0001:00004130       ??$_Seek_wrapped@UVector2@@@std@@YAXAEAPEAUVector2@@QEAU1@@Z 0000000140005130 f i unity_pathman.obj
 0001:00004130       ??$_Seek_wrapped@PEAUcustomNode@@@std@@YAXAEAPEAPEAUcustomNode@@QEAPEAU1@@Z 0000000140005130 f i unity_pathman.obj
 0001:00004150       ??$_Ucopy@PEAPEAUcustomNode@@@?$vector@PEAUcustomNode@@V?$allocator@PEAUcustomNode@@@std@@@std@@AEAAPEAPEAUcustomNode@@PEAPEAU2@00@Z 0000000140005150 f i unity_pathman.obj
 0001:00004150       ?_Umove_if_noexcept1@?$vector@PEAUcustomNode@@V?$allocator@PEAUcustomNode@@@std@@@std@@AEAAXPEAPEAUcustomNode@@00U?$integral_constant@_N$00@2@@Z 0000000140005150 f i unity_pathman.obj
 0001:00004150       ?_Umove@?$vector@PEAUcustomNode@@V?$allocator@PEAUcustomNode@@@std@@@std@@AEAAPEAPEAUcustomNode@@PEAPEAU3@00@Z 0000000140005150 f i unity_pathman.obj
 0001:00004190       ??$_Uninitialized_copy@PEAPEAUcustomNode@@PEAPEAU1@V?$allocator@PEAUcustomNode@@@std@@@std@@YAPEAPEAUcustomNode@@QEAPEAU1@0PEAPEAU1@AEAV?$allocator@PEAUcustomNode@@@0@@Z 0000000140005190 f i unity_pathman.obj
 0001:00004190       ??$_Uninitialized_move@PEAPEAUcustomNode@@PEAPEAU1@V?$allocator@PEAUcustomNode@@@std@@@std@@YAPEAPEAUcustomNode@@QEAPEAU1@0PEAPEAU1@AEAV?$allocator@PEAUcustomNode@@@0@@Z 0000000140005190 f i unity_pathman.obj
 0001:000042b0       ??$_Uninitialized_move_al_unchecked@PEAUcustomNode@@PEAU1@V?$allocator@PEAUcustomNode@@@std@@@std@@YAPEAPEAUcustomNode@@QEAPEAU1@00AEAV?$allocator@PEAUcustomNode@@@0@U_Really_trivial_ptr_iterator_tag@0@U?$integral_constant@_N$00@0@@Z 00000001400052b0 f i unity_pathman.obj
 0001:000042b0       ??$_Uninitialized_copy_al_unchecked@PEAUcustomNode@@PEAU1@V?$allocator@PEAUcustomNode@@@std@@@std@@YAPEAPEAUcustomNode@@QEAPEAU1@00AEAV?$allocator@PEAUcustomNode@@@0@U_Really_trivial_ptr_iterator_tag@0@U?$integral_constant@_N$00@0@@Z 00000001400052b0 f i unity_pathman.obj
 0001:000042f0       ??$_Uninitialized_move@PEAUVector2@@PEAU1@V?$allocator@UVector2@@@std@@@std@@YAPEAUVector2@@QEAU1@0PEAU1@AEAV?$allocator@UVector2@@@0@@Z 00000001400052f0 f i unity_pathman.obj
 0001:00004440       ??$_Uninitialized_move_al_unchecked@PEAUVector2@@PEAU1@V?$allocator@UVector2@@@std@@@std@@YAPEAUVector2@@PEAU1@QEAU1@1AEAV?$allocator@UVector2@@@0@U_General_ptr_iterator_tag@0@U_Unused_parameter@0@@Z 0000000140005440 f i unity_pathman.obj
 0001:000044d0       ??$construct@PEAUcustomNode@@AEBQEAU1@@?$_Default_allocator_traits@V?$allocator@PEAUcustomNode@@@std@@@std@@SAXAEAV?$allocator@PEAUcustomNode@@@1@QEAPEAUcustomNode@@AEBQEAU3@@Z 00000001400054d0 f i unity_pathman.obj
 0001:00004520       ??$construct@UVector2@@U1@@?$_Default_allocator_traits@V?$allocator@UVector2@@@std@@@std@@SAXAEAV?$allocator@UVector2@@@1@QEAUVector2@@$$QEAU3@@Z 0000000140005520 f i unity_pathman.obj
 0001:00004570       ?_Swap_all@_Container_base0@std@@QEAAXAEAU12@@Z 0000000140005570 f i unity_pathman.obj
 0001:00004570       ?_Verify_offset@?$_Vector_const_iterator@V?$_Vector_val@U?$_Simple_types@PEAUcustomNode@@@std@@@std@@@std@@QEBAX_J@Z 0000000140005570 f i unity_pathman.obj
 0001:00004570       ??$destroy@PEAUcustomNode@@@?$_Default_allocator_traits@V?$allocator@PEAUcustomNode@@@std@@@std@@SAXAEAV?$allocator@PEAUcustomNode@@@1@QEAPEAUcustomNode@@@Z 0000000140005570 f i unity_pathman.obj
 0001:00004570       ?_Adopt@_Iterator_base0@std@@QEAAXPEBX@Z 0000000140005570 f i unity_pathman.obj
 0001:00004580       ??$emplace_back@AEBQEAUcustomNode@@@?$vector@PEAUcustomNode@@V?$allocator@PEAUcustomNode@@@std@@@std@@QEAAAEAPEAUcustomNode@@AEBQEAU2@@Z 0000000140005580 f i unity_pathman.obj
 0001:00004600       ??$emplace_back@UVector2@@@?$vector@UVector2@@V?$allocator@UVector2@@@std@@@std@@QEAAAEAUVector2@@$$QEAU2@@Z 0000000140005600 f i unity_pathman.obj
 0001:00004680       ??0?$_Uninitialized_backout_al@PEAUVector2@@V?$allocator@UVector2@@@std@@@std@@QEAA@PEAUVector2@@AEAV?$allocator@UVector2@@@1@@Z 0000000140005680 f i unity_pathman.obj
 0001:000046c0       ??0?$_Vector_alloc@U?$_Vec_base_types@UVector2@@V?$allocator@UVector2@@@std@@@std@@@std@@QEAA@XZ 00000001400056c0 f i unity_pathman.obj
 0001:000046c0       ??0?$_Vector_alloc@U?$_Vec_base_types@PEAUcustomNode@@V?$allocator@PEAUcustomNode@@@std@@@std@@@std@@QEAA@XZ 00000001400056c0 f i unity_pathman.obj
 0001:000046f0       ??0?$_Vector_const_iterator@V?$_Vector_val@U?$_Simple_types@PEAUcustomNode@@@std@@@std@@@std@@QEAA@PEAPEAUcustomNode@@PEBU_Container_base0@1@@Z 00000001400056f0 f i unity_pathman.obj
 0001:00004730       ??0?$_Vector_iterator@V?$_Vector_val@U?$_Simple_types@PEAUcustomNode@@@std@@@std@@@std@@QEAA@PEAPEAUcustomNode@@PEBU_Container_base0@1@@Z 0000000140005730 f i unity_pathman.obj
 0001:00004770       ??0?$_Vector_val@U?$_Simple_types@PEAUcustomNode@@@std@@@std@@QEAA@XZ 0000000140005770 f i unity_pathman.obj
 0001:00004770       ??0?$_Vector_val@U?$_Simple_types@UVector2@@@std@@@std@@QEAA@XZ 0000000140005770 f i unity_pathman.obj
 0001:000047b0       ??0?$vector@PEAUcustomNode@@V?$allocator@PEAUcustomNode@@@std@@@std@@QEAA@$$QEAV01@@Z 00000001400057b0 f i unity_pathman.obj
 0001:00004830       ??0?$vector@PEAUcustomNode@@V?$allocator@PEAUcustomNode@@@std@@@std@@QEAA@AEBV01@@Z 0000000140005830 f i unity_pathman.obj
 0001:00004910       ??0?$vector@UVector2@@V?$allocator@UVector2@@@std@@@std@@QEAA@XZ 0000000140005910 f i unity_pathman.obj
 0001:00004910       ??0?$vector@PEAUcustomNode@@V?$allocator@PEAUcustomNode@@@std@@@std@@QEAA@XZ 0000000140005910 f i unity_pathman.obj
 0001:00004930       ??0Vector2@@QEAA@HH@Z      0000000140005930 f i unity_pathman.obj
 0001:00004960       ??1?$_Uninitialized_backout_al@PEAUVector2@@V?$allocator@UVector2@@@std@@@std@@QEAA@XZ 0000000140005960 f i unity_pathman.obj
 0001:00004990       ??1?$vector@PEAUcustomNode@@V?$allocator@PEAUcustomNode@@@std@@@std@@QEAA@XZ 0000000140005990 f i unity_pathman.obj
 0001:00004990       ??1?$vector@UVector2@@V?$allocator@UVector2@@@std@@@std@@QEAA@XZ 0000000140005990 f i unity_pathman.obj
 0001:000049b0       ??2@YAPEAX_KPEAX@Z         00000001400059b0 f i unity_pathman.obj
 0001:000049c0       ??A?$vector@UVector2@@V?$allocator@UVector2@@@std@@@std@@QEAAAEAUVector2@@_K@Z 00000001400059c0 f i unity_pathman.obj
 0001:000049f0       ??H?$_Vector_iterator@V?$_Vector_val@U?$_Simple_types@PEAUcustomNode@@@std@@@std@@@std@@QEBA?AV01@_J@Z 00000001400059f0 f i unity_pathman.obj
 0001:00004a40       ??Y?$_Vector_const_iterator@V?$_Vector_val@U?$_Simple_types@PEAUcustomNode@@@std@@@std@@@std@@QEAAAEAV01@_J@Z 0000000140005a40 f i unity_pathman.obj
 0001:00004a80       ??Y?$_Vector_iterator@V?$_Vector_val@U?$_Simple_types@PEAUcustomNode@@@std@@@std@@@std@@QEAAAEAV01@_J@Z 0000000140005a80 f i unity_pathman.obj
 0001:00004ab0       ?_Adjust_manually_vector_aligned@std@@YAXAEAPEAXAEA_K@Z 0000000140005ab0 f i unity_pathman.obj
 0001:00004b50       ?_Allocate@_Default_allocate_traits@std@@SAPEAX_K@Z 0000000140005b50 f i unity_pathman.obj
 0001:00004b70       ?_Buy@?$vector@PEAUcustomNode@@V?$allocator@PEAUcustomNode@@@std@@@std@@AEAA_N_K@Z 0000000140005b70 f i unity_pathman.obj
 0001:00004c70       ?_Calculate_growth@?$vector@UVector2@@V?$allocator@UVector2@@@std@@@std@@AEBA_K_K@Z 0000000140005c70 f i unity_pathman.obj
 0001:00004c70       ?_Calculate_growth@?$vector@PEAUcustomNode@@V?$allocator@PEAUcustomNode@@@std@@@std@@AEBA_K_K@Z 0000000140005c70 f i unity_pathman.obj
 0001:00004d00       ?_Change_array@?$vector@UVector2@@V?$allocator@UVector2@@@std@@@std@@AEAAXQEAUVector2@@_K1@Z 0000000140005d00 f i unity_pathman.obj
 0001:00004d00       ?_Change_array@?$vector@PEAUcustomNode@@V?$allocator@PEAUcustomNode@@@std@@@std@@AEAAXQEAPEAUcustomNode@@_K1@Z 0000000140005d00 f i unity_pathman.obj
 0001:00004e20       ?_Destroy@?$vector@PEAUcustomNode@@V?$allocator@PEAUcustomNode@@@std@@@std@@AEAAXPEAPEAUcustomNode@@0@Z 0000000140005e20 f i unity_pathman.obj
 0001:00004e20       ?_Destroy@?$vector@UVector2@@V?$allocator@UVector2@@@std@@@std@@AEAAXPEAUVector2@@0@Z 0000000140005e20 f i unity_pathman.obj
 0001:00004e60       ?_Getal@?$_Vector_alloc@U?$_Vec_base_types@PEAUcustomNode@@V?$allocator@PEAUcustomNode@@@std@@@std@@@std@@QEBAAEBV?$allocator@PEAUcustomNode@@@2@XZ 0000000140005e60 f i unity_pathman.obj
 0001:00004e60       ?_Getal@?$_Vector_alloc@U?$_Vec_base_types@UVector2@@V?$allocator@UVector2@@@std@@@std@@@std@@QEBAAEBV?$allocator@UVector2@@@2@XZ 0000000140005e60 f i unity_pathman.obj
 0001:00004e60       ?_Get_data@?$_Vector_alloc@U?$_Vec_base_types@UVector2@@V?$allocator@UVector2@@@std@@@std@@@std@@QEBAAEBV?$_Vector_val@U?$_Simple_types@UVector2@@@std@@@2@XZ 0000000140005e60 f i unity_pathman.obj
 0001:00004e60       ?_Get_data@?$_Vector_alloc@U?$_Vec_base_types@PEAUcustomNode@@V?$allocator@PEAUcustomNode@@@std@@@std@@@std@@QEAAAEAV?$_Vector_val@U?$_Simple_types@PEAUcustomNode@@@std@@@2@XZ 0000000140005e60 f i unity_pathman.obj
 0001:00004e60       ?_Getal@?$_Vector_alloc@U?$_Vec_base_types@PEAUcustomNode@@V?$allocator@PEAUcustomNode@@@std@@@std@@@std@@QEAAAEAV?$allocator@PEAUcustomNode@@@2@XZ 0000000140005e60 f i unity_pathman.obj
 0001:00004e60       ?_Get_data@?$_Vector_alloc@U?$_Vec_base_types@PEAUcustomNode@@V?$allocator@PEAUcustomNode@@@std@@@std@@@std@@QEBAAEBV?$_Vector_val@U?$_Simple_types@PEAUcustomNode@@@std@@@2@XZ 0000000140005e60 f i unity_pathman.obj
 0001:00004e60       ?_Getal@?$_Vector_alloc@U?$_Vec_base_types@UVector2@@V?$allocator@UVector2@@@std@@@std@@@std@@QEAAAEAV?$allocator@UVector2@@@2@XZ 0000000140005e60 f i unity_pathman.obj
 0001:00004e60       ?_Get_data@?$_Vector_alloc@U?$_Vec_base_types@UVector2@@V?$allocator@UVector2@@@std@@@std@@@std@@QEAAAEAV?$_Vector_val@U?$_Simple_types@UVector2@@@std@@@2@XZ 0000000140005e60 f i unity_pathman.obj
 0001:00004e80       ?_Has_unused_capacity@?$vector@UVector2@@V?$allocator@UVector2@@@std@@@std@@AEBA_NXZ 0000000140005e80 f i unity_pathman.obj
 0001:00004e80       ?_Has_unused_capacity@?$vector@PEAUcustomNode@@V?$allocator@PEAUcustomNode@@@std@@@std@@AEBA_NXZ 0000000140005e80 f i unity_pathman.obj
 0001:00004ed0       ?_Move_from@?$vector@PEAUcustomNode@@V?$allocator@PEAUcustomNode@@@std@@@std@@AEAAX$$QEAV12@U?$integral_constant@_N$00@2@@Z 0000000140005ed0 f i unity_pathman.obj
 0001:00004fa0       ?_Myend@?$_Vector_alloc@U?$_Vec_base_types@PEAUcustomNode@@V?$allocator@PEAUcustomNode@@@std@@@std@@@std@@QEAAAEAPEAPEAUcustomNode@@XZ 0000000140005fa0 f i unity_pathman.obj
 0001:00004fa0       ?_Myend@?$_Vector_alloc@U?$_Vec_base_types@UVector2@@V?$allocator@UVector2@@@std@@@std@@@std@@QEAAAEAPEAUVector2@@XZ 0000000140005fa0 f i unity_pathman.obj
 0001:00004fa0       ?_Myend@?$_Vector_alloc@U?$_Vec_base_types@PEAUcustomNode@@V?$allocator@PEAUcustomNode@@@std@@@std@@@std@@QEBAAEBQEAPEAUcustomNode@@XZ 0000000140005fa0 f i unity_pathman.obj
 0001:00004fa0       ?_Myend@?$_Vector_alloc@U?$_Vec_base_types@UVector2@@V?$allocator@UVector2@@@std@@@std@@@std@@QEBAAEBQEAUVector2@@XZ 0000000140005fa0 f i unity_pathman.obj
 0001:00004fc0       ?_Myfirst@?$_Vector_alloc@U?$_Vec_base_types@UVector2@@V?$allocator@UVector2@@@std@@@std@@@std@@QEBAAEBQEAUVector2@@XZ 0000000140005fc0 f i unity_pathman.obj
 0001:00004fc0       ?_Myfirst@?$_Vector_alloc@U?$_Vec_base_types@UVector2@@V?$allocator@UVector2@@@std@@@std@@@std@@QEAAAEAPEAUVector2@@XZ 0000000140005fc0 f i unity_pathman.obj
 0001:00004fc0       ?_Myfirst@?$_Vector_alloc@U?$_Vec_base_types@PEAUcustomNode@@V?$allocator@PEAUcustomNode@@@std@@@std@@@std@@QEBAAEBQEAPEAUcustomNode@@XZ 0000000140005fc0 f i unity_pathman.obj
 0001:00004fc0       ?_Myfirst@?$_Vector_alloc@U?$_Vec_base_types@PEAUcustomNode@@V?$allocator@PEAUcustomNode@@@std@@@std@@@std@@QEAAAEAPEAPEAUcustomNode@@XZ 0000000140005fc0 f i unity_pathman.obj
 0001:00004fe0       ?_Mylast@?$_Vector_alloc@U?$_Vec_base_types@UVector2@@V?$allocator@UVector2@@@std@@@std@@@std@@QEAAAEAPEAUVector2@@XZ 0000000140005fe0 f i unity_pathman.obj
 0001:00004fe0       ?_Mylast@?$_Vector_alloc@U?$_Vec_base_types@PEAUcustomNode@@V?$allocator@PEAUcustomNode@@@std@@@std@@@std@@QEAAAEAPEAPEAUcustomNode@@XZ 0000000140005fe0 f i unity_pathman.obj
 0001:00004fe0       ?_Mylast@?$_Vector_alloc@U?$_Vec_base_types@PEAUcustomNode@@V?$allocator@PEAUcustomNode@@@std@@@std@@@std@@QEBAAEBQEAPEAUcustomNode@@XZ 0000000140005fe0 f i unity_pathman.obj
 0001:00004fe0       ?_Mylast@?$_Vector_alloc@U?$_Vec_base_types@UVector2@@V?$allocator@UVector2@@@std@@@std@@@std@@QEBAAEBQEAUVector2@@XZ 0000000140005fe0 f i unity_pathman.obj
 0001:00005000       ?_Orphan_all@?$_Vector_alloc@U?$_Vec_base_types@PEAUcustomNode@@V?$allocator@PEAUcustomNode@@@std@@@std@@@std@@QEAAXXZ 0000000140006000 f i unity_pathman.obj
 0001:00005000       ?_Orphan_all@?$_Vector_alloc@U?$_Vec_base_types@UVector2@@V?$allocator@UVector2@@@std@@@std@@@std@@QEAAXXZ 0000000140006000 f i unity_pathman.obj
 0001:00005020       ?_Orphan_all@_Container_base0@std@@QEAAXXZ 0000000140006020 f i unity_pathman.obj
 0001:00005030       ?_Orphan_range@?$vector@UVector2@@V?$allocator@UVector2@@@std@@@std@@AEBAXPEAUVector2@@0@Z 0000000140006030 f i unity_pathman.obj
 0001:00005030       ?_Orphan_range@?$vector@PEAUcustomNode@@V?$allocator@PEAUcustomNode@@@std@@@std@@AEBAXPEAPEAUcustomNode@@0@Z 0000000140006030 f i unity_pathman.obj
 0001:00005040       ?_Release@?$_Uninitialized_backout_al@PEAUVector2@@V?$allocator@UVector2@@@std@@@std@@QEAAPEAUVector2@@XZ 0000000140006040 f i unity_pathman.obj
 0001:00005060       ?_Swap_all@?$_Vector_alloc@U?$_Vec_base_types@PEAUcustomNode@@V?$allocator@PEAUcustomNode@@@std@@@std@@@std@@QEAAXAEAV12@@Z 0000000140006060 f i unity_pathman.obj
 0001:000050a0       ?_Tidy@?$vector@PEAUcustomNode@@V?$allocator@PEAUcustomNode@@@std@@@std@@AEAAXXZ 00000001400060a0 f i unity_pathman.obj
 0001:000050a0       ?_Tidy@?$vector@UVector2@@V?$allocator@UVector2@@@std@@@std@@AEAAXXZ 00000001400060a0 f i unity_pathman.obj
 0001:00005180       ?_Umove_if_noexcept1@?$vector@UVector2@@V?$allocator@UVector2@@@std@@@std@@AEAAXPEAUVector2@@00U?$integral_constant@_N$00@2@@Z 0000000140006180 f i unity_pathman.obj
 0001:00005180       ?_Umove@?$vector@UVector2@@V?$allocator@UVector2@@@std@@@std@@AEAAPEAUVector2@@PEAU3@00@Z 0000000140006180 f i unity_pathman.obj
 0001:000051c0       ?_Umove_if_noexcept@?$vector@PEAUcustomNode@@V?$allocator@PEAUcustomNode@@@std@@@std@@AEAAXPEAPEAUcustomNode@@00@Z 00000001400061c0 f i unity_pathman.obj
 0001:00005220       ?_Umove_if_noexcept@?$vector@UVector2@@V?$allocator@UVector2@@@std@@@std@@AEAAXPEAUVector2@@00@Z 0000000140006220 f i unity_pathman.obj
 0001:00005280       ?_Unchecked_begin@?$vector@PEAUcustomNode@@V?$allocator@PEAUcustomNode@@@std@@@std@@QEAAPEAPEAUcustomNode@@XZ 0000000140006280 f i unity_pathman.obj
 0001:000052a0       ?_Unchecked_end@?$vector@PEAUcustomNode@@V?$allocator@PEAUcustomNode@@@std@@@std@@QEAAPEAPEAUcustomNode@@XZ 00000001400062a0 f i unity_pathman.obj
 0001:000052c0       ?_Xlength@?$vector@PEAUcustomNode@@V?$allocator@PEAUcustomNode@@@std@@@std@@CAXXZ 00000001400062c0 f i unity_pathman.obj
 0001:000052c0       ?_Xlength@?$vector@UVector2@@V?$allocator@UVector2@@@std@@@std@@CAXXZ 00000001400062c0 f i unity_pathman.obj
 0001:000052e0       ?_Xrange@?$vector@PEAUcustomNode@@V?$allocator@PEAUcustomNode@@@std@@@std@@CAXXZ 00000001400062e0 f i unity_pathman.obj
 0001:00005300       ?allocate@?$allocator@PEAUcustomNode@@@std@@QEAAPEAPEAUcustomNode@@_K@Z 0000000140006300 f i unity_pathman.obj
 0001:00005300       ?allocate@?$allocator@UVector2@@@std@@QEAAPEAUVector2@@_K@Z 0000000140006300 f i unity_pathman.obj
 0001:00005330       ?at@?$vector@PEAUcustomNode@@V?$allocator@PEAUcustomNode@@@std@@@std@@QEAAAEAPEAUcustomNode@@_K@Z 0000000140006330 f i unity_pathman.obj
 0001:00005370       ?begin@?$vector@PEAUcustomNode@@V?$allocator@PEAUcustomNode@@@std@@@std@@QEAA?AV?$_Vector_iterator@V?$_Vector_val@U?$_Simple_types@PEAUcustomNode@@@std@@@std@@@2@XZ 0000000140006370 f i unity_pathman.obj
 0001:000053d0       ?capacity@?$vector@UVector2@@V?$allocator@UVector2@@@std@@@std@@QEBA_KXZ 00000001400063d0 f i unity_pathman.obj
 0001:000053d0       ?capacity@?$vector@PEAUcustomNode@@V?$allocator@PEAUcustomNode@@@std@@@std@@QEBA_KXZ 00000001400063d0 f i unity_pathman.obj
 0001:00005410       ?deallocate@?$allocator@UVector2@@@std@@QEAAXQEAUVector2@@_K@Z 0000000140006410 f i unity_pathman.obj
 0001:00005410       ?deallocate@?$allocator@PEAUcustomNode@@@std@@QEAAXQEAPEAUcustomNode@@_K@Z 0000000140006410 f i unity_pathman.obj
 0001:00005440       ?empty@?$vector@PEAUcustomNode@@V?$allocator@PEAUcustomNode@@@std@@@std@@QEBA_NXZ 0000000140006440 f i unity_pathman.obj
 0001:00005490       ?erase@?$vector@PEAUcustomNode@@V?$allocator@PEAUcustomNode@@@std@@@std@@QEAA?AV?$_Vector_iterator@V?$_Vector_val@U?$_Simple_types@PEAUcustomNode@@@std@@@std@@@2@V?$_Vector_const_iterator@V?$_Vector_val@U?$_Simple_types@PEAUcustomNode@@@std@@@std@@@2@@Z 0000000140006490 f i unity_pathman.obj
 0001:00005550       ?max@?$numeric_limits@_J@std@@SA_JXZ 0000000140006550 f i unity_pathman.obj
 0001:00005560       ?max_size@?$_Default_allocator_traits@V?$allocator@PEAUcustomNode@@@std@@@std@@SA_KAEBV?$allocator@PEAUcustomNode@@@2@@Z 0000000140006560 f i unity_pathman.obj
 0001:00005560       ?max_size@?$_Default_allocator_traits@V?$allocator@UVector2@@@std@@@std@@SA_KAEBV?$allocator@UVector2@@@2@@Z 0000000140006560 f i unity_pathman.obj
 0001:00005570       ?max_size@?$vector@PEAUcustomNode@@V?$allocator@PEAUcustomNode@@@std@@@std@@QEBA_KXZ 0000000140006570 f i unity_pathman.obj
 0001:00005570       ?max_size@?$vector@UVector2@@V?$allocator@UVector2@@@std@@@std@@QEBA_KXZ 0000000140006570 f i unity_pathman.obj
 0001:000055c0       ?push_back@?$vector@PEAUcustomNode@@V?$allocator@PEAUcustomNode@@@std@@@std@@QEAAXAEBQEAUcustomNode@@@Z 00000001400065c0 f i unity_pathman.obj
 0001:000055f0       ?push_back@?$vector@UVector2@@V?$allocator@UVector2@@@std@@@std@@QEAAX$$QEAUVector2@@@Z 00000001400065f0 f i unity_pathman.obj
 0001:00005620       ?size@?$vector@PEAUcustomNode@@V?$allocator@PEAUcustomNode@@@std@@@std@@QEBA_KXZ 0000000140006620 f i unity_pathman.obj
 0001:00005620       ?size@?$vector@UVector2@@V?$allocator@UVector2@@@std@@@std@@QEBA_KXZ 0000000140006620 f i unity_pathman.obj
 0001:0000565c       __stdio_common_vsprintf    000000014000665c f   ucrt:api-ms-win-crt-stdio-l1-1-0.dll
 0001:00005662       free                       0000000140006662 f   ucrt:api-ms-win-crt-heap-l1-1-0.dll
 0001:00005668       malloc                     0000000140006668 f   ucrt:api-ms-win-crt-heap-l1-1-0.dll
 0001:0000566e       _invalid_parameter_noinfo_noreturn 000000014000666e f   ucrt:api-ms-win-crt-runtime-l1-1-0.dll
 0001:00005674       memmove                    0000000140006674 f   vcruntime:VCRUNTIME140.dll
 0001:00005690       _alloca_probe              0000000140006690 f   msvcrt:chkstk.obj
 0001:00005690       __chkstk                   0000000140006690 f   msvcrt:chkstk.obj
 0001:000056e4       ??2@YAPEAX_K@Z             00000001400066e4 f   msvcrt:new_scalar.obj
 0001:00005720       ??3@YAXPEAX_K@Z            0000000140006720 f   msvcrt:delete_scalar_size.obj
 0001:00005728       ??0bad_alloc@std@@QEAA@AEBV01@@Z 0000000140006728 f i msvcrt:throw_bad_alloc.obj
 0001:00005768       ??0bad_alloc@std@@QEAA@XZ  0000000140006768 f i msvcrt:throw_bad_alloc.obj
 0001:00005788       ??0bad_array_new_length@std@@QEAA@AEBV01@@Z 0000000140006788 f i msvcrt:throw_bad_alloc.obj
 0001:000057c8       ??0bad_array_new_length@std@@QEAA@XZ 00000001400067c8 f i msvcrt:throw_bad_alloc.obj
 0001:000057e8       ??0exception@std@@QEAA@AEBV01@@Z 00000001400067e8 f i msvcrt:throw_bad_alloc.obj
 0001:00005820       ??1bad_alloc@std@@UEAA@XZ  0000000140006820 f i msvcrt:throw_bad_alloc.obj
 0001:00005820       ??1bad_array_new_length@std@@UEAA@XZ 0000000140006820 f i msvcrt:throw_bad_alloc.obj
 0001:00005820       ??1out_of_range@std@@UEAA@XZ 0000000140006820 f i libcpmt:xthrow.obj
 0001:00005820       ??1length_error@std@@UEAA@XZ 0000000140006820 f i libcpmt:xthrow.obj
 0001:00005834       ??_Gexception@std@@UEAAPEAXI@Z 0000000140006834 f i msvcrt:throw_bad_alloc.obj
 0001:00005834       ??_Ebad_alloc@std@@UEAAPEAXI@Z 0000000140006834 f i msvcrt:throw_bad_alloc.obj
 0001:00005834       ??_Gout_of_range@std@@UEAAPEAXI@Z 0000000140006834 f i libcpmt:xthrow.obj
 0001:00005834       ??_Elength_error@std@@UEAAPEAXI@Z 0000000140006834 f i libcpmt:xthrow.obj
 0001:00005834       ??_Eexception@std@@UEAAPEAXI@Z 0000000140006834 f i msvcrt:throw_bad_alloc.obj
 0001:00005834       ??_Glength_error@std@@UEAAPEAXI@Z 0000000140006834 f i libcpmt:xthrow.obj
 0001:00005834       ??_Gbad_array_new_length@std@@UEAAPEAXI@Z 0000000140006834 f i msvcrt:throw_bad_alloc.obj
 0001:00005834       ??_Gbad_alloc@std@@UEAAPEAXI@Z 0000000140006834 f i msvcrt:throw_bad_alloc.obj
 0001:00005834       ??_Glogic_error@std@@UEAAPEAXI@Z 0000000140006834 f i libcpmt:xthrow.obj
 0001:00005834       ??_Elogic_error@std@@UEAAPEAXI@Z 0000000140006834 f i libcpmt:xthrow.obj
 0001:00005834       ??_Ebad_array_new_length@std@@UEAAPEAXI@Z 0000000140006834 f i msvcrt:throw_bad_alloc.obj
 0001:00005834       ??_Eout_of_range@std@@UEAAPEAXI@Z 0000000140006834 f i libcpmt:xthrow.obj
 0001:00005878       ?__scrt_throw_std_bad_alloc@@YAXXZ 0000000140006878 f   msvcrt:throw_bad_alloc.obj
 0001:00005898       ?__scrt_throw_std_bad_array_new_length@@YAXXZ 0000000140006898 f   msvcrt:throw_bad_alloc.obj
 0001:000058b8       ?what@exception@std@@UEBAPEBDXZ 00000001400068b8 f i msvcrt:throw_bad_alloc.obj
 0001:000058cc       ??3@YAXPEAX@Z              00000001400068cc f   msvcrt:delete_scalar.obj
 0001:000058d4       ??_Gtype_info@@UEAAPEAXI@Z 00000001400068d4 f i msvcrt:std_type_info_static.obj
 0001:000058d4       ??_Etype_info@@UEAAPEAXI@Z 00000001400068d4 f i msvcrt:std_type_info_static.obj
 0001:000058ff       D3D11CreateDevice          00000001400068ff f   d3d11:d3d11.dll
 0001:00005905       D3DCompile2                0000000140006905 f   d3dcompiler:D3DCOMPILER_47.dll
 0001:0000590c       ??0length_error@std@@QEAA@AEBV01@@Z 000000014000690c f i libcpmt:xthrow.obj
 0001:0000594c       ??0length_error@std@@QEAA@PEBD@Z 000000014000694c f i libcpmt:xthrow.obj
 0001:00005998       ??0logic_error@std@@QEAA@AEBV01@@Z 0000000140006998 f i libcpmt:xthrow.obj
 0001:000059d8       ??0out_of_range@std@@QEAA@AEBV01@@Z 00000001400069d8 f i libcpmt:xthrow.obj
 0001:00005a18       ??0out_of_range@std@@QEAA@PEBD@Z 0000000140006a18 f i libcpmt:xthrow.obj
 0001:00005a64       ?_Xlength_error@std@@YAXPEBD@Z 0000000140006a64 f   libcpmt:xthrow.obj
 0001:00005a88       ?_Xout_of_range@std@@YAXPEBD@Z 0000000140006a88 f   libcpmt:xthrow.obj
 0001:00005aab       _callnewh                  0000000140006aab f   ucrt:api-ms-win-crt-heap-l1-1-0.dll
 0001:00005ab1       __std_exception_copy       0000000140006ab1 f   vcruntime:VCRUNTIME140.dll
 0001:00005ab7       __std_exception_destroy    0000000140006ab7 f   vcruntime:VCRUNTIME140.dll
 0001:00005abd       _CxxThrowException         0000000140006abd f   vcruntime:VCRUNTIME140.dll
 0002:00000000       __imp_D3DCompile2          0000000140007000     d3dcompiler:D3DCOMPILER_47.dll
 0002:00000008       \177D3DCOMPILER_47_NULL_THUNK_DATA 0000000140007008     d3dcompiler:D3DCOMPILER_47.dll
 0002:00000010       __imp_CloseHandle          0000000140007010     kernel32:KERNEL32.dll
 0002:00000018       __imp_ReadFile             0000000140007018     kernel32:KERNEL32.dll
 0002:00000020       __imp_GetFileInformationByHandleEx 0000000140007020     kernel32:KERNEL32.dll
 0002:00000028       __imp_MultiByteToWideChar  0000000140007028     kernel32:KERNEL32.dll
 0002:00000030       __imp_ExitProcess          0000000140007030     kernel32:KERNEL32.dll
 0002:00000038       __imp_GetModuleHandleW     0000000140007038     kernel32:KERNEL32.dll
 0002:00000040       __imp_OutputDebugStringA   0000000140007040     kernel32:KERNEL32.dll
 0002:00000048       __imp_CreateFileA          0000000140007048     kernel32:KERNEL32.dll
 0002:00000050       \177KERNEL32_NULL_THUNK_DATA 0000000140007050     kernel32:KERNEL32.dll
 0002:00000058       __imp_DefWindowProcW       0000000140007058     user32:USER32.dll
 0002:00000060       __imp_CreateWindowExW      0000000140007060     user32:USER32.dll
 0002:00000068       __imp_ShowWindow           0000000140007068     user32:USER32.dll
 0002:00000070       __imp_GetClientRect        0000000140007070     user32:USER32.dll
 0002:00000078       __imp_AdjustWindowRect     0000000140007078     user32:USER32.dll
 0002:00000080       __imp_LoadCursorA          0000000140007080     user32:USER32.dll
 0002:00000088       __imp_LoadIconA            0000000140007088     user32:USER32.dll
 0002:00000090       __imp_TranslateMessage     0000000140007090     user32:USER32.dll
 0002:00000098       __imp_DispatchMessageA     0000000140007098     user32:USER32.dll
 0002:000000a0       __imp_PeekMessageW         00000001400070a0     user32:USER32.dll
 0002:000000a8       __imp_PostQuitMessage      00000001400070a8     user32:USER32.dll
 0002:000000b0       __imp_RegisterClassExW     00000001400070b0     user32:USER32.dll
 0002:000000b8       \177USER32_NULL_THUNK_DATA 00000001400070b8     user32:USER32.dll
 0002:000000c0       __imp___std_exception_destroy 00000001400070c0     vcruntime:VCRUNTIME140.dll
 0002:000000c8       __imp___std_exception_copy 00000001400070c8     vcruntime:VCRUNTIME140.dll
 0002:000000d0       __imp_memmove              00000001400070d0     vcruntime:VCRUNTIME140.dll
 0002:000000d8       __imp__CxxThrowException   00000001400070d8     vcruntime:VCRUNTIME140.dll
 0002:000000e0       \177VCRUNTIME140_NULL_THUNK_DATA 00000001400070e0     vcruntime:VCRUNTIME140.dll
 0002:000000e8       __imp__callnewh            00000001400070e8     ucrt:api-ms-win-crt-heap-l1-1-0.dll
 0002:000000f0       __imp_malloc               00000001400070f0     ucrt:api-ms-win-crt-heap-l1-1-0.dll
 0002:000000f8       __imp_free                 00000001400070f8     ucrt:api-ms-win-crt-heap-l1-1-0.dll
 0002:00000100       \177api-ms-win-crt-heap-l1-1-0_NULL_THUNK_DATA 0000000140007100     ucrt:api-ms-win-crt-heap-l1-1-0.dll
 0002:00000108       __imp__invalid_parameter_noinfo_noreturn 0000000140007108     ucrt:api-ms-win-crt-runtime-l1-1-0.dll
 0002:00000110       \177api-ms-win-crt-runtime-l1-1-0_NULL_THUNK_DATA 0000000140007110     ucrt:api-ms-win-crt-runtime-l1-1-0.dll
 0002:00000118       __imp___stdio_common_vsprintf 0000000140007118     ucrt:api-ms-win-crt-stdio-l1-1-0.dll
 0002:00000120       \177api-ms-win-crt-stdio-l1-1-0_NULL_THUNK_DATA 0000000140007120     ucrt:api-ms-win-crt-stdio-l1-1-0.dll
 0002:00000128       __imp_D3D11CreateDevice    0000000140007128     d3d11:d3d11.dll
 0002:00000130       \177d3d11_NULL_THUNK_DATA  0000000140007130     d3d11:d3d11.dll
 0002:00000138       __imp_CoCreateInstance     0000000140007138     ole32:ole32.dll
 0002:00000140       \177ole32_NULL_THUNK_DATA  0000000140007140     ole32:ole32.dll
 0002:00001640       _GUID_7632e1f5_ee65_4dca_87fd_84cd75f8838d 0000000140008640     unity_common.obj
 0002:00001650       _GUID_6f15aaf2_d208_4e89_9ab4_489535d34f9c 0000000140008650     unity_common.obj
 0002:00001660       _GUID_ec5ec8a9_c395_4314_9c77_54d7a935ff70 0000000140008660     unity_common.obj
 0002:00001670       _GUID_95b4f95f_d8da_4ca4_9ee6_3b76d5968a10 0000000140008670     unity_common.obj
 0002:00001680       _GUID_3c8d99d1_4fbf_4181_a82c_af66bf7bd24e 0000000140008680     unity_common.obj
 0002:00001690       _GUID_94d99bdb_f1f8_4ab0_b236_7da0170edab1 0000000140008690     unity_common.obj
 0002:000016a0       _GUID_8ffde202_a0e7_45df_9e01_e837801b5ea0 00000001400086a0     unity_common.obj
 0002:000016b0       _GUID_917600da_f58c_4c33_98d8_3e15b390fa24 00000001400086b0     unity_common.obj
 0002:000016c0       __real@3f800000            00000001400086c0     unity_common.obj
 0002:000016c4       __real@40000000            00000001400086c4     unity_common.obj
 0002:000016c8       __real@bf800000            00000001400086c8     unity_common.obj
 0002:000016f8       ??_C@_0BM@NMJKDPPO@invalid?5vector?$DMT?$DO?5subscript@ 00000001400086f8     unity_pathman.obj
 0002:00001718       ??_C@_0BD@OLBABOEK@vector?$DMT?$DO?5too?5long@ 0000000140008718     unity_pathman.obj
 0002:00001738       ??_7exception@std@@6B@     0000000140008738     msvcrt:throw_bad_alloc.obj
 0002:00001748       ??_C@_0BC@EOODALEL@Unknown?5exception@ 0000000140008748     msvcrt:throw_bad_alloc.obj
 0002:00001768       ??_7bad_alloc@std@@6B@     0000000140008768     msvcrt:throw_bad_alloc.obj
 0002:00001778       ??_C@_0P@GHFPNOJB@bad?5allocation@ 0000000140008778     msvcrt:throw_bad_alloc.obj
 0002:00001790       ??_7bad_array_new_length@std@@6B@ 0000000140008790     msvcrt:throw_bad_alloc.obj
 0002:000017a0       ??_C@_0BF@KINCDENJ@bad?5array?5new?5length@ 00000001400087a0     msvcrt:throw_bad_alloc.obj
 0002:000017c0       ??_7type_info@@6B@         00000001400087c0     msvcrt:std_type_info_static.obj
 0002:000017c8       CLSID_WICImagingFactory2   00000001400087c8     dxguid:d3d10guid.obj
 0002:000017d8       GUID_VendorMicrosoftBuiltIn 00000001400087d8     dxguid:d3d10guid.obj
 0002:000017f0       ??_7logic_error@std@@6B@   00000001400087f0     libcpmt:xthrow.obj
 0002:00001808       ??_7length_error@std@@6B@  0000000140008808     libcpmt:xthrow.obj
 0002:00001820       ??_7out_of_range@std@@6B@  0000000140008820     libcpmt:xthrow.obj
 0002:00001888       ??_R4exception@std@@6B@    0000000140008888     msvcrt:throw_bad_alloc.obj
 0002:000018b0       ??_R3exception@std@@8      00000001400088b0     msvcrt:throw_bad_alloc.obj
 0002:000018c8       ??_R2exception@std@@8      00000001400088c8     msvcrt:throw_bad_alloc.obj
 0002:000018d8       ??_R1A@?0A@EA@exception@std@@8 00000001400088d8     msvcrt:throw_bad_alloc.obj
 0002:00001900       ??_R4bad_alloc@std@@6B@    0000000140008900     msvcrt:throw_bad_alloc.obj
 0002:00001928       ??_R3bad_alloc@std@@8      0000000140008928     msvcrt:throw_bad_alloc.obj
 0002:00001940       ??_R2bad_alloc@std@@8      0000000140008940     msvcrt:throw_bad_alloc.obj
 0002:00001958       ??_R1A@?0A@EA@bad_alloc@std@@8 0000000140008958     msvcrt:throw_bad_alloc.obj
 0002:00001980       ??_R4bad_array_new_length@std@@6B@ 0000000140008980     msvcrt:throw_bad_alloc.obj
 0002:000019a8       ??_R3bad_array_new_length@std@@8 00000001400089a8     msvcrt:throw_bad_alloc.obj
 0002:000019c0       ??_R2bad_array_new_length@std@@8 00000001400089c0     msvcrt:throw_bad_alloc.obj
 0002:000019e0       ??_R1A@?0A@EA@bad_array_new_length@std@@8 00000001400089e0     msvcrt:throw_bad_alloc.obj
 0002:00001a08       ??_R4type_info@@6B@        0000000140008a08     msvcrt:std_type_info_static.obj
 0002:00001a30       ??_R3type_info@@8          0000000140008a30     msvcrt:std_type_info_static.obj
 0002:00001a48       ??_R2type_info@@8          0000000140008a48     msvcrt:std_type_info_static.obj
 0002:00001a58       ??_R1A@?0A@EA@type_info@@8 0000000140008a58     msvcrt:std_type_info_static.obj
 0002:00001a80       ??_R4logic_error@std@@6B@  0000000140008a80     libcpmt:xthrow.obj
 0002:00001aa8       ??_R3logic_error@std@@8    0000000140008aa8     libcpmt:xthrow.obj
 0002:00001ac0       ??_R2logic_error@std@@8    0000000140008ac0     libcpmt:xthrow.obj
 0002:00001ad8       ??_R1A@?0A@EA@logic_error@std@@8 0000000140008ad8     libcpmt:xthrow.obj
 0002:00001b00       ??_R4length_error@std@@6B@ 0000000140008b00     libcpmt:xthrow.obj
 0002:00001b28       ??_R3length_error@std@@8   0000000140008b28     libcpmt:xthrow.obj
 0002:00001b40       ??_R2length_error@std@@8   0000000140008b40     libcpmt:xthrow.obj
 0002:00001b60       ??_R1A@?0A@EA@length_error@std@@8 0000000140008b60     libcpmt:xthrow.obj
 0002:00001b88       ??_R4out_of_range@std@@6B@ 0000000140008b88     libcpmt:xthrow.obj
 0002:00001bb0       ??_R3out_of_range@std@@8   0000000140008bb0     libcpmt:xthrow.obj
 0002:00001bc8       ??_R2out_of_range@std@@8   0000000140008bc8     libcpmt:xthrow.obj
 0002:00001be8       ??_R1A@?0A@EA@out_of_range@std@@8 0000000140008be8     libcpmt:xthrow.obj
 0002:00001fd8       _TI2?AVbad_alloc@std@@     0000000140008fd8     msvcrt:throw_bad_alloc.obj
 0002:00001ff8       _CTA2?AVbad_alloc@std@@    0000000140008ff8     msvcrt:throw_bad_alloc.obj
 0002:00002010       _CT??_R0?AVbad_alloc@std@@@8??0bad_alloc@std@@QEAA@AEBV01@@Z24 0000000140009010     msvcrt:throw_bad_alloc.obj
 0002:00002038       _CT??_R0?AVexception@std@@@8??0exception@std@@QEAA@AEBV01@@Z24 0000000140009038     msvcrt:throw_bad_alloc.obj
 0002:00002060       _TI3?AVbad_array_new_length@std@@ 0000000140009060     msvcrt:throw_bad_alloc.obj
 0002:00002080       _CTA3?AVbad_array_new_length@std@@ 0000000140009080     msvcrt:throw_bad_alloc.obj
 0002:000020a0       _CT??_R0?AVbad_array_new_length@std@@@8??0bad_array_new_length@std@@QEAA@AEBV01@@Z24 00000001400090a0     msvcrt:throw_bad_alloc.obj
 0002:000020c8       _CT??_R0?AVlogic_error@std@@@8??0logic_error@std@@QEAA@AEBV01@@Z24 00000001400090c8     libcpmt:xthrow.obj
 0002:000020f0       _TI3?AVlength_error@std@@  00000001400090f0     libcpmt:xthrow.obj
 0002:00002110       _CTA3?AVlength_error@std@@ 0000000140009110     libcpmt:xthrow.obj
 0002:00002130       _CT??_R0?AVlength_error@std@@@8??0length_error@std@@QEAA@AEBV01@@Z24 0000000140009130     libcpmt:xthrow.obj
 0002:00002158       _TI3?AVout_of_range@std@@  0000000140009158     libcpmt:xthrow.obj
 0002:00002178       _CTA3?AVout_of_range@std@@ 0000000140009178     libcpmt:xthrow.obj
 0002:00002198       _CT??_R0?AVout_of_range@std@@@8??0out_of_range@std@@QEAA@AEBV01@@Z24 0000000140009198     libcpmt:xthrow.obj
 0002:000021bc       __IMPORT_DESCRIPTOR_KERNEL32 00000001400091bc     kernel32:KERNEL32.dll
 0002:000021d0       __IMPORT_DESCRIPTOR_USER32 00000001400091d0     user32:USER32.dll
 0002:000021e4       __IMPORT_DESCRIPTOR_api-ms-win-crt-stdio-l1-1-0 00000001400091e4     ucrt:api-ms-win-crt-stdio-l1-1-0.dll
 0002:000021f8       __IMPORT_DESCRIPTOR_api-ms-win-crt-heap-l1-1-0 00000001400091f8     ucrt:api-ms-win-crt-heap-l1-1-0.dll
 0002:0000220c       __IMPORT_DESCRIPTOR_api-ms-win-crt-runtime-l1-1-0 000000014000920c     ucrt:api-ms-win-crt-runtime-l1-1-0.dll
 0002:00002220       __IMPORT_DESCRIPTOR_VCRUNTIME140 0000000140009220     vcruntime:VCRUNTIME140.dll
 0002:00002234       __IMPORT_DESCRIPTOR_d3d11  0000000140009234     d3d11:d3d11.dll
 0002:00002248       __IMPORT_DESCRIPTOR_D3DCOMPILER_47 0000000140009248     d3dcompiler:D3DCOMPILER_47.dll
 0002:0000225c       __IMPORT_DESCRIPTOR_ole32  000000014000925c     ole32:ole32.dll
 0002:00002270       __NULL_IMPORT_DESCRIPTOR   0000000140009270     kernel32:KERNEL32.dll
 0003:00000380       _fltused                   000000014000a380     msvcrt:fltused.obj
 0003:00000388       ??_R0?AVbad_alloc@std@@@8  000000014000a388     msvcrt:throw_bad_alloc.obj
 0003:000003b0       ??_R0?AVexception@std@@@8  000000014000a3b0     msvcrt:throw_bad_alloc.obj
 0003:000003d8       ??_R0?AVbad_array_new_length@std@@@8 000000014000a3d8     msvcrt:throw_bad_alloc.obj
 0003:00000408       ??_R0?AVtype_info@@@8      000000014000a408     msvcrt:std_type_info_static.obj
 0003:00000428       ??_R0?AVlogic_error@std@@@8 000000014000a428     libcpmt:xthrow.obj
 0003:00000450       ??_R0?AVlength_error@std@@@8 000000014000a450     libcpmt:xthrow.obj
 0003:00000478       ??_R0?AVout_of_range@std@@@8 000000014000a478     libcpmt:xthrow.obj
 0003:000004a0       ?_OptionsStorage@?1??__local_stdio_printf_options@@9@4_KA 000000014000a4a0     unity_common.obj
 0003:000004a8       ?count@@3HA                000000014000a4a8     unity_pathman.obj

 entry point at        0001:00003480

 Static symbols

 0000:ffff3000       .debug$S                   0000000140000000     vcruntime:VCRUNTIME140.dll
 0000:ffff3000       .debug$S                   0000000140000000     vcruntime:VCRUNTIME140.dll
 0000:ffff3000       .debug$S                   0000000140000000     vcruntime:VCRUNTIME140.dll
 0000:ffff3000       .debug$S                   0000000140000000     ucrt:api-ms-win-crt-heap-l1-1-0.dll
 0000:ffff3000       .debug$S                   0000000140000000     vcruntime:VCRUNTIME140.dll
 0000:ffff3000       .debug$S                   0000000140000000     ucrt:api-ms-win-crt-runtime-l1-1-0.dll
 0000:ffff3000       .debug$S                   0000000140000000     ucrt:api-ms-win-crt-heap-l1-1-0.dll
 0000:ffff3000       .debug$S                   0000000140000000     ucrt:api-ms-win-crt-heap-l1-1-0.dll
 0000:ffff3000       .debug$S                   0000000140000000     ucrt:api-ms-win-crt-stdio-l1-1-0.dll
 0000:ffff3000       .debug$S                   0000000140000000     user32:USER32.dll
 0000:ffff3000       .debug$S                   0000000140000000     user32:USER32.dll
 0000:ffff3000       .debug$S                   0000000140000000     user32:USER32.dll
 0000:ffff3000       .debug$S                   0000000140000000     kernel32:KERNEL32.dll
 0000:ffff3000       .debug$S                   0000000140000000     kernel32:KERNEL32.dll
 0000:ffff3000       .debug$S                   0000000140000000     kernel32:KERNEL32.dll
 0000:ffff3000       .debug$S                   0000000140000000     kernel32:KERNEL32.dll
 0000:ffff3000       .debug$S                   0000000140000000     kernel32:KERNEL32.dll
 0000:ffff3000       .debug$S                   0000000140000000     kernel32:KERNEL32.dll
 0000:ffff3000       .debug$S                   0000000140000000     kernel32:KERNEL32.dll
 0000:ffff3000       .debug$S                   0000000140000000     kernel32:KERNEL32.dll
 0000:ffff3000       .debug$S                   0000000140000000     user32:USER32.dll
 0000:ffff3000       .debug$S                   0000000140000000     user32:USER32.dll
 0000:ffff3000       .debug$S                   0000000140000000     user32:USER32.dll
 0000:ffff3000       .debug$S                   0000000140000000     user32:USER32.dll
 0000:ffff3000       .debug$S                   0000000140000000     user32:USER32.dll
 0000:ffff3000       .debug$S                   0000000140000000     ole32:ole32.dll
 0000:ffff3000       .debug$S                   0000000140000000     user32:USER32.dll
 0000:ffff3000       .debug$S                   0000000140000000     d3dcompiler:D3DCOMPILER_47.dll
 0000:ffff3000       .debug$S                   0000000140000000     user32:USER32.dll
 0000:ffff3000       .debug$S                   0000000140000000     d3d11:d3d11.dll
 0000:ffff3000       .debug$S                   0000000140000000     user32:USER32.dll
 0000:ffff3000       .debug$S                   0000000140000000     user32:USER32.dll
 0001:00001630       ?wnd_proc@@YA_JPEAUHWND__@@I_K_J@Z 0000000140002630 f   unity_common.obj
 0001:00001680       ?get_client_rect@@YA?AUtagRECT@@PEAUHWND__@@@Z 0000000140002680 f   unity_common.obj
 0001:00001700       ?create_swap_chain@@YAXPEAUd3d_context@@PEAUdisplay_context@@@Z 0000000140002700 f   unity_common.obj
 0001:00001c00       ?compile_shader@@YAPEAUID3D10Blob@@PEBD_KW4shader_type@@0@Z 0000000140002c00 f   unity_common.obj
 0001:00001d30       ?sprite_batch_map@@YAXPEAUsprite_batch@@@Z 0000000140002d30 f   unity_common.obj
 0001:00001e10       ?sprite_batch_unmap@@YAXPEAUsprite_batch@@@Z 0000000140002e10 f   unity_common.obj
 0001:00001e90       ?sprite_batch_flush@@YAXPEAUsprite_batch@@@Z 0000000140002e90 f   unity_common.obj
 0001:00005680       $$000000                   0000000140006680     msvcrt:chkstk.obj
 0002:00000150       $SG125754                  0000000140007150     unity_common.obj
 0002:00000160       $SG125755                  0000000140007160     unity_common.obj
 0002:000001a8       $SG125756                  00000001400071a8     unity_common.obj
 0002:000001c8       $SG125789                  00000001400071c8     unity_common.obj
 0002:000001e0       $SG125791                  00000001400071e0     unity_common.obj
 0002:000001f0       $SG125792                  00000001400071f0     unity_common.obj
 0002:00000238       $SG125793                  0000000140007238     unity_common.obj
 0002:00000258       $SG125796                  0000000140007258     unity_common.obj
 0002:00000270       $SG125798                  0000000140007270     unity_common.obj
 0002:00000274       $SG125919                  0000000140007274     unity_common.obj
 0002:00000280       $SG125799                  0000000140007280     unity_common.obj
 0002:000002c8       $SG125800                  00000001400072c8     unity_common.obj
 0002:000002e8       $SG125858                  00000001400072e8     unity_common.obj
 0002:00000310       $SG125857                  0000000140007310     unity_common.obj
 0002:00000358       $SG125861                  0000000140007358     unity_common.obj
 0002:00000380       $SG125860                  0000000140007380     unity_common.obj
 0002:000003c8       $SG125864                  00000001400073c8     unity_common.obj
 0002:000003f0       $SG125863                  00000001400073f0     unity_common.obj
 0002:00000438       $SG125867                  0000000140007438     unity_common.obj
 0002:00000460       $SG125866                  0000000140007460     unity_common.obj
 0002:000004a8       $SG125870                  00000001400074a8     unity_common.obj
 0002:000004d0       $SG125869                  00000001400074d0     unity_common.obj
 0002:00000518       $SG125873                  0000000140007518     unity_common.obj
 0002:00000540       $SG125872                  0000000140007540     unity_common.obj
 0002:00000588       $SG125876                  0000000140007588     unity_common.obj
 0002:000005b0       $SG125875                  00000001400075b0     unity_common.obj
 0002:000005f8       $SG125901                  00000001400075f8     unity_common.obj
 0002:00000620       $SG125900                  0000000140007620     unity_common.obj
 0002:00000668       $SG125921                  0000000140007668     unity_common.obj
 0002:00000670       $SG125922                  0000000140007670     unity_common.obj
 0002:00000678       $SG125924                  0000000140007678     unity_common.obj
 0002:00000698       $SG125939                  0000000140007698     unity_common.obj
 0002:000006c0       $SG125938                  00000001400076c0     unity_common.obj
 0002:00000708       $SG125954                  0000000140007708     unity_common.obj
 0002:00000730       $SG125953                  0000000140007730     unity_common.obj
 0002:00000778       $SG126030                  0000000140007778     unity_common.obj
 0002:000007a0       $SG126029                  00000001400077a0     unity_common.obj
 0002:000007e8       $SG126033                  00000001400077e8     unity_common.obj
 0002:00000810       $SG126032                  0000000140007810     unity_common.obj
 0002:00000858       $SG126036                  0000000140007858     unity_common.obj
 0002:00000880       $SG126035                  0000000140007880     unity_common.obj
 0002:000008c8       $SG126039                  00000001400078c8     unity_common.obj
 0002:000008f0       $SG126038                  00000001400078f0     unity_common.obj
 0002:00000938       $SG126042                  0000000140007938     unity_common.obj
 0002:00000960       $SG126041                  0000000140007960     unity_common.obj
 0002:000009a8       $SG126045                  00000001400079a8     unity_common.obj
 0002:000009d0       $SG126044                  00000001400079d0     unity_common.obj
 0002:00000a18       $SG126048                  0000000140007a18     unity_common.obj
 0002:00000a40       $SG126047                  0000000140007a40     unity_common.obj
 0002:00000a88       $SG126051                  0000000140007a88     unity_common.obj
 0002:00000ab0       $SG126050                  0000000140007ab0     unity_common.obj
 0002:00000af8       $SG126054                  0000000140007af8     unity_common.obj
 0002:00000b20       $SG126053                  0000000140007b20     unity_common.obj
 0002:00000b68       $SG126115                  0000000140007b68     unity_common.obj
 0002:00000b90       ?sprite_shader@@3QBDB      0000000140007b90     unity_common.obj
 0002:00001244       $SG126147                  0000000140008244     unity_common.obj
 0002:00001250       $SG126114                  0000000140008250     unity_common.obj
 0002:000012a0       $SG126148                  00000001400082a0     unity_common.obj
 0002:000012a8       $SG126151                  00000001400082a8     unity_common.obj
 0002:000012d0       $SG126150                  00000001400082d0     unity_common.obj
 0002:00001320       $SG126153                  0000000140008320     unity_common.obj
 0002:00001370       $SG126154                  0000000140008370     unity_common.obj
 0002:00001398       $SG126157                  0000000140008398     unity_common.obj
 0002:000013c0       $SG126156                  00000001400083c0     unity_common.obj
 0002:00001410       $SG126337                  0000000140008410     unity_common.obj
 0002:00001458       $SG126338                  0000000140008458     unity_common.obj
 0002:00001480       $SG126348                  0000000140008480     unity_common.obj
 0002:000014c8       $SG126349                  00000001400084c8     unity_common.obj
 0002:000014f0       $SG126359                  00000001400084f0     unity_common.obj
 0002:00001538       $SG126360                  0000000140008538     unity_common.obj
 0002:00001560       $SG126370                  0000000140008560     unity_common.obj
 0002:000015a8       $SG126371                  00000001400085a8     unity_common.obj
 0002:000015d0       $SG126381                  00000001400085d0     unity_common.obj
 0002:00001618       $SG126382                  0000000140008618     unity_common.obj
 0002:000016d0       $SG143965                  00000001400086d0     unity_pathman.obj
 0002:000016e8       $SG143981                  00000001400086e8     unity_pathman.obj
 0002:00001da8       $unwind$??$_Uninitialized_move_al_unchecked@PEAUVector2@@PEAU1@V?$allocator@UVector2@@@std@@@std@@YAPEAUVector2@@PEAU1@QEAU1@1AEAV?$allocator@UVector2@@@0@U_General_ptr_iterator_tag@0@U_Unused_parameter@0@@Z 0000000140008da8     unity_pathman.obj
 0002:00001da8       $unwind$vsnprintf          0000000140008da8     unity_common.obj
 0002:00001db0       $unwind$?create_display@@YAXPEAUdisplay_context@@PEBDHHHH_N@Z 0000000140008db0     unity_common.obj
 0002:00001dbc       $unwind$?init_d3d@@YAXPEAUd3d_context@@PEAUdisplay_context@@_N@Z 0000000140008dbc     unity_common.obj
 0002:00001dc4       $unwind$?term_d3d@@YAXPEAUd3d_context@@@Z 0000000140008dc4     unity_common.obj
 0002:00001dcc       $unwind$?begin_frame@@YAXPEAUd3d_context@@@Z 0000000140008dcc     unity_common.obj
 0002:00001dd4       $unwind$?end_frame@@YAXPEAUd3d_context@@@Z 0000000140008dd4     unity_common.obj
 0002:00001ddc       $unwind$?compile_vertex_shader@@YAPEAUID3D11VertexShader@@PEAPEAUID3D10Blob@@PEAUd3d_context@@PEBD_K2@Z 0000000140008ddc     unity_common.obj
 0002:00001de4       $unwind$?compile_pixel_shader@@YAPEAUID3D11PixelShader@@PEAUd3d_context@@PEBD_K1@Z 0000000140008de4     unity_common.obj
 0002:00001dec       $unwind$?read_entire_file@@YAPEAXPEBDPEA_K@Z 0000000140008dec     unity_common.obj
 0002:00001df4       $unwind$?load_png@@YAXPEAUd3d_context@@PEAUtexture@@PEAX_K@Z 0000000140008df4     unity_common.obj
 0002:00001e00       $unwind$?debug_printf@@YAXPEBDZZ 0000000140008e00     unity_common.obj
 0002:00001e08       $unwind$?sprite_batch_init@@YAXPEAUsprite_batch@@PEAUd3d_context@@@Z 0000000140008e08     unity_common.obj
 0002:00001e14       $unwind$?sprite_batch_term@@YAXPEAUsprite_batch@@@Z 0000000140008e14     unity_common.obj
 0002:00001e1c       $unwind$?sprite_batch_begin@@YAXPEAUsprite_batch@@@Z 0000000140008e1c     unity_common.obj
 0002:00001e24       $unwind$?sprite_batch_end@@YAXPEAUsprite_batch@@@Z 0000000140008e24     unity_common.obj
 0002:00001e2c       $unwind$?sprite_batch_draw@@YAXPEAUsprite_batch@@PEAUtexture@@HHHHHHHH@Z 0000000140008e2c     unity_common.obj
 0002:00001e34       $unwind$?wnd_proc@@YA_JPEAUHWND__@@I_K_J@Z 0000000140008e34     unity_common.obj
 0002:00001e3c       $unwind$?get_client_rect@@YA?AUtagRECT@@PEAUHWND__@@@Z 0000000140008e3c     unity_common.obj
 0002:00001e48       $unwind$?create_swap_chain@@YAXPEAUd3d_context@@PEAUdisplay_context@@@Z 0000000140008e48     unity_common.obj
 0002:00001e54       $unwind$?compile_shader@@YAPEAUID3D10Blob@@PEBD_KW4shader_type@@0@Z 0000000140008e54     unity_common.obj
 0002:00001e5c       $unwind$?sprite_batch_map@@YAXPEAUsprite_batch@@@Z 0000000140008e5c     unity_common.obj
 0002:00001e64       $unwind$?sprite_batch_unmap@@YAXPEAUsprite_batch@@@Z 0000000140008e64     unity_common.obj
 0002:00001e6c       $unwind$?sprite_batch_flush@@YAXPEAUsprite_batch@@@Z 0000000140008e6c     unity_common.obj
 0002:00001e74       $unwind$??$com_cast@UID3D11Device5@@@@YAPEAUID3D11Device5@@PEAUIUnknown@@@Z 0000000140008e74     unity_common.obj
 0002:00001e74       $unwind$??$_Allocate_manually_vector_aligned@U_Default_allocate_traits@std@@@std@@YAPEAX_K@Z 0000000140008e74     unity_pathman.obj
 0002:00001e74       $unwind$??$com_cast@UIDXGIAdapter4@@@@YAPEAUIDXGIAdapter4@@PEAUIUnknown@@@Z 0000000140008e74     unity_common.obj
 0002:00001e74       $unwind$??$com_cast@UID3D11DeviceContext4@@@@YAPEAUID3D11DeviceContext4@@PEAUIUnknown@@@Z 0000000140008e74     unity_common.obj
 0002:00001e74       $unwind$??$com_cast@UIDXGISwapChain3@@@@YAPEAUIDXGISwapChain3@@PEAUIUnknown@@@Z 0000000140008e74     unity_common.obj
 0002:00001e74       $unwind$??$com_cast@UIDXGIDevice4@@@@YAPEAUIDXGIDevice4@@PEAUIUnknown@@@Z 0000000140008e74     unity_common.obj
 0002:00001e7c       $unwind$?_Get_data@?$_Vector_alloc@U?$_Vec_base_types@UVector2@@V?$allocator@UVector2@@@std@@@std@@@std@@QEBAAEBV?$_Vector_val@U?$_Simple_types@UVector2@@@std@@@2@XZ 0000000140008e7c     unity_pathman.obj
 0002:00001e7c       $unwind$?_Orphan_all@?$_Vector_alloc@U?$_Vec_base_types@PEAUcustomNode@@V?$allocator@PEAUcustomNode@@@std@@@std@@@std@@QEAAXXZ 0000000140008e7c     unity_pathman.obj
 0002:00001e7c       $unwind$?_Myfirst@?$_Vector_alloc@U?$_Vec_base_types@PEAUcustomNode@@V?$allocator@PEAUcustomNode@@@std@@@std@@@std@@QEAAAEAPEAPEAUcustomNode@@XZ 0000000140008e7c     unity_pathman.obj
 0002:00001e7c       $unwind$??1?$vector@UVector2@@V?$allocator@UVector2@@@std@@@std@@QEAA@XZ 0000000140008e7c     unity_pathman.obj
 0002:00001e7c       $unwind$??1?$_Uninitialized_backout_al@PEAUVector2@@V?$allocator@UVector2@@@std@@@std@@QEAA@XZ 0000000140008e7c     unity_pathman.obj
 0002:00001e7c       $unwind$?_Allocate@_Default_allocate_traits@std@@SAPEAX_K@Z 0000000140008e7c     unity_pathman.obj
 0002:00001e7c       $unwind$?_Get_data@?$_Vector_alloc@U?$_Vec_base_types@PEAUcustomNode@@V?$allocator@PEAUcustomNode@@@std@@@std@@@std@@QEBAAEBV?$_Vector_val@U?$_Simple_types@PEAUcustomNode@@@std@@@2@XZ 0000000140008e7c     unity_pathman.obj
 0002:00001e7c       $unwind$?_Myend@?$_Vector_alloc@U?$_Vec_base_types@UVector2@@V?$allocator@UVector2@@@std@@@std@@@std@@QEAAAEAPEAUVector2@@XZ 0000000140008e7c     unity_pathman.obj
 0002:00001e7c       $unwind$?_Myfirst@?$_Vector_alloc@U?$_Vec_base_types@PEAUcustomNode@@V?$allocator@PEAUcustomNode@@@std@@@std@@@std@@QEBAAEBQEAPEAUcustomNode@@XZ 0000000140008e7c     unity_pathman.obj
 0002:00001e7c       $unwind$?_Mylast@?$_Vector_alloc@U?$_Vec_base_types@UVector2@@V?$allocator@UVector2@@@std@@@std@@@std@@QEBAAEBQEAUVector2@@XZ 0000000140008e7c     unity_pathman.obj
 0002:00001e7c       $unwind$??0?$vector@UVector2@@V?$allocator@UVector2@@@std@@@std@@QEAA@XZ 0000000140008e7c     unity_pathman.obj
 0002:00001e7c       $unwind$?_Getal@?$_Vector_alloc@U?$_Vec_base_types@UVector2@@V?$allocator@UVector2@@@std@@@std@@@std@@QEAAAEAV?$allocator@UVector2@@@2@XZ 0000000140008e7c     unity_pathman.obj
 0002:00001e7c       $unwind$?_Get_data@?$_Vector_alloc@U?$_Vec_base_types@UVector2@@V?$allocator@UVector2@@@std@@@std@@@std@@QEAAAEAV?$_Vector_val@U?$_Simple_types@UVector2@@@std@@@2@XZ 0000000140008e7c     unity_pathman.obj
 0002:00001e7c       $unwind$?_Myfirst@?$_Vector_alloc@U?$_Vec_base_types@UVector2@@V?$allocator@UVector2@@@std@@@std@@@std@@QEBAAEBQEAUVector2@@XZ 0000000140008e7c     unity_pathman.obj
 0002:00001e7c       $unwind$?_Mylast@?$_Vector_alloc@U?$_Vec_base_types@PEAUcustomNode@@V?$allocator@PEAUcustomNode@@@std@@@std@@@std@@QEBAAEBQEAPEAUcustomNode@@XZ 0000000140008e7c     unity_pathman.obj
 0002:00001e7c       $unwind$?_Get_data@?$_Vector_alloc@U?$_Vec_base_types@PEAUcustomNode@@V?$allocator@PEAUcustomNode@@@std@@@std@@@std@@QEAAAEAV?$_Vector_val@U?$_Simple_types@PEAUcustomNode@@@std@@@2@XZ 0000000140008e7c     unity_pathman.obj
 0002:00001e7c       $unwind$?_Myend@?$_Vector_alloc@U?$_Vec_base_types@PEAUcustomNode@@V?$allocator@PEAUcustomNode@@@std@@@std@@@std@@QEAAAEAPEAPEAUcustomNode@@XZ 0000000140008e7c     unity_pathman.obj
 0002:00001e7c       $unwind$?_Getal@?$_Vector_alloc@U?$_Vec_base_types@UVector2@@V?$allocator@UVector2@@@std@@@std@@@std@@QEBAAEBV?$allocator@UVector2@@@2@XZ 0000000140008e7c     unity_pathman.obj
 0002:00001e7c       $unwind$?_Myend@?$_Vector_alloc@U?$_Vec_base_types@PEAUcustomNode@@V?$allocator@PEAUcustomNode@@@std@@@std@@@std@@QEBAAEBQEAPEAUcustomNode@@XZ 0000000140008e7c     unity_pathman.obj
 0002:00001e7c       $unwind$?_Orphan_all@?$_Vector_alloc@U?$_Vec_base_types@UVector2@@V?$allocator@UVector2@@@std@@@std@@@std@@QEAAXXZ 0000000140008e7c     unity_pathman.obj
 0002:00001e7c       $unwind$??0?$vector@PEAUcustomNode@@V?$allocator@PEAUcustomNode@@@std@@@std@@QEAA@XZ 0000000140008e7c     unity_pathman.obj
 0002:00001e7c       $unwind$?_Getal@?$_Vector_alloc@U?$_Vec_base_types@PEAUcustomNode@@V?$allocator@PEAUcustomNode@@@std@@@std@@@std@@QEAAAEAV?$allocator@PEAUcustomNode@@@2@XZ 0000000140008e7c     unity_pathman.obj
 0002:00001e7c       $unwind$?_Unchecked_end@?$vector@PEAUcustomNode@@V?$allocator@PEAUcustomNode@@@std@@@std@@QEAAPEAPEAUcustomNode@@XZ 0000000140008e7c     unity_pathman.obj
 0002:00001e7c       $unwind$?_Mylast@?$_Vector_alloc@U?$_Vec_base_types@UVector2@@V?$allocator@UVector2@@@std@@@std@@@std@@QEAAAEAPEAUVector2@@XZ 0000000140008e7c     unity_pathman.obj
 0002:00001e7c       $unwind$?_Unchecked_begin@?$vector@PEAUcustomNode@@V?$allocator@PEAUcustomNode@@@std@@@std@@QEAAPEAPEAUcustomNode@@XZ 0000000140008e7c     unity_pathman.obj
 0002:00001e7c       $unwind$??$_Allocate@$0BA@U_Default_allocate_traits@std@@$0A@@std@@YAPEAX_K@Z 0000000140008e7c     unity_pathman.obj
 0002:00001e7c       $unwind$??1?$vector@PEAUcustomNode@@V?$allocator@PEAUcustomNode@@@std@@@std@@QEAA@XZ 0000000140008e7c     unity_pathman.obj
 0002:00001e7c       $unwind$?_Myfirst@?$_Vector_alloc@U?$_Vec_base_types@UVector2@@V?$allocator@UVector2@@@std@@@std@@@std@@QEAAAEAPEAUVector2@@XZ 0000000140008e7c     unity_pathman.obj
 0002:00001e7c       $unwind$?_Myend@?$_Vector_alloc@U?$_Vec_base_types@UVector2@@V?$allocator@UVector2@@@std@@@std@@@std@@QEBAAEBQEAUVector2@@XZ 0000000140008e7c     unity_pathman.obj
 0002:00001e7c       $unwind$?_Mylast@?$_Vector_alloc@U?$_Vec_base_types@PEAUcustomNode@@V?$allocator@PEAUcustomNode@@@std@@@std@@@std@@QEAAAEAPEAPEAUcustomNode@@XZ 0000000140008e7c     unity_pathman.obj
 0002:00001e7c       $unwind$?_Getal@?$_Vector_alloc@U?$_Vec_base_types@PEAUcustomNode@@V?$allocator@PEAUcustomNode@@@std@@@std@@@std@@QEBAAEBV?$allocator@PEAUcustomNode@@@2@XZ 0000000140008e7c     unity_pathman.obj
 0002:00001e84       $unwind$??$emplace_back@AEBQEAUcustomNode@@@?$vector@PEAUcustomNode@@V?$allocator@PEAUcustomNode@@@std@@@std@@QEAAAEAPEAUcustomNode@@AEBQEAU2@@Z 0000000140008e84     unity_pathman.obj
 0002:00001e84       $unwind$??$_Emplace_back@UVector2@@@?$_Uninitialized_backout_al@PEAUVector2@@V?$allocator@UVector2@@@std@@@std@@QEAAX$$QEAUVector2@@@Z 0000000140008e84     unity_pathman.obj
 0002:00001e84       $unwind$?_Calculate_growth@?$vector@PEAUcustomNode@@V?$allocator@PEAUcustomNode@@@std@@@std@@AEBA_K_K@Z 0000000140008e84     unity_pathman.obj
 0002:00001e84       $unwind$?_Calculate_growth@?$vector@UVector2@@V?$allocator@UVector2@@@std@@@std@@AEBA_K_K@Z 0000000140008e84     unity_pathman.obj
 0002:00001e84       $unwind$?_Buy@?$vector@PEAUcustomNode@@V?$allocator@PEAUcustomNode@@@std@@@std@@AEAA_N_K@Z 0000000140008e84     unity_pathman.obj
 0002:00001e84       $unwind$??$emplace_back@UVector2@@@?$vector@UVector2@@V?$allocator@UVector2@@@std@@@std@@QEAAAEAUVector2@@$$QEAU2@@Z 0000000140008e84     unity_pathman.obj
 0002:00001e84       $unwind$?_Adjust_manually_vector_aligned@std@@YAXAEAPEAXAEA_K@Z 0000000140008e84     unity_pathman.obj
 0002:00001e84       $unwind$??$?0V?$allocator@PEAUcustomNode@@@std@@X@?$_Vector_alloc@U?$_Vec_base_types@PEAUcustomNode@@V?$allocator@PEAUcustomNode@@@std@@@std@@@std@@QEAA@$$QEAV?$allocator@PEAUcustomNode@@@1@@Z 0000000140008e84     unity_pathman.obj
 0002:00001e8c       $unwind$??$_Min_value@_K@std@@YAAEB_KAEB_K0@Z 0000000140008e8c     unity_pathman.obj
 0002:00001e94       $unwind$?draw_sprite@@YAXPEAUsprite_batch@@PEAUtexture@@HHHH@Z 0000000140008e94     unity_pathman.obj
 0002:00001e9c       $unwind$?manhattanFinder@@YAHUVector2@@0@Z 0000000140008e9c     unity_pathman.obj
 0002:00001ea4       $unwind$?getSquareLowestFScore@@YAPEAUcustomNode@@V?$vector@PEAUcustomNode@@V?$allocator@PEAUcustomNode@@@std@@@std@@@Z 0000000140008ea4     unity_pathman.obj
 0002:00001eac       $unwind$?removeFromVector@@YAXPEAUcustomNode@@AEAV?$vector@PEAUcustomNode@@V?$allocator@PEAUcustomNode@@@std@@@std@@@Z 0000000140008eac     unity_pathman.obj
 0002:00001eb4       $unwind$?vectorContains@@YA_NPEAUcustomNode@@AEAV?$vector@PEAUcustomNode@@V?$allocator@PEAUcustomNode@@@std@@@std@@@Z 0000000140008eb4     unity_pathman.obj
 0002:00001ebc       $unwind$?GetObjectAtWorldPos@@YAEHH@Z 0000000140008ebc     unity_pathman.obj
 0002:00001ec4       $unwind$?getAdjacentSquares@@YA?AV?$vector@PEAUcustomNode@@V?$allocator@PEAUcustomNode@@@std@@@std@@PEAUcustomNode@@0@Z 0000000140008ec4     unity_pathman.obj
 0002:00001ed0       $unwind$?PathFind@@YAXXZ   0000000140008ed0     unity_pathman.obj
 0002:00001edc       $unwind$?render@@YAXPEAUd3d_context@@PEAUsprite_batch@@PEAUtexture@@@Z 0000000140008edc     unity_pathman.obj
 0002:00001ee4       $unwind$?load_sprite_sheet@@YAXPEAUtexture@@PEAUd3d_context@@@Z 0000000140008ee4     unity_pathman.obj
 0002:00001eec       $unwind$main               0000000140008eec     unity_pathman.obj
 0002:00001ef4       $unwind$??0?$_Vector_iterator@V?$_Vector_val@U?$_Simple_types@PEAUcustomNode@@@std@@@std@@@std@@QEAA@PEAPEAUcustomNode@@PEBU_Container_base0@1@@Z 0000000140008ef4     unity_pathman.obj
 0002:00001ef4       $unwind$?_Destroy@?$vector@PEAUcustomNode@@V?$allocator@PEAUcustomNode@@@std@@@std@@AEAAXPEAPEAUcustomNode@@0@Z 0000000140008ef4     unity_pathman.obj
 0002:00001ef4       $unwind$??0?$_Vector_const_iterator@V?$_Vector_val@U?$_Simple_types@PEAUcustomNode@@@std@@@std@@@std@@QEAA@PEAPEAUcustomNode@@PEBU_Container_base0@1@@Z 0000000140008ef4     unity_pathman.obj
 0002:00001ef4       $unwind$?deallocate@?$allocator@UVector2@@@std@@QEAAXQEAUVector2@@_K@Z 0000000140008ef4     unity_pathman.obj
 0002:00001ef4       $unwind$?deallocate@?$allocator@PEAUcustomNode@@@std@@QEAAXQEAPEAUcustomNode@@_K@Z 0000000140008ef4     unity_pathman.obj
 0002:00001ef4       $unwind$?_Destroy@?$vector@UVector2@@V?$allocator@UVector2@@@std@@@std@@AEAAXPEAUVector2@@0@Z 0000000140008ef4     unity_pathman.obj
 0002:00001efc       $unwind$??Y?$_Vector_const_iterator@V?$_Vector_val@U?$_Simple_types@PEAUcustomNode@@@std@@@std@@@std@@QEAAAEAV01@_J@Z 0000000140008efc     unity_pathman.obj
 0002:00001efc       $unwind$??$_Deallocate@$0BA@$0A@@std@@YAXPEAX_K@Z 0000000140008efc     unity_pathman.obj
 0002:00001efc       $unwind$??A?$vector@UVector2@@V?$allocator@UVector2@@@std@@@std@@QEAAAEAUVector2@@_K@Z 0000000140008efc     unity_pathman.obj
 0002:00001efc       $unwind$??Y?$_Vector_iterator@V?$_Vector_val@U?$_Simple_types@PEAUcustomNode@@@std@@@std@@@std@@QEAAAEAV01@_J@Z 0000000140008efc     unity_pathman.obj
 0002:00001efc       $unwind$?push_back@?$vector@UVector2@@V?$allocator@UVector2@@@std@@@std@@QEAAX$$QEAUVector2@@@Z 0000000140008efc     unity_pathman.obj
 0002:00001efc       $unwind$?allocate@?$allocator@PEAUcustomNode@@@std@@QEAAPEAPEAUcustomNode@@_K@Z 0000000140008efc     unity_pathman.obj
 0002:00001efc       $unwind$?at@?$vector@PEAUcustomNode@@V?$allocator@PEAUcustomNode@@@std@@@std@@QEAAAEAPEAUcustomNode@@_K@Z 0000000140008efc     unity_pathman.obj
 0002:00001efc       $unwind$?push_back@?$vector@PEAUcustomNode@@V?$allocator@PEAUcustomNode@@@std@@@std@@QEAAXAEBQEAUcustomNode@@@Z 0000000140008efc     unity_pathman.obj
 0002:00001efc       $unwind$?allocate@?$allocator@UVector2@@@std@@QEAAPEAUVector2@@_K@Z 0000000140008efc     unity_pathman.obj
 0002:00001f04       $unwind$?size@?$vector@UVector2@@V?$allocator@UVector2@@@std@@@std@@QEBA_KXZ 0000000140008f04     unity_pathman.obj
 0002:00001f04       $unwind$?max_size@?$vector@UVector2@@V?$allocator@UVector2@@@std@@@std@@QEBA_KXZ 0000000140008f04     unity_pathman.obj
 0002:00001f04       $unwind$?capacity@?$vector@UVector2@@V?$allocator@UVector2@@@std@@@std@@QEBA_KXZ 0000000140008f04     unity_pathman.obj
 0002:00001f04       $unwind$?_Has_unused_capacity@?$vector@UVector2@@V?$allocator@UVector2@@@std@@@std@@AEBA_NXZ 0000000140008f04     unity_pathman.obj
 0002:00001f04       $unwind$?_Has_unused_capacity@?$vector@PEAUcustomNode@@V?$allocator@PEAUcustomNode@@@std@@@std@@AEBA_NXZ 0000000140008f04     unity_pathman.obj
 0002:00001f04       $unwind$??0?$_Vector_alloc@U?$_Vec_base_types@UVector2@@V?$allocator@UVector2@@@std@@@std@@@std@@QEAA@XZ 0000000140008f04     unity_pathman.obj
 0002:00001f04       $unwind$?capacity@?$vector@PEAUcustomNode@@V?$allocator@PEAUcustomNode@@@std@@@std@@QEBA_KXZ 0000000140008f04     unity_pathman.obj
 0002:00001f04       $unwind$?empty@?$vector@PEAUcustomNode@@V?$allocator@PEAUcustomNode@@@std@@@std@@QEBA_NXZ 0000000140008f04     unity_pathman.obj
 0002:00001f04       $unwind$??0?$_Vector_alloc@U?$_Vec_base_types@PEAUcustomNode@@V?$allocator@PEAUcustomNode@@@std@@@std@@@std@@QEAA@XZ 0000000140008f04     unity_pathman.obj
 0002:00001f04       $unwind$?size@?$vector@PEAUcustomNode@@V?$allocator@PEAUcustomNode@@@std@@@std@@QEBA_KXZ 0000000140008f04     unity_pathman.obj
 0002:00001f04       $unwind$?max_size@?$vector@PEAUcustomNode@@V?$allocator@PEAUcustomNode@@@std@@@std@@QEBA_KXZ 0000000140008f04     unity_pathman.obj
 0002:00001f0c       $unwind$?begin@?$vector@PEAUcustomNode@@V?$allocator@PEAUcustomNode@@@std@@@std@@QEAA?AV?$_Vector_iterator@V?$_Vector_val@U?$_Simple_types@PEAUcustomNode@@@std@@@std@@@2@XZ 0000000140008f0c     unity_pathman.obj
 0002:00001f0c       $unwind$?_Swap_all@?$_Vector_alloc@U?$_Vec_base_types@PEAUcustomNode@@V?$allocator@PEAUcustomNode@@@std@@@std@@@std@@QEAAXAEAV12@@Z 0000000140008f0c     unity_pathman.obj
 0002:00001f14       $unwind$??0?$vector@PEAUcustomNode@@V?$allocator@PEAUcustomNode@@@std@@@std@@QEAA@AEBV01@@Z 0000000140008f14     unity_pathman.obj
 0002:00001f1c       $unwind$?erase@?$vector@PEAUcustomNode@@V?$allocator@PEAUcustomNode@@@std@@@std@@QEAA?AV?$_Vector_iterator@V?$_Vector_val@U?$_Simple_types@PEAUcustomNode@@@std@@@std@@@2@V?$_Vector_const_iterator@V?$_Vector_val@U?$_Simple_types@PEAUcustomNode@@@std@@@std@@@2@@Z 0000000140008f1c     unity_pathman.obj
 0002:00001f1c       $unwind$??$_Copy_memmove@PEAPEAUcustomNode@@PEAPEAU1@@std@@YAPEAPEAUcustomNode@@PEAPEAU1@00@Z 0000000140008f1c     unity_pathman.obj
 0002:00001f1c       $unwind$?_Move_from@?$vector@PEAUcustomNode@@V?$allocator@PEAUcustomNode@@@std@@@std@@AEAAX$$QEAV12@U?$integral_constant@_N$00@2@@Z 0000000140008f1c     unity_pathman.obj
 0002:00001f24       $unwind$??0?$vector@PEAUcustomNode@@V?$allocator@PEAUcustomNode@@@std@@@std@@QEAA@$$QEAV01@@Z 0000000140008f24     unity_pathman.obj
[...]
 0004:00000234       $pdata$?_Get_data@?$_Vector_alloc@U?$_Vec_base_types@UVector2@@V?$allocator@UVector2@@@std@@@std@@@std@@QEBAAEBV?$_Vector_val@U?$_Simple_types@UVector2@@@std@@@2@XZ 000000014000b234     unity_pathman.obj
 0004:00000234       $pdata$?_Getal@?$_Vector_alloc@U?$_Vec_base_types@PEAUcustomNode@@V?$allocator@PEAUcustomNode@@@std@@@std@@@std@@QEBAAEBV?$allocator@PEAUcustomNode@@@2@XZ 000000014000b234     unity_pathman.obj
 0004:00000234       $pdata$?_Get_data@?$_Vector_alloc@U?$_Vec_base_types@UVector2@@V?$allocator@UVector2@@@std@@@std@@@std@@QEAAAEAV?$_Vector_val@U?$_Simple_types@UVector2@@@std@@@2@XZ 000000014000b234     unity_pathman.obj
 0004:00000234       $pdata$?_Getal@?$_Vector_alloc@U?$_Vec_base_types@PEAUcustomNode@@V?$allocator@PEAUcustomNode@@@std@@@std@@@std@@QEAAAEAV?$allocator@PEAUcustomNode@@@2@XZ 000000014000b234     unity_pathman.obj
 0004:00000240       $pdata$?_Myfirst@?$_Vector_alloc@U?$_Vec_base_types@UVector2@@V?$allocator@UVector2@@@std@@@std@@@std@@QEAAAEAPEAUVector2@@XZ 000000014000b240     unity_pathman.obj
 0004:00000240       $pdata$?_Myfirst@?$_Vector_alloc@U?$_Vec_base_types@PEAUcustomNode@@V?$allocator@PEAUcustomNode@@@std@@@std@@@std@@QEBAAEBQEAPEAUcustomNode@@XZ 000000014000b240     unity_pathman.obj
 0004:00000240       $pdata$?_Myfirst@?$_Vector_alloc@U?$_Vec_base_types@UVector2@@V?$allocator@UVector2@@@std@@@std@@@std@@QEBAAEBQEAUVector2@@XZ 000000014000b240     unity_pathman.obj
 0004:00000240       $pdata$?_Myfirst@?$_Vector_alloc@U?$_Vec_base_types@PEAUcustomNode@@V?$allocator@PEAUcustomNode@@@std@@@std@@@std@@QEAAAEAPEAPEAUcustomNode@@XZ 000000014000b240     unity_pathman.obj
 0004:0000024c       $pdata$?_Mylast@?$_Vector_alloc@U?$_Vec_base_types@PEAUcustomNode@@V?$allocator@PEAUcustomNode@@@std@@@std@@@std@@QEAAAEAPEAPEAUcustomNode@@XZ 000000014000b24c     unity_pathman.obj
 0004:0000024c       $pdata$?_Mylast@?$_Vector_alloc@U?$_Vec_base_types@UVector2@@V?$allocator@UVector2@@@std@@@std@@@std@@QEAAAEAPEAUVector2@@XZ 000000014000b24c     unity_pathman.obj
 0004:0000024c       $pdata$?_Mylast@?$_Vector_alloc@U?$_Vec_base_types@PEAUcustomNode@@V?$allocator@PEAUcustomNode@@@std@@@std@@@std@@QEBAAEBQEAPEAUcustomNode@@XZ 000000014000b24c     unity_pathman.obj
 0004:0000024c       $pdata$?_Mylast@?$_Vector_alloc@U?$_Vec_base_types@UVector2@@V?$allocator@UVector2@@@std@@@std@@@std@@QEBAAEBQEAUVector2@@XZ 000000014000b24c     unity_pathman.obj
 0004:00000258       $pdata$?_Myend@?$_Vector_alloc@U?$_Vec_base_types@PEAUcustomNode@@V?$allocator@PEAUcustomNode@@@std@@@std@@@std@@QEAAAEAPEAPEAUcustomNode@@XZ 000000014000b258     unity_pathman.obj
 0004:00000258       $pdata$?_Myend@?$_Vector_alloc@U?$_Vec_base_types@UVector2@@V?$allocator@UVector2@@@std@@@std@@@std@@QEAAAEAPEAUVector2@@XZ 000000014000b258     unity_pathman.obj
 0004:00000258       $pdata$?_Myend@?$_Vector_alloc@U?$_Vec_base_types@PEAUcustomNode@@V?$allocator@PEAUcustomNode@@@std@@@std@@@std@@QEBAAEBQEAPEAUcustomNode@@XZ 000000014000b258     unity_pathman.obj
 0004:00000258       $pdata$?_Myend@?$_Vector_alloc@U?$_Vec_base_types@UVector2@@V?$allocator@UVector2@@@std@@@std@@@std@@QEBAAEBQEAUVector2@@XZ 000000014000b258     unity_pathman.obj
 0004:00000264       $pdata$??0?$vector@UVector2@@V?$allocator@UVector2@@@std@@@std@@QEAA@XZ 000000014000b264     unity_pathman.obj
 0004:00000264       $pdata$??0?$vector@PEAUcustomNode@@V?$allocator@PEAUcustomNode@@@std@@@std@@QEAA@XZ 000000014000b264     unity_pathman.obj
 0004:00000270       $pdata$??0?$vector@PEAUcustomNode@@V?$allocator@PEAUcustomNode@@@std@@@std@@QEAA@AEBV01@@Z 000000014000b270     unity_pathman.obj
 0004:0000027c       $pdata$?_Move_from@?$vector@PEAUcustomNode@@V?$allocator@PEAUcustomNode@@@std@@@std@@AEAAX$$QEAV12@U?$integral_constant@_N$00@2@@Z 000000014000b27c     unity_pathman.obj
 0004:00000288       $pdata$??0?$vector@PEAUcustomNode@@V?$allocator@PEAUcustomNode@@@std@@@std@@QEAA@$$QEAV01@@Z 000000014000b288     unity_pathman.obj
 0004:00000294       $pdata$??1?$vector@PEAUcustomNode@@V?$allocator@PEAUcustomNode@@@std@@@std@@QEAA@XZ 000000014000b294     unity_pathman.obj
 0004:00000294       $pdata$??1?$vector@UVector2@@V?$allocator@UVector2@@@std@@@std@@QEAA@XZ 000000014000b294     unity_pathman.obj
 0004:000002a0       $pdata$?push_back@?$vector@PEAUcustomNode@@V?$allocator@PEAUcustomNode@@@std@@@std@@QEAAXAEBQEAUcustomNode@@@Z 000000014000b2a0     unity_pathman.obj
 0004:000002ac       $pdata$?erase@?$vector@PEAUcustomNode@@V?$allocator@PEAUcustomNode@@@std@@@std@@QEAA?AV?$_Vector_iterator@V?$_Vector_val@U?$_Simple_types@PEAUcustomNode@@@std@@@std@@@2@V?$_Vector_const_iterator@V?$_Vector_val@U?$_Simple_types@PEAUcustomNode@@@std@@@std@@@2@@Z 000000014000b2ac     unity_pathman.obj
 0004:000002b8       $pdata$?begin@?$vector@PEAUcustomNode@@V?$allocator@PEAUcustomNode@@@std@@@std@@QEAA?AV?$_Vector_iterator@V?$_Vector_val@U?$_Simple_types@PEAUcustomNode@@@std@@@std@@@2@XZ 000000014000b2b8     unity_pathman.obj
 0004:000002c4       $pdata$?_Unchecked_begin@?$vector@PEAUcustomNode@@V?$allocator@PEAUcustomNode@@@std@@@std@@QEAAPEAPEAUcustomNode@@XZ 000000014000b2c4     unity_pathman.obj
 0004:000002d0       $pdata$?_Unchecked_end@?$vector@PEAUcustomNode@@V?$allocator@PEAUcustomNode@@@std@@@std@@QEAAPEAPEAUcustomNode@@XZ 000000014000b2d0     unity_pathman.obj
 0004:000002dc       $pdata$?empty@?$vector@PEAUcustomNode@@V?$allocator@PEAUcustomNode@@@std@@@std@@QEBA_NXZ 000000014000b2dc     unity_pathman.obj
 0004:000002e8       $pdata$?size@?$vector@UVector2@@V?$allocator@UVector2@@@std@@@std@@QEBA_KXZ 000000014000b2e8     unity_pathman.obj
 0004:000002e8       $pdata$?size@?$vector@PEAUcustomNode@@V?$allocator@PEAUcustomNode@@@std@@@std@@QEBA_KXZ 000000014000b2e8     unity_pathman.obj
 0004:000002f4       $pdata$?max_size@?$vector@UVector2@@V?$allocator@UVector2@@@std@@@std@@QEBA_KXZ 000000014000b2f4     unity_pathman.obj
 0004:000002f4       $pdata$?max_size@?$vector@PEAUcustomNode@@V?$allocator@PEAUcustomNode@@@std@@@std@@QEBA_KXZ 000000014000b2f4     unity_pathman.obj
 0004:00000300       $pdata$?capacity@?$vector@UVector2@@V?$allocator@UVector2@@@std@@@std@@QEBA_KXZ 000000014000b300     unity_pathman.obj
 0004:00000300       $pdata$?capacity@?$vector@PEAUcustomNode@@V?$allocator@PEAUcustomNode@@@std@@@std@@QEBA_KXZ 000000014000b300     unity_pathman.obj
 0004:0000030c       $pdata$?_Has_unused_capacity@?$vector@UVector2@@V?$allocator@UVector2@@@std@@@std@@AEBA_NXZ 000000014000b30c     unity_pathman.obj
 0004:0000030c       $pdata$?_Has_unused_capacity@?$vector@PEAUcustomNode@@V?$allocator@PEAUcustomNode@@@std@@@std@@AEBA_NXZ 000000014000b30c     unity_pathman.obj
 0004:00000318       $pdata$?at@?$vector@PEAUcustomNode@@V?$allocator@PEAUcustomNode@@@std@@@std@@QEAAAEAPEAUcustomNode@@_K@Z 000000014000b318     unity_pathman.obj
 0004:00000324       $pdata$?_Umove_if_noexcept1@?$vector@PEAUcustomNode@@V?$allocator@PEAUcustomNode@@@std@@@std@@AEAAXPEAPEAUcustomNode@@00U?$integral_constant@_N$00@2@@Z 000000014000b324     unity_pathman.obj
 0004:00000324       $pdata$?_Umove@?$vector@PEAUcustomNode@@V?$allocator@PEAUcustomNode@@@std@@@std@@AEAAPEAPEAUcustomNode@@PEAPEAU3@00@Z 000000014000b324     unity_pathman.obj
 0004:00000324       $pdata$??$_Ucopy@PEAPEAUcustomNode@@@?$vector@PEAUcustomNode@@V?$allocator@PEAUcustomNode@@@std@@@std@@AEAAPEAPEAUcustomNode@@PEAPEAU2@00@Z 000000014000b324     unity_pathman.obj
 0004:00000330       $pdata$?_Umove_if_noexcept@?$vector@PEAUcustomNode@@V?$allocator@PEAUcustomNode@@@std@@@std@@AEAAXPEAPEAUcustomNode@@00@Z 000000014000b330     unity_pathman.obj
 0004:0000033c       $pdata$?_Destroy@?$vector@PEAUcustomNode@@V?$allocator@PEAUcustomNode@@@std@@@std@@AEAAXPEAPEAUcustomNode@@0@Z 000000014000b33c     unity_pathman.obj
 0004:0000033c       $pdata$?_Destroy@?$vector@UVector2@@V?$allocator@UVector2@@@std@@@std@@AEAAXPEAUVector2@@0@Z 000000014000b33c     unity_pathman.obj
 0004:00000348       $pdata$?_Calculate_growth@?$vector@PEAUcustomNode@@V?$allocator@PEAUcustomNode@@@std@@@std@@AEBA_K_K@Z 000000014000b348     unity_pathman.obj
 0004:00000348       $pdata$?_Calculate_growth@?$vector@UVector2@@V?$allocator@UVector2@@@std@@@std@@AEBA_K_K@Z 000000014000b348     unity_pathman.obj
 0004:00000354       $pdata$?_Buy@?$vector@PEAUcustomNode@@V?$allocator@PEAUcustomNode@@@std@@@std@@AEAA_N_K@Z 000000014000b354     unity_pathman.obj
 0004:00000360       $pdata$?_Change_array@?$vector@UVector2@@V?$allocator@UVector2@@@std@@@std@@AEAAXQEAUVector2@@_K1@Z 000000014000b360     unity_pathman.obj
 0004:00000360       $pdata$?_Change_array@?$vector@PEAUcustomNode@@V?$allocator@PEAUcustomNode@@@std@@@std@@AEAAXQEAPEAUcustomNode@@_K1@Z 000000014000b360     unity_pathman.obj
 0004:0000036c       $pdata$?_Tidy@?$vector@PEAUcustomNode@@V?$allocator@PEAUcustomNode@@@std@@@std@@AEAAXXZ 000000014000b36c     unity_pathman.obj
 0004:0000036c       $pdata$?_Tidy@?$vector@UVector2@@V?$allocator@UVector2@@@std@@@std@@AEAAXXZ 000000014000b36c     unity_pathman.obj
 0004:00000378       $pdata$?_Xlength@?$vector@PEAUcustomNode@@V?$allocator@PEAUcustomNode@@@std@@@std@@CAXXZ 000000014000b378     unity_pathman.obj
 0004:00000378       $pdata$?_Xlength@?$vector@UVector2@@V?$allocator@UVector2@@@std@@@std@@CAXXZ 000000014000b378     unity_pathman.obj
 0004:00000384       $pdata$?_Xrange@?$vector@PEAUcustomNode@@V?$allocator@PEAUcustomNode@@@std@@@std@@CAXXZ 000000014000b384     unity_pathman.obj
 0004:00000390       $pdata$??0?$_Vector_const_iterator@V?$_Vector_val@U?$_Simple_types@PEAUcustomNode@@@std@@@std@@@std@@QEAA@PEAPEAUcustomNode@@PEBU_Container_base0@1@@Z 000000014000b390     unity_pathman.obj
 0004:0000039c       $pdata$??Y?$_Vector_const_iterator@V?$_Vector_val@U?$_Simple_types@PEAUcustomNode@@@std@@@std@@@std@@QEAAAEAV01@_J@Z 000000014000b39c     unity_pathman.obj
 0004:000003a8       $pdata$??0?$_Vector_iterator@V?$_Vector_val@U?$_Simple_types@PEAUcustomNode@@@std@@@std@@@std@@QEAA@PEAPEAUcustomNode@@PEBU_Container_base0@1@@Z 000000014000b3a8     unity_pathman.obj
 0004:000003b4       $pdata$??Y?$_Vector_iterator@V?$_Vector_val@U?$_Simple_types@PEAUcustomNode@@@std@@@std@@@std@@QEAAAEAV01@_J@Z 000000014000b3b4     unity_pathman.obj
 0004:000003c0       $pdata$??H?$_Vector_iterator@V?$_Vector_val@U?$_Simple_types@PEAUcustomNode@@@std@@@std@@@std@@QEBA?AV01@_J@Z 000000014000b3c0     unity_pathman.obj
 0004:000003cc       $pdata$?push_back@?$vector@UVector2@@V?$allocator@UVector2@@@std@@@std@@QEAAX$$QEAUVector2@@@Z 000000014000b3cc     unity_pathman.obj
 0004:000003d8       $pdata$??A?$vector@UVector2@@V?$allocator@UVector2@@@std@@@std@@QEAAAEAUVector2@@_K@Z 000000014000b3d8     unity_pathman.obj
 0004:000003e4       $pdata$?_Umove_if_noexcept1@?$vector@UVector2@@V?$allocator@UVector2@@@std@@@std@@AEAAXPEAUVector2@@00U?$integral_constant@_N$00@2@@Z 000000014000b3e4     unity_pathman.obj
 0004:000003e4       $pdata$?_Umove@?$vector@UVector2@@V?$allocator@UVector2@@@std@@@std@@AEAAPEAUVector2@@PEAU3@00@Z 000000014000b3e4     unity_pathman.obj
 0004:000003f0       $pdata$?_Umove_if_noexcept@?$vector@UVector2@@V?$allocator@UVector2@@@std@@@std@@AEAAXPEAUVector2@@00@Z 000000014000b3f0     unity_pathman.obj
 0004:000003fc       $pdata$??$emplace_back@UVector2@@@?$vector@UVector2@@V?$allocator@UVector2@@@std@@@std@@QEAAAEAUVector2@@$$QEAU2@@Z 000000014000b3fc     unity_pathman.obj
 0004:00000408       $pdata$??$_Emplace_back_with_unused_capacity@UVector2@@@?$vector@UVector2@@V?$allocator@UVector2@@@std@@@std@@AEAAAEAUVector2@@$$QEAU2@@Z 000000014000b408     unity_pathman.obj
 0004:00000414       $pdata$??$construct@UVector2@@U1@@?$_Default_allocator_traits@V?$allocator@UVector2@@@std@@@std@@SAXAEAV?$allocator@UVector2@@@1@QEAUVector2@@$$QEAU3@@Z 000000014000b414     unity_pathman.obj
 0004:00000420       $pdata$??$_Emplace_reallocate@UVector2@@@?$vector@UVector2@@V?$allocator@UVector2@@@std@@@std@@QEAAPEAUVector2@@QEAU2@$$QEAU2@@Z 000000014000b420     unity_pathman.obj
 0004:0000042c       $pdata$??$_Move_unchecked@PEAPEAUcustomNode@@PEAPEAU1@@std@@YAPEAPEAUcustomNode@@PEAPEAU1@00@Z 000000014000b42c     unity_pathman.obj
 0004:00000438       $pdata$??$emplace_back@AEBQEAUcustomNode@@@?$vector@PEAUcustomNode@@V?$allocator@PEAUcustomNode@@@std@@@std@@QEAAAEAPEAUcustomNode@@AEBQEAU2@@Z 000000014000b438     unity_pathman.obj
 0004:00000444       $pdata$??$_Emplace_back_with_unused_capacity@AEBQEAUcustomNode@@@?$vector@PEAUcustomNode@@V?$allocator@PEAUcustomNode@@@std@@@std@@AEAAAEAPEAUcustomNode@@AEBQEAU2@@Z 000000014000b444     unity_pathman.obj
 0004:00000450       $pdata$??$construct@PEAUcustomNode@@AEBQEAU1@@?$_Default_allocator_traits@V?$allocator@PEAUcustomNode@@@std@@@std@@SAXAEAV?$allocator@PEAUcustomNode@@@1@QEAPEAUcustomNode@@AEBQEAU3@@Z 000000014000b450     unity_pathman.obj
 0004:0000045c       $pdata$??$_Emplace_reallocate@AEBQEAUcustomNode@@@?$vector@PEAUcustomNode@@V?$allocator@PEAUcustomNode@@@std@@@std@@QEAAPEAPEAUcustomNode@@QEAPEAU2@AEBQEAU2@@Z 000000014000b45c     unity_pathman.obj
 0004:00000468       $pdata$??$?0V?$allocator@PEAUcustomNode@@@std@@X@?$_Vector_alloc@U?$_Vec_base_types@PEAUcustomNode@@V?$allocator@PEAUcustomNode@@@std@@@std@@@std@@QEAA@$$QEAV?$allocator@PEAUcustomNode@@@1@@Z 000000014000b468     unity_pathman.obj
 0004:00000474       $pdata$??$?0$$V@?$_Compressed_pair@V?$allocator@PEAUcustomNode@@@std@@V?$_Vector_val@U?$_Simple_types@PEAUcustomNode@@@std@@@2@$00@std@@QEAA@U_Zero_then_variadic_args_t@1@@Z 000000014000b474     unity_pathman.obj
 0004:00000474       $pdata$??$?0$$V@?$_Compressed_pair@V?$allocator@UVector2@@@std@@V?$_Vector_val@U?$_Simple_types@UVector2@@@std@@@2@$00@std@@QEAA@U_Zero_then_variadic_args_t@1@@Z 000000014000b474     unity_pathman.obj
 0004:00000480       $pdata$??$_Destroy_range@V?$allocator@UVector2@@@std@@@std@@YAXPEAUVector2@@0AEAV?$allocator@UVector2@@@0@@Z 000000014000b480     unity_pathman.obj
 0004:00000480       $pdata$??$_Destroy_range@V?$allocator@PEAUcustomNode@@@std@@@std@@YAXPEAPEAUcustomNode@@0AEAV?$allocator@PEAUcustomNode@@@0@@Z 000000014000b480     unity_pathman.obj
 0004:0000048c       $pdata$??$_Deallocate@$0BA@$0A@@std@@YAXPEAX_K@Z 000000014000b48c     unity_pathman.obj
 0004:00000498       $pdata$??$_Get_size_of_n@$07@std@@YA_K_K@Z 000000014000b498     unity_pathman.obj
 0004:000004a4       $pdata$??$_Allocate@$0BA@U_Default_allocate_traits@std@@$0A@@std@@YAPEAX_K@Z 000000014000b4a4     unity_pathman.obj
 0004:000004b0       $pdata$??$_Ptr_copy_cat@PEAUcustomNode@@PEAU1@@std@@YA?AU_Really_trivial_ptr_iterator_tag@0@AEBQEAPEAUcustomNode@@0@Z 000000014000b4b0     unity_pathman.obj
 0004:000004b0       $pdata$??$_Ptr_move_cat@UVector2@@U1@@std@@YA?AU_Trivially_copyable_ptr_iterator_tag@0@AEBQEAUVector2@@0@Z 000000014000b4b0     unity_pathman.obj
 0004:000004b0       $pdata$??$_Ptr_move_cat@PEAUcustomNode@@PEAU1@@std@@YA?AU_Really_trivial_ptr_iterator_tag@0@AEBQEAPEAUcustomNode@@0@Z 000000014000b4b0     unity_pathman.obj
 0004:000004bc       $pdata$??$_Move_unchecked1@PEAPEAUcustomNode@@PEAPEAU1@@std@@YAPEAPEAUcustomNode@@PEAPEAU1@00U_Trivially_copyable_ptr_iterator_tag@0@@Z 000000014000b4bc     unity_pathman.obj
 0004:000004c8       $pdata$??$?0V?$allocator@PEAUcustomNode@@@std@@$$V@?$_Compressed_pair@V?$allocator@PEAUcustomNode@@@std@@V?$_Vector_val@U?$_Simple_types@PEAUcustomNode@@@std@@@2@$00@std@@QEAA@U_One_then_variadic_args_t@1@$$QEAV?$allocator@PEAUcustomNode@@@1@@Z 000000014000b4c8     unity_pathman.obj
 0004:000004d4       $pdata$??$_Uninitialized_move@PEAPEAUcustomNode@@PEAPEAU1@V?$allocator@PEAUcustomNode@@@std@@@std@@YAPEAPEAUcustomNode@@QEAPEAU1@0PEAPEAU1@AEAV?$allocator@PEAUcustomNode@@@0@@Z 000000014000b4d4     unity_pathman.obj
 0004:000004d4       $pdata$??$_Uninitialized_copy@PEAPEAUcustomNode@@PEAPEAU1@V?$allocator@PEAUcustomNode@@@std@@@std@@YAPEAPEAUcustomNode@@QEAPEAU1@0PEAPEAU1@AEAV?$allocator@PEAUcustomNode@@@0@@Z 000000014000b4d4     unity_pathman.obj
 0004:000004e0       $pdata$??$_Allocate_manually_vector_aligned@U_Default_allocate_traits@std@@@std@@YAPEAX_K@Z 000000014000b4e0     unity_pathman.obj
 0004:000004ec       $pdata$??$_Uninitialized_move@PEAUVector2@@PEAU1@V?$allocator@UVector2@@@std@@@std@@YAPEAUVector2@@QEAU1@0PEAU1@AEAV?$allocator@UVector2@@@0@@Z 000000014000b4ec     unity_pathman.obj
 0004:000004f8       $pdata$??$_Copy_memmove@PEAPEAUcustomNode@@PEAPEAU1@@std@@YAPEAPEAUcustomNode@@PEAPEAU1@00@Z 000000014000b4f8     unity_pathman.obj
 0004:00000504       $pdata$??$_Uninitialized_move_al_unchecked@PEAUcustomNode@@PEAU1@V?$allocator@PEAUcustomNode@@@std@@@std@@YAPEAPEAUcustomNode@@QEAPEAU1@00AEAV?$allocator@PEAUcustomNode@@@0@U_Really_trivial_ptr_iterator_tag@0@U?$integral_constant@_N$00@0@@Z 000000014000b504     unity_pathman.obj
 0004:00000504       $pdata$??$_Uninitialized_copy_al_unchecked@PEAUcustomNode@@PEAU1@V?$allocator@PEAUcustomNode@@@std@@@std@@YAPEAPEAUcustomNode@@QEAPEAU1@00AEAV?$allocator@PEAUcustomNode@@@0@U_Really_trivial_ptr_iterator_tag@0@U?$integral_constant@_N$00@0@@Z 000000014000b504     unity_pathman.obj
 0004:00000510       $pdata$??$_Uninitialized_move_al_unchecked@PEAUVector2@@PEAU1@V?$allocator@UVector2@@@std@@@std@@YAPEAUVector2@@PEAU1@QEAU1@1AEAV?$allocator@UVector2@@@0@U_General_ptr_iterator_tag@0@U_Unused_parameter@0@@Z 000000014000b510     unity_pathman.obj
 0004:0000051c       $pdata$??1?$_Uninitialized_backout_al@PEAUVector2@@V?$allocator@UVector2@@@std@@@std@@QEAA@XZ 000000014000b51c     unity_pathman.obj
 0004:00000528       $pdata$??$_Emplace_back@UVector2@@@?$_Uninitialized_backout_al@PEAUVector2@@V?$allocator@UVector2@@@std@@@std@@QEAAX$$QEAUVector2@@@Z 000000014000b528     unity_pathman.obj
 0004:00000540       $pdata$??2@YAPEAX_K@Z      000000014000b540     msvcrt:new_scalar.obj
 0004:0000054c       $pdata$??0exception@std@@QEAA@AEBV01@@Z 000000014000b54c     msvcrt:throw_bad_alloc.obj
 0004:00000558       $pdata$??_Glength_error@std@@UEAAPEAXI@Z 000000014000b558     libcpmt:xthrow.obj
 0004:00000558       $pdata$??_Glogic_error@std@@UEAAPEAXI@Z 000000014000b558     libcpmt:xthrow.obj
 0004:00000558       $pdata$??_Gbad_alloc@std@@UEAAPEAXI@Z 000000014000b558     msvcrt:throw_bad_alloc.obj
 0004:00000558       $pdata$??_Gout_of_range@std@@UEAAPEAXI@Z 000000014000b558     libcpmt:xthrow.obj
 0004:00000558       $pdata$??_Gexception@std@@UEAAPEAXI@Z 000000014000b558     msvcrt:throw_bad_alloc.obj
 0004:00000558       $pdata$??_Gbad_array_new_length@std@@UEAAPEAXI@Z 000000014000b558     msvcrt:throw_bad_alloc.obj
 0004:00000564       $pdata$??0bad_alloc@std@@QEAA@AEBV01@@Z 000000014000b564     msvcrt:throw_bad_alloc.obj
 0004:00000570       $pdata$??0bad_array_new_length@std@@QEAA@AEBV01@@Z 000000014000b570     msvcrt:throw_bad_alloc.obj
 0004:0000057c       $pdata$?__scrt_throw_std_bad_alloc@@YAXXZ 000000014000b57c     msvcrt:throw_bad_alloc.obj
 0004:00000588       $pdata$?__scrt_throw_std_bad_array_new_length@@YAXXZ 000000014000b588     msvcrt:throw_bad_alloc.obj
 0004:00000594       $pdata$??_Gtype_info@@UEAAPEAXI@Z 000000014000b594     msvcrt:std_type_info_static.obj
 0004:000005a0       $pdata$?_Xlength_error@std@@YAXPEBD@Z 000000014000b5a0     libcpmt:xthrow.obj
 0004:000005ac       $pdata$?_Xout_of_range@std@@YAXPEBD@Z 000000014000b5ac     libcpmt:xthrow.obj
 0004:000005b8       $pdata$??0logic_error@std@@QEAA@AEBV01@@Z 000000014000b5b8     libcpmt:xthrow.obj
 0004:000005c4       $pdata$??0length_error@std@@QEAA@PEBD@Z 000000014000b5c4     libcpmt:xthrow.obj
 0004:000005d0       $pdata$??0length_error@std@@QEAA@AEBV01@@Z 000000014000b5d0     libcpmt:xthrow.obj
 0004:000005dc       $pdata$??0out_of_range@std@@QEAA@PEBD@Z 000000014000b5dc     libcpmt:xthrow.obj
 0004:000005e8       $pdata$??0out_of_range@std@@QEAA@AEBV01@@Z 000000014000b5e8     libcpmt:xthrow.obj
