 pathman

 Timestamp is 5ddd08e7 (Tue Nov 26 11:13:43 2019)

 Preferred load address is 0000000140000000

 Start         Length     Name                   Class
 0001:00000000 00005b63H .text$mn                CODE
 0002:00000000 00000150H .idata$5                DATA
 0002:00000148 00000000H .gfids$y                DATA
 0002:00000150 00001638H .rdata                  DATA
 0002:00001788 00000384H .rdata$r                DATA
 0002:00001b0c 00000194H .rdata$zzzdbg           DATA
 0002:00001ca0 00000230H .xdata                  DATA
 0002:00001ed0 000001e4H .xdata$x                DATA
 0002:000020b4 00000000H .edata                  DATA
 0002:000020b4 000000b4H .idata$2                DATA
 0002:00002168 00000018H .idata$3                DATA
 0002:00002180 00000148H .idata$4                DATA
 0002:000022c8 00000300H .idata$6                DATA
 0003:00000000 00000388H .data                   DATA
 0003:00000388 00000118H .data$r                 DATA
 0003:000004a0 00000014H .bss                    DATA
 0004:00000000 000005f4H .pdata                  DATA

  Address         Publics by Value              Rva+Base               Lib:Object

 0000:00000000       __guard_iat_count          0000000000000000     <absolute>
 0000:00000000       __hybrid_code_map_count    0000000000000000     <absolute>
 0000:00000000       __guard_fids_count         0000000000000000     <absolute>
 0000:00000000       __volatile_metadata        0000000000000000     <absolute>
 0000:00000000       __guard_longjmp_count      0000000000000000     <absolute>
 0000:00000000       __guard_longjmp_table      0000000000000000     <absolute>
 0000:00000000       __hybrid_code_map          0000000000000000     <absolute>
 0000:00000000       __guard_iat_table          0000000000000000     <absolute>
 0000:00000000       __dynamic_value_reloc_table 0000000000000000     <absolute>
 0000:00000000       ___safe_se_handler_count   0000000000000000     <absolute>
 0000:00000000       __enclave_config           0000000000000000     <absolute>
 0000:00000000       ___safe_se_handler_table   0000000000000000     <absolute>
 0000:00000000       __guard_fids_table         0000000000000000     <absolute>
 0000:00000000       __hybrid_auxiliary_iat     0000000000000000     <absolute>
 0000:00000100       __guard_flags              0000000000000100     <absolute>
 0001:00000000       ?create_display@@YAXPEAUdisplay_context@@PEBDHHHH_N@Z 0000000140001000 f   unity_common.obj
 0001:00000330       ?init_d3d@@YAXPEAUd3d_context@@PEAUdisplay_context@@_N@Z 0000000140001330 f   unity_common.obj
 0001:00000460       ?term_d3d@@YAXPEAUd3d_context@@@Z 0000000140001460 f   unity_common.obj
 0001:00000520       ?begin_frame@@YAXPEAUd3d_context@@@Z 0000000140001520 f   unity_common.obj
 0001:00000600       ?end_frame@@YAXPEAUd3d_context@@@Z 0000000140001600 f   unity_common.obj
 0001:00000650       ?compile_vertex_shader@@YAPEAUID3D11VertexShader@@PEAPEAUID3D10Blob@@PEAUd3d_context@@PEBD_K2@Z 0000000140001650 f   unity_common.obj
 0001:00000770       ?compile_pixel_shader@@YAPEAUID3D11PixelShader@@PEAUd3d_context@@PEBD_K1@Z 0000000140001770 f   unity_common.obj
 0001:00000880       ?read_entire_file@@YAPEAXPEBDPEA_K@Z 0000000140001880 f   unity_common.obj
 0001:00000970       ?load_png@@YAXPEAUd3d_context@@PEAUtexture@@PEAX_K@Z 0000000140001970 f   unity_common.obj
 0001:00000ec0       ?debug_printf@@YAXPEBDZZ   0000000140001ec0 f   unity_common.obj
 0001:00000f30       ?sprite_batch_init@@YAXPEAUsprite_batch@@PEAUd3d_context@@@Z 0000000140001f30 f   unity_common.obj
 0001:00001270       ?sprite_batch_term@@YAXPEAUsprite_batch@@@Z 0000000140002270 f   unity_common.obj
 0001:00001300       ?sprite_batch_begin@@YAXPEAUsprite_batch@@@Z 0000000140002300 f   unity_common.obj
 0001:000013e0       ?sprite_batch_end@@YAXPEAUsprite_batch@@@Z 00000001400023e0 f   unity_common.obj
 0001:00001400       ?sprite_batch_draw@@YAXPEAUsprite_batch@@PEAUtexture@@HHHHHHHH@Z 0000000140002400 f   unity_common.obj
 0001:00002050       ?_Get_second@?$_Compressed_pair@V?$allocator@PEAUcustomNode@@@std@@V?$_Vector_val@U?$_Simple_types@PEAUcustomNode@@@std@@@2@$00@std@@QEAAAEAV?$_Vector_val@U?$_Simple_types@PEAUcustomNode@@@std@@@2@XZ 0000000140003050 f i unity_pathman.obj
 0001:00002050       ??$IID_PPV_ARGS_Helper@UIWICImagingFactory@@@@YAPEAPEAXPEAPEAUIWICImagingFactory@@@Z 0000000140003050 f i unity_common.obj
 0001:00002050       ??$_Unfancy@PEAUcustomNode@@@std@@YAPEAPEAUcustomNode@@PEAPEAU1@@Z 0000000140003050 f i unity_pathman.obj
 0001:00002050       ??$forward@AEBQEAUcustomNode@@@std@@YAAEBQEAUcustomNode@@AEBQEAU1@@Z 0000000140003050 f i unity_pathman.obj
 0001:00002050       ??$_Get_unwrapped@PEAUcustomNode@@@std@@YAPEAPEAUcustomNode@@QEAPEAU1@@Z 0000000140003050 f i unity_pathman.obj
 0001:00002050       ??$move@AEAUVector2@@@std@@YA$$QEAUVector2@@AEAU1@@Z 0000000140003050 f i unity_pathman.obj
 0001:00002050       ??$forward@UVector2@@@std@@YA$$QEAUVector2@@AEAU1@@Z 0000000140003050 f i unity_pathman.obj
 0001:00002050       ?_Get_second@?$_Compressed_pair@V?$allocator@UVector2@@@std@@V?$_Vector_val@U?$_Simple_types@UVector2@@@std@@@2@$00@std@@QEAAAEAV?$_Vector_val@U?$_Simple_types@UVector2@@@std@@@2@XZ 0000000140003050 f i unity_pathman.obj
 0001:00002050       ?_Get_second@?$_Compressed_pair@V?$allocator@UVector2@@@std@@V?$_Vector_val@U?$_Simple_types@UVector2@@@std@@@2@$00@std@@QEBAAEBV?$_Vector_val@U?$_Simple_types@UVector2@@@std@@@2@XZ 0000000140003050 f i unity_pathman.obj
 0001:00002050       ?_Get_second@?$_Compressed_pair@V?$allocator@PEAUcustomNode@@@std@@V?$_Vector_val@U?$_Simple_types@PEAUcustomNode@@@std@@@2@$00@std@@QEBAAEBV?$_Vector_val@U?$_Simple_types@PEAUcustomNode@@@std@@@2@XZ 0000000140003050 f i unity_pathman.obj
 0001:00002050       ?_Get_first@?$_Compressed_pair@V?$allocator@PEAUcustomNode@@@std@@V?$_Vector_val@U?$_Simple_types@PEAUcustomNode@@@std@@@2@$00@std@@QEAAAEAV?$allocator@PEAUcustomNode@@@2@XZ 0000000140003050 f i unity_pathman.obj
 0001:00002050       ??0?$allocator@PEAUcustomNode@@@std@@QEAA@XZ 0000000140003050 f i unity_pathman.obj
 0001:00002050       ??$forward@V?$allocator@PEAUcustomNode@@@std@@@std@@YA$$QEAV?$allocator@PEAUcustomNode@@@0@AEAV10@@Z 0000000140003050 f i unity_pathman.obj
 0001:00002050       ??$move@AEAV?$vector@PEAUcustomNode@@V?$allocator@PEAUcustomNode@@@std@@@std@@@std@@YA$$QEAV?$vector@PEAUcustomNode@@V?$allocator@PEAUcustomNode@@@std@@@0@AEAV10@@Z 0000000140003050 f i unity_pathman.obj
 0001:00002050       ??0?$allocator@UVector2@@@std@@QEAA@XZ 0000000140003050 f i unity_pathman.obj
 0001:00002050       ??$_Unfancy@UVector2@@@std@@YAPEAUVector2@@PEAU1@@Z 0000000140003050 f i unity_pathman.obj
 0001:00002050       ?_Get_first@?$_Compressed_pair@V?$allocator@UVector2@@@std@@V?$_Vector_val@U?$_Simple_types@UVector2@@@std@@@2@$00@std@@QEAAAEAV?$allocator@UVector2@@@2@XZ 0000000140003050 f i unity_pathman.obj
 0001:00002050       ?_Get_first@?$_Compressed_pair@V?$allocator@UVector2@@@std@@V?$_Vector_val@U?$_Simple_types@UVector2@@@std@@@2@$00@std@@QEBAAEBV?$allocator@UVector2@@@2@XZ 0000000140003050 f i unity_pathman.obj
 0001:00002050       ?_Get_first@?$_Compressed_pair@V?$allocator@PEAUcustomNode@@@std@@V?$_Vector_val@U?$_Simple_types@PEAUcustomNode@@@std@@@2@$00@std@@QEBAAEBV?$allocator@PEAUcustomNode@@@2@XZ 0000000140003050 f i unity_pathman.obj
 0001:00002050       ??$addressof@V?$_Vector_val@U?$_Simple_types@PEAUcustomNode@@@std@@@std@@@std@@YAPEAV?$_Vector_val@U?$_Simple_types@PEAUcustomNode@@@std@@@0@AEAV10@@Z 0000000140003050 f i unity_pathman.obj
 0001:00002050       ??$_Get_unwrapped@UVector2@@@std@@YAPEAUVector2@@QEAU1@@Z 0000000140003050 f i unity_pathman.obj
 0001:00002050       ??$move@AEAV?$allocator@PEAUcustomNode@@@std@@@std@@YA$$QEAV?$allocator@PEAUcustomNode@@@0@AEAV10@@Z 0000000140003050 f i unity_pathman.obj
 0001:00002060       ??$com_cast@UID3D11Device5@@@@YAPEAUID3D11Device5@@PEAUIUnknown@@@Z 0000000140003060 f i unity_common.obj
 0001:000020d0       ??$com_cast@UID3D11DeviceContext4@@@@YAPEAUID3D11DeviceContext4@@PEAUIUnknown@@@Z 00000001400030d0 f i unity_common.obj
 0001:00002140       ??$com_cast@UIDXGIAdapter4@@@@YAPEAUIDXGIAdapter4@@PEAUIUnknown@@@Z 0000000140003140 f i unity_common.obj
 0001:000021b0       ??$com_cast@UIDXGIDevice4@@@@YAPEAUIDXGIDevice4@@PEAUIUnknown@@@Z 00000001400031b0 f i unity_common.obj
 0001:00002220       ??$com_cast@UIDXGISwapChain3@@@@YAPEAUIDXGISwapChain3@@PEAUIUnknown@@@Z 0000000140003220 f i unity_common.obj
 0001:00002290       __local_stdio_printf_options 0000000140003290 f i unity_common.obj
 0001:000022a0       vsnprintf                  00000001400032a0 f i unity_common.obj
 0001:00002320       ?draw_sprite@@YAXPEAUsprite_batch@@PEAUtexture@@HHHH@Z 0000000140003320 f   unity_pathman.obj
 0001:000023c0       ?manhattanFinder@@YAHUVector2@@0@Z 00000001400033c0 f   unity_pathman.obj
 0001:00002410       ?getSquareLowestFScore@@YAPEAUcustomNode@@V?$vector@PEAUcustomNode@@V?$allocator@PEAUcustomNode@@@std@@@std@@@Z 0000000140003410 f   unity_pathman.obj
 0001:00002500       ?removeFromVector@@YAXPEAUcustomNode@@AEAV?$vector@PEAUcustomNode@@V?$allocator@PEAUcustomNode@@@std@@@std@@@Z 0000000140003500 f   unity_pathman.obj
 0001:000025e0       ?vectorContains@@YA_NPEAUcustomNode@@AEAV?$vector@PEAUcustomNode@@V?$allocator@PEAUcustomNode@@@std@@@std@@@Z 00000001400035e0 f   unity_pathman.obj
 0001:00002680       ?GetObjectAtWorldPos@@YAEHH@Z 0000000140003680 f   unity_pathman.obj
 0001:000026e0       ?getAdjacentSquares@@YA?AV?$vector@PEAUcustomNode@@V?$allocator@PEAUcustomNode@@@std@@@std@@PEAUcustomNode@@0@Z 00000001400036e0 f   unity_pathman.obj
 0001:00002ca0       ?PathFind@@YAXXZ           0000000140003ca0 f   unity_pathman.obj
 0001:00003300       ?render@@YAXPEAUd3d_context@@PEAUsprite_batch@@PEAUtexture@@@Z 0000000140004300 f   unity_pathman.obj
 0001:000034c0       ?load_sprite_sheet@@YAXPEAUtexture@@PEAUd3d_context@@@Z 00000001400044c0 f   unity_pathman.obj
 0001:00003520       main                       0000000140004520 f   unity_pathman.obj
 0001:00003670       ??$?0$$V@?$_Compressed_pair@V?$allocator@PEAUcustomNode@@@std@@V?$_Vector_val@U?$_Simple_types@PEAUcustomNode@@@std@@@2@$00@std@@QEAA@U_Zero_then_variadic_args_t@1@@Z 0000000140004670 f i unity_pathman.obj
 0001:00003670       ??$?0$$V@?$_Compressed_pair@V?$allocator@UVector2@@@std@@V?$_Vector_val@U?$_Simple_types@UVector2@@@std@@@2@$00@std@@QEAA@U_Zero_then_variadic_args_t@1@@Z 0000000140004670 f i unity_pathman.obj
 0001:000036a0       ??$?0U?$integral_constant@_N$00@std@@@_Unused_parameter@std@@QEAA@$$QEAU?$integral_constant@_N$00@1@@Z 00000001400046a0 f i unity_pathman.obj
 0001:000036a0       ??$_Get_unwrapped_n@UVector2@@_J$0A@@std@@YAPEAUVector2@@QEAU1@_J@Z 00000001400046a0 f i unity_pathman.obj
 0001:000036a0       ??$_Get_unwrapped_n@PEAUcustomNode@@_J$0A@@std@@YAPEAPEAUcustomNode@@QEAPEAU1@_J@Z 00000001400046a0 f i unity_pathman.obj
 0001:000036a0       ?select_on_container_copy_construction@?$_Default_allocator_traits@V?$allocator@PEAUcustomNode@@@std@@@std@@SA?AV?$allocator@PEAUcustomNode@@@2@AEBV32@@Z 00000001400046a0 f i unity_pathman.obj
 0001:000036b0       ??$?0V?$allocator@PEAUcustomNode@@@std@@$$V@?$_Compressed_pair@V?$allocator@PEAUcustomNode@@@std@@V?$_Vector_val@U?$_Simple_types@PEAUcustomNode@@@std@@@2@$00@std@@QEAA@U_One_then_variadic_args_t@1@$$QEAV?$allocator@PEAUcustomNode@@@1@@Z 00000001400046b0 f i unity_pathman.obj
 0001:000036f0       ??$?0V?$allocator@PEAUcustomNode@@@std@@X@?$_Vector_alloc@U?$_Vec_base_types@PEAUcustomNode@@V?$allocator@PEAUcustomNode@@@std@@@std@@@std@@QEAA@$$QEAV?$allocator@PEAUcustomNode@@@1@@Z 00000001400046f0 f i unity_pathman.obj
 0001:00003740       ??$_Allocate@$0BA@U_Default_allocate_traits@std@@$0A@@std@@YAPEAX_K@Z 0000000140004740 f i unity_pathman.obj
 0001:00003780       ??$_Allocate_manually_vector_aligned@U_Default_allocate_traits@std@@@std@@YAPEAX_K@Z 0000000140004780 f i unity_pathman.obj
 0001:00003810       ??$_Copy_memmove@PEAPEAUcustomNode@@PEAPEAU1@@std@@YAPEAPEAUcustomNode@@PEAPEAU1@00@Z 0000000140004810 f i unity_pathman.obj
 0001:00003880       ??$_Deallocate@$0BA@$0A@@std@@YAXPEAX_K@Z 0000000140004880 f i unity_pathman.obj
 0001:000038c0       ??$_Destroy_range1@V?$allocator@UVector2@@@std@@@std@@YAXPEAUVector2@@0AEAV?$allocator@UVector2@@@0@U?$integral_constant@_N$00@0@@Z 00000001400048c0 f i unity_pathman.obj
 0001:000038c0       ??$_Destroy_range1@V?$allocator@PEAUcustomNode@@@std@@@std@@YAXPEAPEAUcustomNode@@0AEAV?$allocator@PEAUcustomNode@@@0@U?$integral_constant@_N$00@0@@Z 00000001400048c0 f i unity_pathman.obj
 0001:000038e0       ??$_Destroy_range@V?$allocator@PEAUcustomNode@@@std@@@std@@YAXPEAPEAUcustomNode@@0AEAV?$allocator@PEAUcustomNode@@@0@@Z 00000001400048e0 f i unity_pathman.obj
 0001:000038e0       ??$_Destroy_range@V?$allocator@UVector2@@@std@@@std@@YAXPEAUVector2@@0AEAV?$allocator@UVector2@@@0@@Z 00000001400048e0 f i unity_pathman.obj
 0001:00003930       ??$_Emplace_back@UVector2@@@?$_Uninitialized_backout_al@PEAUVector2@@V?$allocator@UVector2@@@std@@@std@@QEAAX$$QEAUVector2@@@Z 0000000140004930 f i unity_pathman.obj
 0001:000039a0       ??$_Emplace_back_with_unused_capacity@AEBQEAUcustomNode@@@?$vector@PEAUcustomNode@@V?$allocator@PEAUcustomNode@@@std@@@std@@AEAAAEAPEAUcustomNode@@AEBQEAU2@@Z 00000001400049a0 f i unity_pathman.obj
 0001:00003a70       ??$_Emplace_back_with_unused_capacity@UVector2@@@?$vector@UVector2@@V?$allocator@UVector2@@@std@@@std@@AEAAAEAUVector2@@$$QEAU2@@Z 0000000140004a70 f i unity_pathman.obj
 0001:00003b40       ??$_Emplace_reallocate@AEBQEAUcustomNode@@@?$vector@PEAUcustomNode@@V?$allocator@PEAUcustomNode@@@std@@@std@@QEAAPEAPEAUcustomNode@@QEAPEAU2@AEBQEAU2@@Z 0000000140004b40 f i unity_pathman.obj
 0001:00003dc0       ??$_Emplace_reallocate@UVector2@@@?$vector@UVector2@@V?$allocator@UVector2@@@std@@@std@@QEAAPEAUVector2@@QEAU2@$$QEAU2@@Z 0000000140004dc0 f i unity_pathman.obj
 0001:00004040       ??$_Get_size_of_n@$07@std@@YA_K_K@Z 0000000140005040 f i unity_pathman.obj
 0001:00004090       ??$_Idl_distance@PEAPEAUcustomNode@@PEAPEAU1@@std@@YA_JAEBQEAPEAUcustomNode@@0@Z 0000000140005090 f i unity_pathman.obj
 0001:00004090       ??$_Idl_distance@PEAUVector2@@PEAU1@@std@@YA_JAEBQEAUVector2@@0@Z 0000000140005090 f i unity_pathman.obj
 0001:000040c0       ??$_Min_value@_K@std@@YAAEB_KAEB_K0@Z 00000001400050c0 f i unity_pathman.obj
 0001:00004110       ??$_Move_unchecked1@PEAPEAUcustomNode@@PEAPEAU1@@std@@YAPEAPEAUcustomNode@@PEAPEAU1@00U_Trivially_copyable_ptr_iterator_tag@0@@Z 0000000140005110 f i unity_pathman.obj
 0001:00004150       ??$_Move_unchecked@PEAPEAUcustomNode@@PEAPEAU1@@std@@YAPEAPEAUcustomNode@@PEAPEAU1@00@Z 0000000140005150 f i unity_pathman.obj
 0001:000041a0       ??$_Ptr_move_cat@PEAUcustomNode@@PEAU1@@std@@YA?AU_Really_trivial_ptr_iterator_tag@0@AEBQEAPEAUcustomNode@@0@Z 00000001400051a0 f i unity_pathman.obj
 0001:000041a0       ??$_Ptr_copy_cat@PEAUcustomNode@@PEAU1@@std@@YA?AU_Really_trivial_ptr_iterator_tag@0@AEBQEAPEAUcustomNode@@0@Z 00000001400051a0 f i unity_pathman.obj
 0001:000041a0       ??$_Ptr_move_cat@UVector2@@U1@@std@@YA?AU_Trivially_copyable_ptr_iterator_tag@0@AEBQEAUVector2@@0@Z 00000001400051a0 f i unity_pathman.obj
 0001:000041d0       ??$_Seek_wrapped@UVector2@@@std@@YAXAEAPEAUVector2@@QEAU1@@Z 00000001400051d0 f i unity_pathman.obj
 0001:000041d0       ??$_Seek_wrapped@PEAUcustomNode@@@std@@YAXAEAPEAPEAUcustomNode@@QEAPEAU1@@Z 00000001400051d0 f i unity_pathman.obj
 0001:000041f0       ??$_Ucopy@PEAPEAUcustomNode@@@?$vector@PEAUcustomNode@@V?$allocator@PEAUcustomNode@@@std@@@std@@AEAAPEAPEAUcustomNode@@PEAPEAU2@00@Z 00000001400051f0 f i unity_pathman.obj
 0001:000041f0       ?_Umove_if_noexcept1@?$vector@PEAUcustomNode@@V?$allocator@PEAUcustomNode@@@std@@@std@@AEAAXPEAPEAUcustomNode@@00U?$integral_constant@_N$00@2@@Z 00000001400051f0 f i unity_pathman.obj
 0001:000041f0       ?_Umove@?$vector@PEAUcustomNode@@V?$allocator@PEAUcustomNode@@@std@@@std@@AEAAPEAPEAUcustomNode@@PEAPEAU3@00@Z 00000001400051f0 f i unity_pathman.obj
 0001:00004230       ??$_Uninitialized_copy@PEAPEAUcustomNode@@PEAPEAU1@V?$allocator@PEAUcustomNode@@@std@@@std@@YAPEAPEAUcustomNode@@QEAPEAU1@0PEAPEAU1@AEAV?$allocator@PEAUcustomNode@@@0@@Z 0000000140005230 f i unity_pathman.obj
 0001:00004230       ??$_Uninitialized_move@PEAPEAUcustomNode@@PEAPEAU1@V?$allocator@PEAUcustomNode@@@std@@@std@@YAPEAPEAUcustomNode@@QEAPEAU1@0PEAPEAU1@AEAV?$allocator@PEAUcustomNode@@@0@@Z 0000000140005230 f i unity_pathman.obj
 0001:00004350       ??$_Uninitialized_move_al_unchecked@PEAUcustomNode@@PEAU1@V?$allocator@PEAUcustomNode@@@std@@@std@@YAPEAPEAUcustomNode@@QEAPEAU1@00AEAV?$allocator@PEAUcustomNode@@@0@U_Really_trivial_ptr_iterator_tag@0@U?$integral_constant@_N$00@0@@Z 0000000140005350 f i unity_pathman.obj
 0001:00004350       ??$_Uninitialized_copy_al_unchecked@PEAUcustomNode@@PEAU1@V?$allocator@PEAUcustomNode@@@std@@@std@@YAPEAPEAUcustomNode@@QEAPEAU1@00AEAV?$allocator@PEAUcustomNode@@@0@U_Really_trivial_ptr_iterator_tag@0@U?$integral_constant@_N$00@0@@Z 0000000140005350 f i unity_pathman.obj
 0001:00004390       ??$_Uninitialized_move@PEAUVector2@@PEAU1@V?$allocator@UVector2@@@std@@@std@@YAPEAUVector2@@QEAU1@0PEAU1@AEAV?$allocator@UVector2@@@0@@Z 0000000140005390 f i unity_pathman.obj
 0001:000044e0       ??$_Uninitialized_move_al_unchecked@PEAUVector2@@PEAU1@V?$allocator@UVector2@@@std@@@std@@YAPEAUVector2@@PEAU1@QEAU1@1AEAV?$allocator@UVector2@@@0@U_General_ptr_iterator_tag@0@U_Unused_parameter@0@@Z 00000001400054e0 f i unity_pathman.obj
 0001:00004570       ??$construct@PEAUcustomNode@@AEBQEAU1@@?$_Default_allocator_traits@V?$allocator@PEAUcustomNode@@@std@@@std@@SAXAEAV?$allocator@PEAUcustomNode@@@1@QEAPEAUcustomNode@@AEBQEAU3@@Z 0000000140005570 f i unity_pathman.obj
 0001:000045c0       ??$construct@UVector2@@U1@@?$_Default_allocator_traits@V?$allocator@UVector2@@@std@@@std@@SAXAEAV?$allocator@UVector2@@@1@QEAUVector2@@$$QEAU3@@Z 00000001400055c0 f i unity_pathman.obj
 0001:00004610       ?_Swap_all@_Container_base0@std@@QEAAXAEAU12@@Z 0000000140005610 f i unity_pathman.obj
 0001:00004610       ?_Verify_offset@?$_Vector_const_iterator@V?$_Vector_val@U?$_Simple_types@PEAUcustomNode@@@std@@@std@@@std@@QEBAX_J@Z 0000000140005610 f i unity_pathman.obj
 0001:00004610       ??$destroy@PEAUcustomNode@@@?$_Default_allocator_traits@V?$allocator@PEAUcustomNode@@@std@@@std@@SAXAEAV?$allocator@PEAUcustomNode@@@1@QEAPEAUcustomNode@@@Z 0000000140005610 f i unity_pathman.obj
 0001:00004610       ?_Adopt@_Iterator_base0@std@@QEAAXPEBX@Z 0000000140005610 f i unity_pathman.obj
 0001:00004620       ??$emplace_back@AEBQEAUcustomNode@@@?$vector@PEAUcustomNode@@V?$allocator@PEAUcustomNode@@@std@@@std@@QEAAAEAPEAUcustomNode@@AEBQEAU2@@Z 0000000140005620 f i unity_pathman.obj
 0001:000046a0       ??$emplace_back@UVector2@@@?$vector@UVector2@@V?$allocator@UVector2@@@std@@@std@@QEAAAEAUVector2@@$$QEAU2@@Z 00000001400056a0 f i unity_pathman.obj
 0001:00004720       ??0?$_Uninitialized_backout_al@PEAUVector2@@V?$allocator@UVector2@@@std@@@std@@QEAA@PEAUVector2@@AEAV?$allocator@UVector2@@@1@@Z 0000000140005720 f i unity_pathman.obj
 0001:00004760       ??0?$_Vector_alloc@U?$_Vec_base_types@UVector2@@V?$allocator@UVector2@@@std@@@std@@@std@@QEAA@XZ 0000000140005760 f i unity_pathman.obj
 0001:00004760       ??0?$_Vector_alloc@U?$_Vec_base_types@PEAUcustomNode@@V?$allocator@PEAUcustomNode@@@std@@@std@@@std@@QEAA@XZ 0000000140005760 f i unity_pathman.obj
 0001:00004790       ??0?$_Vector_const_iterator@V?$_Vector_val@U?$_Simple_types@PEAUcustomNode@@@std@@@std@@@std@@QEAA@PEAPEAUcustomNode@@PEBU_Container_base0@1@@Z 0000000140005790 f i unity_pathman.obj
 0001:000047d0       ??0?$_Vector_iterator@V?$_Vector_val@U?$_Simple_types@PEAUcustomNode@@@std@@@std@@@std@@QEAA@PEAPEAUcustomNode@@PEBU_Container_base0@1@@Z 00000001400057d0 f i unity_pathman.obj
 0001:00004810       ??0?$_Vector_val@U?$_Simple_types@PEAUcustomNode@@@std@@@std@@QEAA@XZ 0000000140005810 f i unity_pathman.obj
 0001:00004810       ??0?$_Vector_val@U?$_Simple_types@UVector2@@@std@@@std@@QEAA@XZ 0000000140005810 f i unity_pathman.obj
 0001:00004850       ??0?$vector@PEAUcustomNode@@V?$allocator@PEAUcustomNode@@@std@@@std@@QEAA@$$QEAV01@@Z 0000000140005850 f i unity_pathman.obj
 0001:000048d0       ??0?$vector@PEAUcustomNode@@V?$allocator@PEAUcustomNode@@@std@@@std@@QEAA@AEBV01@@Z 00000001400058d0 f i unity_pathman.obj
 0001:000049b0       ??0?$vector@UVector2@@V?$allocator@UVector2@@@std@@@std@@QEAA@XZ 00000001400059b0 f i unity_pathman.obj
 0001:000049b0       ??0?$vector@PEAUcustomNode@@V?$allocator@PEAUcustomNode@@@std@@@std@@QEAA@XZ 00000001400059b0 f i unity_pathman.obj
 0001:000049d0       ??0Vector2@@QEAA@HH@Z      00000001400059d0 f i unity_pathman.obj
 0001:00004a00       ??1?$_Uninitialized_backout_al@PEAUVector2@@V?$allocator@UVector2@@@std@@@std@@QEAA@XZ 0000000140005a00 f i unity_pathman.obj
 0001:00004a30       ??1?$vector@PEAUcustomNode@@V?$allocator@PEAUcustomNode@@@std@@@std@@QEAA@XZ 0000000140005a30 f i unity_pathman.obj
 0001:00004a30       ??1?$vector@UVector2@@V?$allocator@UVector2@@@std@@@std@@QEAA@XZ 0000000140005a30 f i unity_pathman.obj
 0001:00004a50       ??2@YAPEAX_KPEAX@Z         0000000140005a50 f i unity_pathman.obj
 0001:00004a60       ??A?$vector@UVector2@@V?$allocator@UVector2@@@std@@@std@@QEAAAEAUVector2@@_K@Z 0000000140005a60 f i unity_pathman.obj
 0001:00004a90       ??H?$_Vector_iterator@V?$_Vector_val@U?$_Simple_types@PEAUcustomNode@@@std@@@std@@@std@@QEBA?AV01@_J@Z 0000000140005a90 f i unity_pathman.obj
 0001:00004ae0       ??Y?$_Vector_const_iterator@V?$_Vector_val@U?$_Simple_types@PEAUcustomNode@@@std@@@std@@@std@@QEAAAEAV01@_J@Z 0000000140005ae0 f i unity_pathman.obj
 0001:00004b20       ??Y?$_Vector_iterator@V?$_Vector_val@U?$_Simple_types@PEAUcustomNode@@@std@@@std@@@std@@QEAAAEAV01@_J@Z 0000000140005b20 f i unity_pathman.obj
 0001:00004b50       ?_Adjust_manually_vector_aligned@std@@YAXAEAPEAXAEA_K@Z 0000000140005b50 f i unity_pathman.obj
 0001:00004bf0       ?_Allocate@_Default_allocate_traits@std@@SAPEAX_K@Z 0000000140005bf0 f i unity_pathman.obj
 0001:00004c10       ?_Buy@?$vector@PEAUcustomNode@@V?$allocator@PEAUcustomNode@@@std@@@std@@AEAA_N_K@Z 0000000140005c10 f i unity_pathman.obj
 0001:00004d10       ?_Calculate_growth@?$vector@UVector2@@V?$allocator@UVector2@@@std@@@std@@AEBA_K_K@Z 0000000140005d10 f i unity_pathman.obj
 0001:00004d10       ?_Calculate_growth@?$vector@PEAUcustomNode@@V?$allocator@PEAUcustomNode@@@std@@@std@@AEBA_K_K@Z 0000000140005d10 f i unity_pathman.obj
 0001:00004da0       ?_Change_array@?$vector@UVector2@@V?$allocator@UVector2@@@std@@@std@@AEAAXQEAUVector2@@_K1@Z 0000000140005da0 f i unity_pathman.obj
 0001:00004da0       ?_Change_array@?$vector@PEAUcustomNode@@V?$allocator@PEAUcustomNode@@@std@@@std@@AEAAXQEAPEAUcustomNode@@_K1@Z 0000000140005da0 f i unity_pathman.obj
 0001:00004ec0       ?_Destroy@?$vector@PEAUcustomNode@@V?$allocator@PEAUcustomNode@@@std@@@std@@AEAAXPEAPEAUcustomNode@@0@Z 0000000140005ec0 f i unity_pathman.obj
 0001:00004ec0       ?_Destroy@?$vector@UVector2@@V?$allocator@UVector2@@@std@@@std@@AEAAXPEAUVector2@@0@Z 0000000140005ec0 f i unity_pathman.obj
 0001:00004f00       ?_Getal@?$_Vector_alloc@U?$_Vec_base_types@PEAUcustomNode@@V?$allocator@PEAUcustomNode@@@std@@@std@@@std@@QEBAAEBV?$allocator@PEAUcustomNode@@@2@XZ 0000000140005f00 f i unity_pathman.obj
 0001:00004f00       ?_Getal@?$_Vector_alloc@U?$_Vec_base_types@UVector2@@V?$allocator@UVector2@@@std@@@std@@@std@@QEBAAEBV?$allocator@UVector2@@@2@XZ 0000000140005f00 f i unity_pathman.obj
 0001:00004f00       ?_Get_data@?$_Vector_alloc@U?$_Vec_base_types@UVector2@@V?$allocator@UVector2@@@std@@@std@@@std@@QEBAAEBV?$_Vector_val@U?$_Simple_types@UVector2@@@std@@@2@XZ 0000000140005f00 f i unity_pathman.obj
 0001:00004f00       ?_Get_data@?$_Vector_alloc@U?$_Vec_base_types@PEAUcustomNode@@V?$allocator@PEAUcustomNode@@@std@@@std@@@std@@QEAAAEAV?$_Vector_val@U?$_Simple_types@PEAUcustomNode@@@std@@@2@XZ 0000000140005f00 f i unity_pathman.obj
 0001:00004f00       ?_Getal@?$_Vector_alloc@U?$_Vec_base_types@PEAUcustomNode@@V?$allocator@PEAUcustomNode@@@std@@@std@@@std@@QEAAAEAV?$allocator@PEAUcustomNode@@@2@XZ 0000000140005f00 f i unity_pathman.obj
 0001:00004f00       ?_Get_data@?$_Vector_alloc@U?$_Vec_base_types@PEAUcustomNode@@V?$allocator@PEAUcustomNode@@@std@@@std@@@std@@QEBAAEBV?$_Vector_val@U?$_Simple_types@PEAUcustomNode@@@std@@@2@XZ 0000000140005f00 f i unity_pathman.obj
 0001:00004f00       ?_Getal@?$_Vector_alloc@U?$_Vec_base_types@UVector2@@V?$allocator@UVector2@@@std@@@std@@@std@@QEAAAEAV?$allocator@UVector2@@@2@XZ 0000000140005f00 f i unity_pathman.obj
 0001:00004f00       ?_Get_data@?$_Vector_alloc@U?$_Vec_base_types@UVector2@@V?$allocator@UVector2@@@std@@@std@@@std@@QEAAAEAV?$_Vector_val@U?$_Simple_types@UVector2@@@std@@@2@XZ 0000000140005f00 f i unity_pathman.obj
 0001:00004f20       ?_Has_unused_capacity@?$vector@UVector2@@V?$allocator@UVector2@@@std@@@std@@AEBA_NXZ 0000000140005f20 f i unity_pathman.obj
 0001:00004f20       ?_Has_unused_capacity@?$vector@PEAUcustomNode@@V?$allocator@PEAUcustomNode@@@std@@@std@@AEBA_NXZ 0000000140005f20 f i unity_pathman.obj
 0001:00004f70       ?_Move_from@?$vector@PEAUcustomNode@@V?$allocator@PEAUcustomNode@@@std@@@std@@AEAAX$$QEAV12@U?$integral_constant@_N$00@2@@Z 0000000140005f70 f i unity_pathman.obj
 0001:00005040       ?_Myend@?$_Vector_alloc@U?$_Vec_base_types@PEAUcustomNode@@V?$allocator@PEAUcustomNode@@@std@@@std@@@std@@QEAAAEAPEAPEAUcustomNode@@XZ 0000000140006040 f i unity_pathman.obj
 0001:00005040       ?_Myend@?$_Vector_alloc@U?$_Vec_base_types@UVector2@@V?$allocator@UVector2@@@std@@@std@@@std@@QEAAAEAPEAUVector2@@XZ 0000000140006040 f i unity_pathman.obj
 0001:00005040       ?_Myend@?$_Vector_alloc@U?$_Vec_base_types@PEAUcustomNode@@V?$allocator@PEAUcustomNode@@@std@@@std@@@std@@QEBAAEBQEAPEAUcustomNode@@XZ 0000000140006040 f i unity_pathman.obj
 0001:00005040       ?_Myend@?$_Vector_alloc@U?$_Vec_base_types@UVector2@@V?$allocator@UVector2@@@std@@@std@@@std@@QEBAAEBQEAUVector2@@XZ 0000000140006040 f i unity_pathman.obj
 0001:00005060       ?_Myfirst@?$_Vector_alloc@U?$_Vec_base_types@UVector2@@V?$allocator@UVector2@@@std@@@std@@@std@@QEBAAEBQEAUVector2@@XZ 0000000140006060 f i unity_pathman.obj
 0001:00005060       ?_Myfirst@?$_Vector_alloc@U?$_Vec_base_types@UVector2@@V?$allocator@UVector2@@@std@@@std@@@std@@QEAAAEAPEAUVector2@@XZ 0000000140006060 f i unity_pathman.obj
 0001:00005060       ?_Myfirst@?$_Vector_alloc@U?$_Vec_base_types@PEAUcustomNode@@V?$allocator@PEAUcustomNode@@@std@@@std@@@std@@QEBAAEBQEAPEAUcustomNode@@XZ 0000000140006060 f i unity_pathman.obj
 0001:00005060       ?_Myfirst@?$_Vector_alloc@U?$_Vec_base_types@PEAUcustomNode@@V?$allocator@PEAUcustomNode@@@std@@@std@@@std@@QEAAAEAPEAPEAUcustomNode@@XZ 0000000140006060 f i unity_pathman.obj
 0001:00005080       ?_Mylast@?$_Vector_alloc@U?$_Vec_base_types@UVector2@@V?$allocator@UVector2@@@std@@@std@@@std@@QEAAAEAPEAUVector2@@XZ 0000000140006080 f i unity_pathman.obj
 0001:00005080       ?_Mylast@?$_Vector_alloc@U?$_Vec_base_types@PEAUcustomNode@@V?$allocator@PEAUcustomNode@@@std@@@std@@@std@@QEAAAEAPEAPEAUcustomNode@@XZ 0000000140006080 f i unity_pathman.obj
 0001:00005080       ?_Mylast@?$_Vector_alloc@U?$_Vec_base_types@PEAUcustomNode@@V?$allocator@PEAUcustomNode@@@std@@@std@@@std@@QEBAAEBQEAPEAUcustomNode@@XZ 0000000140006080 f i unity_pathman.obj
 0001:00005080       ?_Mylast@?$_Vector_alloc@U?$_Vec_base_types@UVector2@@V?$allocator@UVector2@@@std@@@std@@@std@@QEBAAEBQEAUVector2@@XZ 0000000140006080 f i unity_pathman.obj
 0001:000050a0       ?_Orphan_all@?$_Vector_alloc@U?$_Vec_base_types@PEAUcustomNode@@V?$allocator@PEAUcustomNode@@@std@@@std@@@std@@QEAAXXZ 00000001400060a0 f i unity_pathman.obj
 0001:000050a0       ?_Orphan_all@?$_Vector_alloc@U?$_Vec_base_types@UVector2@@V?$allocator@UVector2@@@std@@@std@@@std@@QEAAXXZ 00000001400060a0 f i unity_pathman.obj
 0001:000050c0       ?_Orphan_all@_Container_base0@std@@QEAAXXZ 00000001400060c0 f i unity_pathman.obj
 0001:000050d0       ?_Orphan_range@?$vector@UVector2@@V?$allocator@UVector2@@@std@@@std@@AEBAXPEAUVector2@@0@Z 00000001400060d0 f i unity_pathman.obj
 0001:000050d0       ?_Orphan_range@?$vector@PEAUcustomNode@@V?$allocator@PEAUcustomNode@@@std@@@std@@AEBAXPEAPEAUcustomNode@@0@Z 00000001400060d0 f i unity_pathman.obj
 0001:000050e0       ?_Release@?$_Uninitialized_backout_al@PEAUVector2@@V?$allocator@UVector2@@@std@@@std@@QEAAPEAUVector2@@XZ 00000001400060e0 f i unity_pathman.obj
 0001:00005100       ?_Swap_all@?$_Vector_alloc@U?$_Vec_base_types@PEAUcustomNode@@V?$allocator@PEAUcustomNode@@@std@@@std@@@std@@QEAAXAEAV12@@Z 0000000140006100 f i unity_pathman.obj
 0001:00005140       ?_Tidy@?$vector@PEAUcustomNode@@V?$allocator@PEAUcustomNode@@@std@@@std@@AEAAXXZ 0000000140006140 f i unity_pathman.obj
 0001:00005140       ?_Tidy@?$vector@UVector2@@V?$allocator@UVector2@@@std@@@std@@AEAAXXZ 0000000140006140 f i unity_pathman.obj
 0001:00005220       ?_Umove_if_noexcept1@?$vector@UVector2@@V?$allocator@UVector2@@@std@@@std@@AEAAXPEAUVector2@@00U?$integral_constant@_N$00@2@@Z 0000000140006220 f i unity_pathman.obj
 0001:00005220       ?_Umove@?$vector@UVector2@@V?$allocator@UVector2@@@std@@@std@@AEAAPEAUVector2@@PEAU3@00@Z 0000000140006220 f i unity_pathman.obj
 0001:00005260       ?_Umove_if_noexcept@?$vector@PEAUcustomNode@@V?$allocator@PEAUcustomNode@@@std@@@std@@AEAAXPEAPEAUcustomNode@@00@Z 0000000140006260 f i unity_pathman.obj
 0001:000052c0       ?_Umove_if_noexcept@?$vector@UVector2@@V?$allocator@UVector2@@@std@@@std@@AEAAXPEAUVector2@@00@Z 00000001400062c0 f i unity_pathman.obj
 0001:00005320       ?_Unchecked_begin@?$vector@PEAUcustomNode@@V?$allocator@PEAUcustomNode@@@std@@@std@@QEAAPEAPEAUcustomNode@@XZ 0000000140006320 f i unity_pathman.obj
 0001:00005340       ?_Unchecked_end@?$vector@PEAUcustomNode@@V?$allocator@PEAUcustomNode@@@std@@@std@@QEAAPEAPEAUcustomNode@@XZ 0000000140006340 f i unity_pathman.obj
 0001:00005360       ?_Xlength@?$vector@PEAUcustomNode@@V?$allocator@PEAUcustomNode@@@std@@@std@@CAXXZ 0000000140006360 f i unity_pathman.obj
 0001:00005360       ?_Xlength@?$vector@UVector2@@V?$allocator@UVector2@@@std@@@std@@CAXXZ 0000000140006360 f i unity_pathman.obj
 0001:00005380       ?_Xrange@?$vector@PEAUcustomNode@@V?$allocator@PEAUcustomNode@@@std@@@std@@CAXXZ 0000000140006380 f i unity_pathman.obj
 0001:000053a0       ?allocate@?$allocator@PEAUcustomNode@@@std@@QEAAPEAPEAUcustomNode@@_K@Z 00000001400063a0 f i unity_pathman.obj
 0001:000053a0       ?allocate@?$allocator@UVector2@@@std@@QEAAPEAUVector2@@_K@Z 00000001400063a0 f i unity_pathman.obj
 0001:000053d0       ?at@?$vector@PEAUcustomNode@@V?$allocator@PEAUcustomNode@@@std@@@std@@QEAAAEAPEAUcustomNode@@_K@Z 00000001400063d0 f i unity_pathman.obj
 0001:00005410       ?begin@?$vector@PEAUcustomNode@@V?$allocator@PEAUcustomNode@@@std@@@std@@QEAA?AV?$_Vector_iterator@V?$_Vector_val@U?$_Simple_types@PEAUcustomNode@@@std@@@std@@@2@XZ 0000000140006410 f i unity_pathman.obj
 0001:00005470       ?capacity@?$vector@UVector2@@V?$allocator@UVector2@@@std@@@std@@QEBA_KXZ 0000000140006470 f i unity_pathman.obj
 0001:00005470       ?capacity@?$vector@PEAUcustomNode@@V?$allocator@PEAUcustomNode@@@std@@@std@@QEBA_KXZ 0000000140006470 f i unity_pathman.obj
 0001:000054b0       ?deallocate@?$allocator@UVector2@@@std@@QEAAXQEAUVector2@@_K@Z 00000001400064b0 f i unity_pathman.obj
 0001:000054b0       ?deallocate@?$allocator@PEAUcustomNode@@@std@@QEAAXQEAPEAUcustomNode@@_K@Z 00000001400064b0 f i unity_pathman.obj
 0001:000054e0       ?empty@?$vector@PEAUcustomNode@@V?$allocator@PEAUcustomNode@@@std@@@std@@QEBA_NXZ 00000001400064e0 f i unity_pathman.obj
 0001:00005530       ?erase@?$vector@PEAUcustomNode@@V?$allocator@PEAUcustomNode@@@std@@@std@@QEAA?AV?$_Vector_iterator@V?$_Vector_val@U?$_Simple_types@PEAUcustomNode@@@std@@@std@@@2@V?$_Vector_const_iterator@V?$_Vector_val@U?$_Simple_types@PEAUcustomNode@@@std@@@std@@@2@@Z 0000000140006530 f i unity_pathman.obj
 0001:000055f0       ?max@?$numeric_limits@_J@std@@SA_JXZ 00000001400065f0 f i unity_pathman.obj
 0001:00005600       ?max_size@?$_Default_allocator_traits@V?$allocator@PEAUcustomNode@@@std@@@std@@SA_KAEBV?$allocator@PEAUcustomNode@@@2@@Z 0000000140006600 f i unity_pathman.obj
 0001:00005600       ?max_size@?$_Default_allocator_traits@V?$allocator@UVector2@@@std@@@std@@SA_KAEBV?$allocator@UVector2@@@2@@Z 0000000140006600 f i unity_pathman.obj
 0001:00005610       ?max_size@?$vector@PEAUcustomNode@@V?$allocator@PEAUcustomNode@@@std@@@std@@QEBA_KXZ 0000000140006610 f i unity_pathman.obj
 0001:00005610       ?max_size@?$vector@UVector2@@V?$allocator@UVector2@@@std@@@std@@QEBA_KXZ 0000000140006610 f i unity_pathman.obj
 0001:00005660       ?push_back@?$vector@PEAUcustomNode@@V?$allocator@PEAUcustomNode@@@std@@@std@@QEAAXAEBQEAUcustomNode@@@Z 0000000140006660 f i unity_pathman.obj
 0001:00005690       ?push_back@?$vector@UVector2@@V?$allocator@UVector2@@@std@@@std@@QEAAX$$QEAUVector2@@@Z 0000000140006690 f i unity_pathman.obj
 0001:000056c0       ?size@?$vector@PEAUcustomNode@@V?$allocator@PEAUcustomNode@@@std@@@std@@QEBA_KXZ 00000001400066c0 f i unity_pathman.obj
 0001:000056c0       ?size@?$vector@UVector2@@V?$allocator@UVector2@@@std@@@std@@QEBA_KXZ 00000001400066c0 f i unity_pathman.obj
 0001:000056fc       __stdio_common_vsprintf    00000001400066fc f   ucrt:api-ms-win-crt-stdio-l1-1-0.dll
 0001:00005702       free                       0000000140006702 f   ucrt:api-ms-win-crt-heap-l1-1-0.dll
 0001:00005708       malloc                     0000000140006708 f   ucrt:api-ms-win-crt-heap-l1-1-0.dll
 0001:0000570e       _invalid_parameter_noinfo_noreturn 000000014000670e f   ucrt:api-ms-win-crt-runtime-l1-1-0.dll
 0001:00005714       memmove                    0000000140006714 f   vcruntime:VCRUNTIME140.dll
 0001:00005730       _alloca_probe              0000000140006730 f   msvcrt:chkstk.obj
 0001:00005730       __chkstk                   0000000140006730 f   msvcrt:chkstk.obj
 0001:00005784       ??2@YAPEAX_K@Z             0000000140006784 f   msvcrt:new_scalar.obj
 0001:000057c0       ??3@YAXPEAX_K@Z            00000001400067c0 f   msvcrt:delete_scalar_size.obj
 0001:000057c8       ??0bad_alloc@std@@QEAA@AEBV01@@Z 00000001400067c8 f i msvcrt:throw_bad_alloc.obj
 0001:00005808       ??0bad_alloc@std@@QEAA@XZ  0000000140006808 f i msvcrt:throw_bad_alloc.obj
 0001:00005828       ??0bad_array_new_length@std@@QEAA@AEBV01@@Z 0000000140006828 f i msvcrt:throw_bad_alloc.obj
 0001:00005868       ??0bad_array_new_length@std@@QEAA@XZ 0000000140006868 f i msvcrt:throw_bad_alloc.obj
 0001:00005888       ??0exception@std@@QEAA@AEBV01@@Z 0000000140006888 f i msvcrt:throw_bad_alloc.obj
 0001:000058c0       ??1bad_alloc@std@@UEAA@XZ  00000001400068c0 f i msvcrt:throw_bad_alloc.obj
 0001:000058c0       ??1bad_array_new_length@std@@UEAA@XZ 00000001400068c0 f i msvcrt:throw_bad_alloc.obj
 0001:000058c0       ??1out_of_range@std@@UEAA@XZ 00000001400068c0 f i libcpmt:xthrow.obj
 0001:000058c0       ??1length_error@std@@UEAA@XZ 00000001400068c0 f i libcpmt:xthrow.obj
 0001:000058d4       ??_Gexception@std@@UEAAPEAXI@Z 00000001400068d4 f i msvcrt:throw_bad_alloc.obj
 0001:000058d4       ??_Ebad_alloc@std@@UEAAPEAXI@Z 00000001400068d4 f i msvcrt:throw_bad_alloc.obj
 0001:000058d4       ??_Gout_of_range@std@@UEAAPEAXI@Z 00000001400068d4 f i libcpmt:xthrow.obj
 0001:000058d4       ??_Elength_error@std@@UEAAPEAXI@Z 00000001400068d4 f i libcpmt:xthrow.obj
 0001:000058d4       ??_Eexception@std@@UEAAPEAXI@Z 00000001400068d4 f i msvcrt:throw_bad_alloc.obj
 0001:000058d4       ??_Glength_error@std@@UEAAPEAXI@Z 00000001400068d4 f i libcpmt:xthrow.obj
 0001:000058d4       ??_Gbad_array_new_length@std@@UEAAPEAXI@Z 00000001400068d4 f i msvcrt:throw_bad_alloc.obj
 0001:000058d4       ??_Gbad_alloc@std@@UEAAPEAXI@Z 00000001400068d4 f i msvcrt:throw_bad_alloc.obj
 0001:000058d4       ??_Glogic_error@std@@UEAAPEAXI@Z 00000001400068d4 f i libcpmt:xthrow.obj
 0001:000058d4       ??_Elogic_error@std@@UEAAPEAXI@Z 00000001400068d4 f i libcpmt:xthrow.obj
 0001:000058d4       ??_Ebad_array_new_length@std@@UEAAPEAXI@Z 00000001400068d4 f i msvcrt:throw_bad_alloc.obj
 0001:000058d4       ??_Eout_of_range@std@@UEAAPEAXI@Z 00000001400068d4 f i libcpmt:xthrow.obj
 0001:00005918       ?__scrt_throw_std_bad_alloc@@YAXXZ 0000000140006918 f   msvcrt:throw_bad_alloc.obj
 0001:00005938       ?__scrt_throw_std_bad_array_new_length@@YAXXZ 0000000140006938 f   msvcrt:throw_bad_alloc.obj
 0001:00005958       ?what@exception@std@@UEBAPEBDXZ 0000000140006958 f i msvcrt:throw_bad_alloc.obj
 0001:0000596c       ??3@YAXPEAX@Z              000000014000696c f   msvcrt:delete_scalar.obj
 0001:00005974       ??_Gtype_info@@UEAAPEAXI@Z 0000000140006974 f i msvcrt:std_type_info_static.obj
 0001:00005974       ??_Etype_info@@UEAAPEAXI@Z 0000000140006974 f i msvcrt:std_type_info_static.obj
 0001:0000599f       D3D11CreateDevice          000000014000699f f   d3d11:d3d11.dll
 0001:000059a5       D3DCompile2                00000001400069a5 f   d3dcompiler:D3DCOMPILER_47.dll
 0001:000059ac       ??0length_error@std@@QEAA@AEBV01@@Z 00000001400069ac f i libcpmt:xthrow.obj
 0001:000059ec       ??0length_error@std@@QEAA@PEBD@Z 00000001400069ec f i libcpmt:xthrow.obj
 0001:00005a38       ??0logic_error@std@@QEAA@AEBV01@@Z 0000000140006a38 f i libcpmt:xthrow.obj
 0001:00005a78       ??0out_of_range@std@@QEAA@AEBV01@@Z 0000000140006a78 f i libcpmt:xthrow.obj
 0001:00005ab8       ??0out_of_range@std@@QEAA@PEBD@Z 0000000140006ab8 f i libcpmt:xthrow.obj
 0001:00005b04       ?_Xlength_error@std@@YAXPEBD@Z 0000000140006b04 f   libcpmt:xthrow.obj
 0001:00005b28       ?_Xout_of_range@std@@YAXPEBD@Z 0000000140006b28 f   libcpmt:xthrow.obj
 0001:00005b4b       _callnewh                  0000000140006b4b f   ucrt:api-ms-win-crt-heap-l1-1-0.dll
 0001:00005b51       __std_exception_copy       0000000140006b51 f   vcruntime:VCRUNTIME140.dll
 0001:00005b57       __std_exception_destroy    0000000140006b57 f   vcruntime:VCRUNTIME140.dll
 0001:00005b5d       _CxxThrowException         0000000140006b5d f   vcruntime:VCRUNTIME140.dll
 0002:00000000       __imp_D3DCompile2          0000000140007000     d3dcompiler:D3DCOMPILER_47.dll
 0002:00000008       \177D3DCOMPILER_47_NULL_THUNK_DATA 0000000140007008     d3dcompiler:D3DCOMPILER_47.dll
 0002:00000010       __imp_CloseHandle          0000000140007010     kernel32:KERNEL32.dll
 0002:00000018       __imp_ReadFile             0000000140007018     kernel32:KERNEL32.dll
 0002:00000020       __imp_GetFileInformationByHandleEx 0000000140007020     kernel32:KERNEL32.dll
 0002:00000028       __imp_MultiByteToWideChar  0000000140007028     kernel32:KERNEL32.dll
 0002:00000030       __imp_ExitProcess          0000000140007030     kernel32:KERNEL32.dll
 0002:00000038       __imp_GetModuleHandleW     0000000140007038     kernel32:KERNEL32.dll
 0002:00000040       __imp_OutputDebugStringA   0000000140007040     kernel32:KERNEL32.dll
 0002:00000048       __imp_CreateFileA          0000000140007048     kernel32:KERNEL32.dll
 0002:00000050       \177KERNEL32_NULL_THUNK_DATA 0000000140007050     kernel32:KERNEL32.dll
 0002:00000058       __imp_DefWindowProcW       0000000140007058     user32:USER32.dll
 0002:00000060       __imp_CreateWindowExW      0000000140007060     user32:USER32.dll
 0002:00000068       __imp_ShowWindow           0000000140007068     user32:USER32.dll
 0002:00000070       __imp_GetClientRect        0000000140007070     user32:USER32.dll
 0002:00000078       __imp_AdjustWindowRect     0000000140007078     user32:USER32.dll
 0002:00000080       __imp_LoadCursorA          0000000140007080     user32:USER32.dll
 0002:00000088       __imp_LoadIconA            0000000140007088     user32:USER32.dll
 0002:00000090       __imp_TranslateMessage     0000000140007090     user32:USER32.dll
 0002:00000098       __imp_DispatchMessageA     0000000140007098     user32:USER32.dll
 0002:000000a0       __imp_PeekMessageW         00000001400070a0     user32:USER32.dll
 0002:000000a8       __imp_PostQuitMessage      00000001400070a8     user32:USER32.dll
 0002:000000b0       __imp_RegisterClassExW     00000001400070b0     user32:USER32.dll
 0002:000000b8       \177USER32_NULL_THUNK_DATA 00000001400070b8     user32:USER32.dll
 0002:000000c0       __imp___std_exception_destroy 00000001400070c0     vcruntime:VCRUNTIME140.dll
 0002:000000c8       __imp___std_exception_copy 00000001400070c8     vcruntime:VCRUNTIME140.dll
 0002:000000d0       __imp_memmove              00000001400070d0     vcruntime:VCRUNTIME140.dll
 0002:000000d8       __imp__CxxThrowException   00000001400070d8     vcruntime:VCRUNTIME140.dll
 0002:000000e0       \177VCRUNTIME140_NULL_THUNK_DATA 00000001400070e0     vcruntime:VCRUNTIME140.dll
 0002:000000e8       __imp__callnewh            00000001400070e8     ucrt:api-ms-win-crt-heap-l1-1-0.dll
 0002:000000f0       __imp_malloc               00000001400070f0     ucrt:api-ms-win-crt-heap-l1-1-0.dll
 0002:000000f8       __imp_free                 00000001400070f8     ucrt:api-ms-win-crt-heap-l1-1-0.dll
 0002:00000100       \177api-ms-win-crt-heap-l1-1-0_NULL_THUNK_DATA 0000000140007100     ucrt:api-ms-win-crt-heap-l1-1-0.dll
 0002:00000108       __imp__invalid_parameter_noinfo_noreturn 0000000140007108     ucrt:api-ms-win-crt-runtime-l1-1-0.dll
 0002:00000110       \177api-ms-win-crt-runtime-l1-1-0_NULL_THUNK_DATA 0000000140007110     ucrt:api-ms-win-crt-runtime-l1-1-0.dll
 0002:00000118       __imp___stdio_common_vsprintf 0000000140007118     ucrt:api-ms-win-crt-stdio-l1-1-0.dll
 0002:00000120       \177api-ms-win-crt-stdio-l1-1-0_NULL_THUNK_DATA 0000000140007120     ucrt:api-ms-win-crt-stdio-l1-1-0.dll
 0002:00000128       __imp_D3D11CreateDevice    0000000140007128     d3d11:d3d11.dll
 0002:00000130       \177d3d11_NULL_THUNK_DATA  0000000140007130     d3d11:d3d11.dll
 0002:00000138       __imp_CoCreateInstance     0000000140007138     ole32:ole32.dll
 0002:00000140       \177ole32_NULL_THUNK_DATA  0000000140007140     ole32:ole32.dll
 0002:00001540       _GUID_7632e1f5_ee65_4dca_87fd_84cd75f8838d 0000000140008540     unity_common.obj
 0002:00001550       _GUID_6f15aaf2_d208_4e89_9ab4_489535d34f9c 0000000140008550     unity_common.obj
 0002:00001560       _GUID_ec5ec8a9_c395_4314_9c77_54d7a935ff70 0000000140008560     unity_common.obj
 0002:00001570       _GUID_95b4f95f_d8da_4ca4_9ee6_3b76d5968a10 0000000140008570     unity_common.obj
 0002:00001580       _GUID_3c8d99d1_4fbf_4181_a82c_af66bf7bd24e 0000000140008580     unity_common.obj
 0002:00001590       _GUID_94d99bdb_f1f8_4ab0_b236_7da0170edab1 0000000140008590     unity_common.obj
 0002:000015a0       _GUID_8ffde202_a0e7_45df_9e01_e837801b5ea0 00000001400085a0     unity_common.obj
 0002:000015b0       _GUID_917600da_f58c_4c33_98d8_3e15b390fa24 00000001400085b0     unity_common.obj
 0002:000015c0       __real@3f800000            00000001400085c0     unity_common.obj
 0002:000015c4       __real@40000000            00000001400085c4     unity_common.obj
 0002:000015c8       __real@bf800000            00000001400085c8     unity_common.obj
 0002:000015f8       ??_C@_0BM@NMJKDPPO@invalid?5vector?$DMT?$DO?5subscript@ 00000001400085f8     unity_pathman.obj
 0002:00001618       ??_C@_0BD@OLBABOEK@vector?$DMT?$DO?5too?5long@ 0000000140008618     unity_pathman.obj
 0002:00001638       ??_7exception@std@@6B@     0000000140008638     msvcrt:throw_bad_alloc.obj
 0002:00001648       ??_C@_0BC@EOODALEL@Unknown?5exception@ 0000000140008648     msvcrt:throw_bad_alloc.obj
 0002:00001668       ??_7bad_alloc@std@@6B@     0000000140008668     msvcrt:throw_bad_alloc.obj
 0002:00001678       ??_C@_0P@GHFPNOJB@bad?5allocation@ 0000000140008678     msvcrt:throw_bad_alloc.obj
 0002:00001690       ??_7bad_array_new_length@std@@6B@ 0000000140008690     msvcrt:throw_bad_alloc.obj
 0002:000016a0       ??_C@_0BF@KINCDENJ@bad?5array?5new?5length@ 00000001400086a0     msvcrt:throw_bad_alloc.obj
 0002:000016c0       ??_7type_info@@6B@         00000001400086c0     msvcrt:std_type_info_static.obj
 0002:000016c8       CLSID_WICImagingFactory2   00000001400086c8     dxguid:d3d10guid.obj
 0002:000016d8       GUID_VendorMicrosoftBuiltIn 00000001400086d8     dxguid:d3d10guid.obj
 0002:000016f0       ??_7logic_error@std@@6B@   00000001400086f0     libcpmt:xthrow.obj
 0002:00001708       ??_7length_error@std@@6B@  0000000140008708     libcpmt:xthrow.obj
 0002:00001720       ??_7out_of_range@std@@6B@  0000000140008720     libcpmt:xthrow.obj
 0002:00001788       ??_R4exception@std@@6B@    0000000140008788     msvcrt:throw_bad_alloc.obj
 0002:000017b0       ??_R3exception@std@@8      00000001400087b0     msvcrt:throw_bad_alloc.obj
 0002:000017c8       ??_R2exception@std@@8      00000001400087c8     msvcrt:throw_bad_alloc.obj
 0002:000017d8       ??_R1A@?0A@EA@exception@std@@8 00000001400087d8     msvcrt:throw_bad_alloc.obj
 0002:00001800       ??_R4bad_alloc@std@@6B@    0000000140008800     msvcrt:throw_bad_alloc.obj
 0002:00001828       ??_R3bad_alloc@std@@8      0000000140008828     msvcrt:throw_bad_alloc.obj
 0002:00001840       ??_R2bad_alloc@std@@8      0000000140008840     msvcrt:throw_bad_alloc.obj
 0002:00001858       ??_R1A@?0A@EA@bad_alloc@std@@8 0000000140008858     msvcrt:throw_bad_alloc.obj
 0002:00001880       ??_R4bad_array_new_length@std@@6B@ 0000000140008880     msvcrt:throw_bad_alloc.obj
 0002:000018a8       ??_R3bad_array_new_length@std@@8 00000001400088a8     msvcrt:throw_bad_alloc.obj
 0002:000018c0       ??_R2bad_array_new_length@std@@8 00000001400088c0     msvcrt:throw_bad_alloc.obj
 0002:000018e0       ??_R1A@?0A@EA@bad_array_new_length@std@@8 00000001400088e0     msvcrt:throw_bad_alloc.obj
 0002:00001908       ??_R4type_info@@6B@        0000000140008908     msvcrt:std_type_info_static.obj
 0002:00001930       ??_R3type_info@@8          0000000140008930     msvcrt:std_type_info_static.obj
 0002:00001948       ??_R2type_info@@8          0000000140008948     msvcrt:std_type_info_static.obj
 0002:00001958       ??_R1A@?0A@EA@type_info@@8 0000000140008958     msvcrt:std_type_info_static.obj
 0002:00001980       ??_R4logic_error@std@@6B@  0000000140008980     libcpmt:xthrow.obj
 0002:000019a8       ??_R3logic_error@std@@8    00000001400089a8     libcpmt:xthrow.obj
 0002:000019c0       ??_R2logic_error@std@@8    00000001400089c0     libcpmt:xthrow.obj
 0002:000019d8       ??_R1A@?0A@EA@logic_error@std@@8 00000001400089d8     libcpmt:xthrow.obj
 0002:00001a00       ??_R4length_error@std@@6B@ 0000000140008a00     libcpmt:xthrow.obj
 0002:00001a28       ??_R3length_error@std@@8   0000000140008a28     libcpmt:xthrow.obj
 0002:00001a40       ??_R2length_error@std@@8   0000000140008a40     libcpmt:xthrow.obj
 0002:00001a60       ??_R1A@?0A@EA@length_error@std@@8 0000000140008a60     libcpmt:xthrow.obj
 0002:00001a88       ??_R4out_of_range@std@@6B@ 0000000140008a88     libcpmt:xthrow.obj
 0002:00001ab0       ??_R3out_of_range@std@@8   0000000140008ab0     libcpmt:xthrow.obj
 0002:00001ac8       ??_R2out_of_range@std@@8   0000000140008ac8     libcpmt:xthrow.obj
 0002:00001ae8       ??_R1A@?0A@EA@out_of_range@std@@8 0000000140008ae8     libcpmt:xthrow.obj
 0002:00001ed0       _TI2?AVbad_alloc@std@@     0000000140008ed0     msvcrt:throw_bad_alloc.obj
 0002:00001ef0       _CTA2?AVbad_alloc@std@@    0000000140008ef0     msvcrt:throw_bad_alloc.obj
 0002:00001f08       _CT??_R0?AVbad_alloc@std@@@8??0bad_alloc@std@@QEAA@AEBV01@@Z24 0000000140008f08     msvcrt:throw_bad_alloc.obj
 0002:00001f30       _CT??_R0?AVexception@std@@@8??0exception@std@@QEAA@AEBV01@@Z24 0000000140008f30     msvcrt:throw_bad_alloc.obj
 0002:00001f58       _TI3?AVbad_array_new_length@std@@ 0000000140008f58     msvcrt:throw_bad_alloc.obj
 0002:00001f78       _CTA3?AVbad_array_new_length@std@@ 0000000140008f78     msvcrt:throw_bad_alloc.obj
 0002:00001f98       _CT??_R0?AVbad_array_new_length@std@@@8??0bad_array_new_length@std@@QEAA@AEBV01@@Z24 0000000140008f98     msvcrt:throw_bad_alloc.obj
 0002:00001fc0       _CT??_R0?AVlogic_error@std@@@8??0logic_error@std@@QEAA@AEBV01@@Z24 0000000140008fc0     libcpmt:xthrow.obj
 0002:00001fe8       _TI3?AVlength_error@std@@  0000000140008fe8     libcpmt:xthrow.obj
 0002:00002008       _CTA3?AVlength_error@std@@ 0000000140009008     libcpmt:xthrow.obj
 0002:00002028       _CT??_R0?AVlength_error@std@@@8??0length_error@std@@QEAA@AEBV01@@Z24 0000000140009028     libcpmt:xthrow.obj
 0002:00002050       _TI3?AVout_of_range@std@@  0000000140009050     libcpmt:xthrow.obj
 0002:00002070       _CTA3?AVout_of_range@std@@ 0000000140009070     libcpmt:xthrow.obj
 0002:00002090       _CT??_R0?AVout_of_range@std@@@8??0out_of_range@std@@QEAA@AEBV01@@Z24 0000000140009090     libcpmt:xthrow.obj
 0002:000020b4       __IMPORT_DESCRIPTOR_KERNEL32 00000001400090b4     kernel32:KERNEL32.dll
 0002:000020c8       __IMPORT_DESCRIPTOR_USER32 00000001400090c8     user32:USER32.dll
 0002:000020dc       __IMPORT_DESCRIPTOR_api-ms-win-crt-stdio-l1-1-0 00000001400090dc     ucrt:api-ms-win-crt-stdio-l1-1-0.dll
 0002:000020f0       __IMPORT_DESCRIPTOR_api-ms-win-crt-heap-l1-1-0 00000001400090f0     ucrt:api-ms-win-crt-heap-l1-1-0.dll
 0002:00002104       __IMPORT_DESCRIPTOR_api-ms-win-crt-runtime-l1-1-0 0000000140009104     ucrt:api-ms-win-crt-runtime-l1-1-0.dll
 0002:00002118       __IMPORT_DESCRIPTOR_VCRUNTIME140 0000000140009118     vcruntime:VCRUNTIME140.dll
 0002:0000212c       __IMPORT_DESCRIPTOR_d3d11  000000014000912c     d3d11:d3d11.dll
 0002:00002140       __IMPORT_DESCRIPTOR_D3DCOMPILER_47 0000000140009140     d3dcompiler:D3DCOMPILER_47.dll
 0002:00002154       __IMPORT_DESCRIPTOR_ole32  0000000140009154     ole32:ole32.dll
 0002:00002168       __NULL_IMPORT_DESCRIPTOR   0000000140009168     kernel32:KERNEL32.dll
 0003:00000380       _fltused                   000000014000a380     msvcrt:fltused.obj
 0003:00000388       ??_R0?AVbad_alloc@std@@@8  000000014000a388     msvcrt:throw_bad_alloc.obj
 0003:000003b0       ??_R0?AVexception@std@@@8  000000014000a3b0     msvcrt:throw_bad_alloc.obj
 0003:000003d8       ??_R0?AVbad_array_new_length@std@@@8 000000014000a3d8     msvcrt:throw_bad_alloc.obj
 0003:00000408       ??_R0?AVtype_info@@@8      000000014000a408     msvcrt:std_type_info_static.obj
 0003:00000428       ??_R0?AVlogic_error@std@@@8 000000014000a428     libcpmt:xthrow.obj
 0003:00000450       ??_R0?AVlength_error@std@@@8 000000014000a450     libcpmt:xthrow.obj
 0003:00000478       ??_R0?AVout_of_range@std@@@8 000000014000a478     libcpmt:xthrow.obj
 0003:000004a0       ?_OptionsStorage@?1??__local_stdio_printf_options@@9@4_KA 000000014000a4a0     unity_common.obj
 0003:000004a8       ?count@@3HA                000000014000a4a8     unity_pathman.obj

 entry point at        0001:00003520

 Static symbols

 0000:ffff3000       .debug$S                   0000000140000000     vcruntime:VCRUNTIME140.dll
 0000:ffff3000       .debug$S                   0000000140000000     vcruntime:VCRUNTIME140.dll
 0000:ffff3000       .debug$S                   0000000140000000     vcruntime:VCRUNTIME140.dll
 0000:ffff3000       .debug$S                   0000000140000000     ucrt:api-ms-win-crt-heap-l1-1-0.dll
 0000:ffff3000       .debug$S                   0000000140000000     vcruntime:VCRUNTIME140.dll
 0000:ffff3000       .debug$S                   0000000140000000     ucrt:api-ms-win-crt-runtime-l1-1-0.dll
 0000:ffff3000       .debug$S                   0000000140000000     ucrt:api-ms-win-crt-heap-l1-1-0.dll
 0000:ffff3000       .debug$S                   0000000140000000     ucrt:api-ms-win-crt-heap-l1-1-0.dll
 0000:ffff3000       .debug$S                   0000000140000000     ucrt:api-ms-win-crt-stdio-l1-1-0.dll
 0000:ffff3000       .debug$S                   0000000140000000     user32:USER32.dll
 0000:ffff3000       .debug$S                   0000000140000000     user32:USER32.dll
 0000:ffff3000       .debug$S                   0000000140000000     user32:USER32.dll
 0000:ffff3000       .debug$S                   0000000140000000     kernel32:KERNEL32.dll
 0000:ffff3000       .debug$S                   0000000140000000     kernel32:KERNEL32.dll
 0000:ffff3000       .debug$S                   0000000140000000     kernel32:KERNEL32.dll
 0000:ffff3000       .debug$S                   0000000140000000     kernel32:KERNEL32.dll
 0000:ffff3000       .debug$S                   0000000140000000     kernel32:KERNEL32.dll
 0000:ffff3000       .debug$S                   0000000140000000     kernel32:KERNEL32.dll
 0000:ffff3000       .debug$S                   0000000140000000     kernel32:KERNEL32.dll
 0000:ffff3000       .debug$S                   0000000140000000     kernel32:KERNEL32.dll
 0000:ffff3000       .debug$S                   0000000140000000     user32:USER32.dll
 0000:ffff3000       .debug$S                   0000000140000000     user32:USER32.dll
 0000:ffff3000       .debug$S                   0000000140000000     user32:USER32.dll
 0000:ffff3000       .debug$S                   0000000140000000     user32:USER32.dll
 0000:ffff3000       .debug$S                   0000000140000000     user32:USER32.dll
 0000:ffff3000       .debug$S                   0000000140000000     ole32:ole32.dll
 0000:ffff3000       .debug$S                   0000000140000000     user32:USER32.dll
 0000:ffff3000       .debug$S                   0000000140000000     d3dcompiler:D3DCOMPILER_47.dll
 0000:ffff3000       .debug$S                   0000000140000000     user32:USER32.dll
 0000:ffff3000       .debug$S                   0000000140000000     d3d11:d3d11.dll
 0000:ffff3000       .debug$S                   0000000140000000     user32:USER32.dll
 0000:ffff3000       .debug$S                   0000000140000000     user32:USER32.dll
 0001:00001630       ?wnd_proc@@YA_JPEAUHWND__@@I_K_J@Z 0000000140002630 f   unity_common.obj
 0001:00001680       ?get_client_rect@@YA?AUtagRECT@@PEAUHWND__@@@Z 0000000140002680 f   unity_common.obj
 0001:00001700       ?create_swap_chain@@YAXPEAUd3d_context@@PEAUdisplay_context@@@Z 0000000140002700 f   unity_common.obj
 0001:00001c00       ?compile_shader@@YAPEAUID3D10Blob@@PEBD_KW4shader_type@@0@Z 0000000140002c00 f   unity_common.obj
 0001:00001d30       ?sprite_batch_map@@YAXPEAUsprite_batch@@@Z 0000000140002d30 f   unity_common.obj
 0001:00001e10       ?sprite_batch_unmap@@YAXPEAUsprite_batch@@@Z 0000000140002e10 f   unity_common.obj
 0001:00001e90       ?sprite_batch_flush@@YAXPEAUsprite_batch@@@Z 0000000140002e90 f   unity_common.obj
 0001:00005720       $$000000                   0000000140006720     msvcrt:chkstk.obj
 0002:00000150       $SG125754                  0000000140007150     unity_common.obj
 0002:00000158       $SG125755                  0000000140007158     unity_common.obj
 0002:00000198       $SG125756                  0000000140007198     unity_common.obj
 0002:000001b8       $SG125789                  00000001400071b8     unity_common.obj
 0002:000001d0       $SG125791                  00000001400071d0     unity_common.obj
 0002:000001e0       $SG125792                  00000001400071e0     unity_common.obj
 0002:00000220       $SG125793                  0000000140007220     unity_common.obj
 0002:00000240       $SG125796                  0000000140007240     unity_common.obj
 0002:00000258       $SG125798                  0000000140007258     unity_common.obj
 0002:00000260       $SG125799                  0000000140007260     unity_common.obj
 0002:000002a0       $SG125800                  00000001400072a0     unity_common.obj
 0002:000002c0       $SG125857                  00000001400072c0     unity_common.obj
 0002:00000300       $SG125858                  0000000140007300     unity_common.obj
 0002:00000328       $SG125860                  0000000140007328     unity_common.obj
 0002:00000368       $SG125861                  0000000140007368     unity_common.obj
 0002:00000390       $SG125863                  0000000140007390     unity_common.obj
 0002:000003d0       $SG125864                  00000001400073d0     unity_common.obj
 0002:000003f8       $SG125866                  00000001400073f8     unity_common.obj
 0002:00000438       $SG125867                  0000000140007438     unity_common.obj
 0002:00000460       $SG125869                  0000000140007460     unity_common.obj
 0002:000004a0       $SG125870                  00000001400074a0     unity_common.obj
 0002:000004c8       $SG125872                  00000001400074c8     unity_common.obj
 0002:00000508       $SG125873                  0000000140007508     unity_common.obj
 0002:00000530       $SG125875                  0000000140007530     unity_common.obj
 0002:00000570       $SG125876                  0000000140007570     unity_common.obj
 0002:00000598       $SG125900                  0000000140007598     unity_common.obj
 0002:000005d8       $SG125901                  00000001400075d8     unity_common.obj
 0002:000005fc       $SG125919                  00000001400075fc     unity_common.obj
 0002:00000604       $SG125921                  0000000140007604     unity_common.obj
 0002:0000060c       $SG125922                  000000014000760c     unity_common.obj
 0002:00000618       $SG125924                  0000000140007618     unity_common.obj
 0002:00000638       $SG125938                  0000000140007638     unity_common.obj
 0002:00000678       $SG125939                  0000000140007678     unity_common.obj
 0002:000006a0       $SG125953                  00000001400076a0     unity_common.obj
 0002:000006e0       $SG125954                  00000001400076e0     unity_common.obj
 0002:00000708       $SG126029                  0000000140007708     unity_common.obj
 0002:00000748       $SG126030                  0000000140007748     unity_common.obj
 0002:00000770       $SG126032                  0000000140007770     unity_common.obj
 0002:000007b0       $SG126033                  00000001400077b0     unity_common.obj
 0002:000007d8       $SG126035                  00000001400077d8     unity_common.obj
 0002:00000818       $SG126036                  0000000140007818     unity_common.obj
 0002:00000840       $SG126038                  0000000140007840     unity_common.obj
 0002:00000880       $SG126039                  0000000140007880     unity_common.obj
 0002:000008a8       $SG126041                  00000001400078a8     unity_common.obj
 0002:000008e8       $SG126042                  00000001400078e8     unity_common.obj
 0002:00000910       $SG126044                  0000000140007910     unity_common.obj
 0002:00000950       $SG126045                  0000000140007950     unity_common.obj
 0002:00000978       $SG126047                  0000000140007978     unity_common.obj
 0002:000009b8       $SG126048                  00000001400079b8     unity_common.obj
 0002:000009e0       $SG126050                  00000001400079e0     unity_common.obj
 0002:00000a20       $SG126051                  0000000140007a20     unity_common.obj
 0002:00000a48       $SG126053                  0000000140007a48     unity_common.obj
 0002:00000a88       $SG126054                  0000000140007a88     unity_common.obj
 0002:00000ab0       ?sprite_shader@@3QBDB      0000000140007ab0     unity_common.obj
 0002:00001168       $SG126115                  0000000140008168     unity_common.obj
 0002:00001190       $SG126114                  0000000140008190     unity_common.obj
 0002:000011d8       $SG126147                  00000001400081d8     unity_common.obj
 0002:000011e0       $SG126148                  00000001400081e0     unity_common.obj
 0002:000011e8       $SG126151                  00000001400081e8     unity_common.obj
 0002:00001210       $SG126150                  0000000140008210     unity_common.obj
 0002:00001258       $SG126154                  0000000140008258     unity_common.obj
 0002:00001280       $SG126153                  0000000140008280     unity_common.obj
 0002:000012c8       $SG126157                  00000001400082c8     unity_common.obj
 0002:000012f0       $SG126156                  00000001400082f0     unity_common.obj
 0002:00001338       $SG126337                  0000000140008338     unity_common.obj
 0002:00001378       $SG126338                  0000000140008378     unity_common.obj
 0002:000013a0       $SG126348                  00000001400083a0     unity_common.obj
 0002:000013e0       $SG126349                  00000001400083e0     unity_common.obj
 0002:00001408       $SG126359                  0000000140008408     unity_common.obj
 0002:00001448       $SG126360                  0000000140008448     unity_common.obj
 0002:00001470       $SG126370                  0000000140008470     unity_common.obj
 0002:000014b0       $SG126371                  00000001400084b0     unity_common.obj
 0002:000014d8       $SG126381                  00000001400084d8     unity_common.obj
 0002:00001518       $SG126382                  0000000140008518     unity_common.obj
 0002:000015d0       $SG143967                  00000001400085d0     unity_pathman.obj
 0002:000015e8       $SG143983                  00000001400085e8     unity_pathman.obj
 0002:00001ca0       $unwind$??$_Uninitialized_move_al_unchecked@PEAUVector2@@PEAU1@V?$allocator@UVector2@@@std@@@std@@YAPEAUVector2@@PEAU1@QEAU1@1AEAV?$allocator@UVector2@@@0@U_General_ptr_iterator_tag@0@U_Unused_parameter@0@@Z 0000000140008ca0     unity_pathman.obj
 0002:00001ca0       $unwind$vsnprintf          0000000140008ca0     unity_common.obj
 0002:00001ca8       $unwind$?create_display@@YAXPEAUdisplay_context@@PEBDHHHH_N@Z 0000000140008ca8     unity_common.obj
 0002:00001cb4       $unwind$?init_d3d@@YAXPEAUd3d_context@@PEAUdisplay_context@@_N@Z 0000000140008cb4     unity_common.obj
 0002:00001cbc       $unwind$?term_d3d@@YAXPEAUd3d_context@@@Z 0000000140008cbc     unity_common.obj
 0002:00001cc4       $unwind$?begin_frame@@YAXPEAUd3d_context@@@Z 0000000140008cc4     unity_common.obj
 0002:00001ccc       $unwind$?end_frame@@YAXPEAUd3d_context@@@Z 0000000140008ccc     unity_common.obj
 0002:00001cd4       $unwind$?compile_vertex_shader@@YAPEAUID3D11VertexShader@@PEAPEAUID3D10Blob@@PEAUd3d_context@@PEBD_K2@Z 0000000140008cd4     unity_common.obj
 0002:00001cdc       $unwind$?compile_pixel_shader@@YAPEAUID3D11PixelShader@@PEAUd3d_context@@PEBD_K1@Z 0000000140008cdc     unity_common.obj
 0002:00001ce4       $unwind$?read_entire_file@@YAPEAXPEBDPEA_K@Z 0000000140008ce4     unity_common.obj
 0002:00001cec       $unwind$?load_png@@YAXPEAUd3d_context@@PEAUtexture@@PEAX_K@Z 0000000140008cec     unity_common.obj
 0002:00001cf8       $unwind$?debug_printf@@YAXPEBDZZ 0000000140008cf8     unity_common.obj
 0002:00001d00       $unwind$?sprite_batch_init@@YAXPEAUsprite_batch@@PEAUd3d_context@@@Z 0000000140008d00     unity_common.obj
 0002:00001d0c       $unwind$?sprite_batch_term@@YAXPEAUsprite_batch@@@Z 0000000140008d0c     unity_common.obj
 0002:00001d14       $unwind$?sprite_batch_begin@@YAXPEAUsprite_batch@@@Z 0000000140008d14     unity_common.obj
 0002:00001d1c       $unwind$?sprite_batch_end@@YAXPEAUsprite_batch@@@Z 0000000140008d1c     unity_common.obj
 0002:00001d24       $unwind$?sprite_batch_draw@@YAXPEAUsprite_batch@@PEAUtexture@@HHHHHHHH@Z 0000000140008d24     unity_common.obj
 0002:00001d2c       $unwind$?wnd_proc@@YA_JPEAUHWND__@@I_K_J@Z 0000000140008d2c     unity_common.obj
 0002:00001d34       $unwind$?get_client_rect@@YA?AUtagRECT@@PEAUHWND__@@@Z 0000000140008d34     unity_common.obj
 0002:00001d40       $unwind$?create_swap_chain@@YAXPEAUd3d_context@@PEAUdisplay_context@@@Z 0000000140008d40     unity_common.obj
 0002:00001d4c       $unwind$?compile_shader@@YAPEAUID3D10Blob@@PEBD_KW4shader_type@@0@Z 0000000140008d4c     unity_common.obj
 0002:00001d54       $unwind$?sprite_batch_map@@YAXPEAUsprite_batch@@@Z 0000000140008d54     unity_common.obj
 0002:00001d5c       $unwind$?sprite_batch_unmap@@YAXPEAUsprite_batch@@@Z 0000000140008d5c     unity_common.obj
 0002:00001d64       $unwind$?sprite_batch_flush@@YAXPEAUsprite_batch@@@Z 0000000140008d64     unity_common.obj
 0002:00001d6c       $unwind$??$com_cast@UID3D11Device5@@@@YAPEAUID3D11Device5@@PEAUIUnknown@@@Z 0000000140008d6c     unity_common.obj
 0002:00001d6c       $unwind$??$_Allocate_manually_vector_aligned@U_Default_allocate_traits@std@@@std@@YAPEAX_K@Z 0000000140008d6c     unity_pathman.obj
 0002:00001d6c       $unwind$??$com_cast@UIDXGIAdapter4@@@@YAPEAUIDXGIAdapter4@@PEAUIUnknown@@@Z 0000000140008d6c     unity_common.obj
 0002:00001d6c       $unwind$??$com_cast@UID3D11DeviceContext4@@@@YAPEAUID3D11DeviceContext4@@PEAUIUnknown@@@Z 0000000140008d6c     unity_common.obj
 0002:00001d6c       $unwind$??$com_cast@UIDXGISwapChain3@@@@YAPEAUIDXGISwapChain3@@PEAUIUnknown@@@Z 0000000140008d6c     unity_common.obj
 0002:00001d6c       $unwind$??$com_cast@UIDXGIDevice4@@@@YAPEAUIDXGIDevice4@@PEAUIUnknown@@@Z 0000000140008d6c     unity_common.obj
 0002:00001d74       $unwind$?_Get_data@?$_Vector_alloc@U?$_Vec_base_types@UVector2@@V?$allocator@UVector2@@@std@@@std@@@std@@QEBAAEBV?$_Vector_val@U?$_Simple_types@UVector2@@@std@@@2@XZ 0000000140008d74     unity_pathman.obj
 0002:00001d74       $unwind$?_Orphan_all@?$_Vector_alloc@U?$_Vec_base_types@PEAUcustomNode@@V?$allocator@PEAUcustomNode@@@std@@@std@@@std@@QEAAXXZ 0000000140008d74     unity_pathman.obj
 0002:00001d74       $unwind$?_Myfirst@?$_Vector_alloc@U?$_Vec_base_types@PEAUcustomNode@@V?$allocator@PEAUcustomNode@@@std@@@std@@@std@@QEAAAEAPEAPEAUcustomNode@@XZ 0000000140008d74     unity_pathman.obj
 0002:00001d74       $unwind$??1?$vector@UVector2@@V?$allocator@UVector2@@@std@@@std@@QEAA@XZ 0000000140008d74     unity_pathman.obj
 0002:00001d74       $unwind$??1?$_Uninitialized_backout_al@PEAUVector2@@V?$allocator@UVector2@@@std@@@std@@QEAA@XZ 0000000140008d74     unity_pathman.obj
 0002:00001d74       $unwind$?_Allocate@_Default_allocate_traits@std@@SAPEAX_K@Z 0000000140008d74     unity_pathman.obj
 0002:00001d74       $unwind$?_Get_data@?$_Vector_alloc@U?$_Vec_base_types@PEAUcustomNode@@V?$allocator@PEAUcustomNode@@@std@@@std@@@std@@QEBAAEBV?$_Vector_val@U?$_Simple_types@PEAUcustomNode@@@std@@@2@XZ 0000000140008d74     unity_pathman.obj
 0002:00001d74       $unwind$?_Myend@?$_Vector_alloc@U?$_Vec_base_types@UVector2@@V?$allocator@UVector2@@@std@@@std@@@std@@QEAAAEAPEAUVector2@@XZ 0000000140008d74     unity_pathman.obj
 0002:00001d74       $unwind$?_Myfirst@?$_Vector_alloc@U?$_Vec_base_types@PEAUcustomNode@@V?$allocator@PEAUcustomNode@@@std@@@std@@@std@@QEBAAEBQEAPEAUcustomNode@@XZ 0000000140008d74     unity_pathman.obj
 0002:00001d74       $unwind$?_Mylast@?$_Vector_alloc@U?$_Vec_base_types@UVector2@@V?$allocator@UVector2@@@std@@@std@@@std@@QEBAAEBQEAUVector2@@XZ 0000000140008d74     unity_pathman.obj
 0002:00001d74       $unwind$??0?$vector@UVector2@@V?$allocator@UVector2@@@std@@@std@@QEAA@XZ 0000000140008d74     unity_pathman.obj
 0002:00001d74       $unwind$?_Getal@?$_Vector_alloc@U?$_Vec_base_types@UVector2@@V?$allocator@UVector2@@@std@@@std@@@std@@QEAAAEAV?$allocator@UVector2@@@2@XZ 0000000140008d74     unity_pathman.obj
 0002:00001d74       $unwind$?_Get_data@?$_Vector_alloc@U?$_Vec_base_types@UVector2@@V?$allocator@UVector2@@@std@@@std@@@std@@QEAAAEAV?$_Vector_val@U?$_Simple_types@UVector2@@@std@@@2@XZ 0000000140008d74     unity_pathman.obj
 0002:00001d74       $unwind$?_Myfirst@?$_Vector_alloc@U?$_Vec_base_types@UVector2@@V?$allocator@UVector2@@@std@@@std@@@std@@QEBAAEBQEAUVector2@@XZ 0000000140008d74     unity_pathman.obj
 0002:00001d74       $unwind$?_Mylast@?$_Vector_alloc@U?$_Vec_base_types@PEAUcustomNode@@V?$allocator@PEAUcustomNode@@@std@@@std@@@std@@QEBAAEBQEAPEAUcustomNode@@XZ 0000000140008d74     unity_pathman.obj
 0002:00001d74       $unwind$?_Get_data@?$_Vector_alloc@U?$_Vec_base_types@PEAUcustomNode@@V?$allocator@PEAUcustomNode@@@std@@@std@@@std@@QEAAAEAV?$_Vector_val@U?$_Simple_types@PEAUcustomNode@@@std@@@2@XZ 0000000140008d74     unity_pathman.obj
 0002:00001d74       $unwind$?_Myend@?$_Vector_alloc@U?$_Vec_base_types@PEAUcustomNode@@V?$allocator@PEAUcustomNode@@@std@@@std@@@std@@QEAAAEAPEAPEAUcustomNode@@XZ 0000000140008d74     unity_pathman.obj
 0002:00001d74       $unwind$?_Getal@?$_Vector_alloc@U?$_Vec_base_types@UVector2@@V?$allocator@UVector2@@@std@@@std@@@std@@QEBAAEBV?$allocator@UVector2@@@2@XZ 0000000140008d74     unity_pathman.obj
 0002:00001d74       $unwind$?_Myend@?$_Vector_alloc@U?$_Vec_base_types@PEAUcustomNode@@V?$allocator@PEAUcustomNode@@@std@@@std@@@std@@QEBAAEBQEAPEAUcustomNode@@XZ 0000000140008d74     unity_pathman.obj
 0002:00001d74       $unwind$?_Orphan_all@?$_Vector_alloc@U?$_Vec_base_types@UVector2@@V?$allocator@UVector2@@@std@@@std@@@std@@QEAAXXZ 0000000140008d74     unity_pathman.obj
 0002:00001d74       $unwind$??0?$vector@PEAUcustomNode@@V?$allocator@PEAUcustomNode@@@std@@@std@@QEAA@XZ 0000000140008d74     unity_pathman.obj
 0002:00001d74       $unwind$?_Getal@?$_Vector_alloc@U?$_Vec_base_types@PEAUcustomNode@@V?$allocator@PEAUcustomNode@@@std@@@std@@@std@@QEAAAEAV?$allocator@PEAUcustomNode@@@2@XZ 0000000140008d74     unity_pathman.obj
 0002:00001d74       $unwind$?_Unchecked_end@?$vector@PEAUcustomNode@@V?$allocator@PEAUcustomNode@@@std@@@std@@QEAAPEAPEAUcustomNode@@XZ 0000000140008d74     unity_pathman.obj
 0002:00001d74       $unwind$?_Mylast@?$_Vector_alloc@U?$_Vec_base_types@UVector2@@V?$allocator@UVector2@@@std@@@std@@@std@@QEAAAEAPEAUVector2@@XZ 0000000140008d74     unity_pathman.obj
 0002:00001d74       $unwind$?_Unchecked_begin@?$vector@PEAUcustomNode@@V?$allocator@PEAUcustomNode@@@std@@@std@@QEAAPEAPEAUcustomNode@@XZ 0000000140008d74     unity_pathman.obj
 0002:00001d74       $unwind$??$_Allocate@$0BA@U_Default_allocate_traits@std@@$0A@@std@@YAPEAX_K@Z 0000000140008d74     unity_pathman.obj
 0002:00001d74       $unwind$??1?$vector@PEAUcustomNode@@V?$allocator@PEAUcustomNode@@@std@@@std@@QEAA@XZ 0000000140008d74     unity_pathman.obj
 0002:00001d74       $unwind$?_Myfirst@?$_Vector_alloc@U?$_Vec_base_types@UVector2@@V?$allocator@UVector2@@@std@@@std@@@std@@QEAAAEAPEAUVector2@@XZ 0000000140008d74     unity_pathman.obj
 0002:00001d74       $unwind$?_Myend@?$_Vector_alloc@U?$_Vec_base_types@UVector2@@V?$allocator@UVector2@@@std@@@std@@@std@@QEBAAEBQEAUVector2@@XZ 0000000140008d74     unity_pathman.obj
 0002:00001d74       $unwind$?_Mylast@?$_Vector_alloc@U?$_Vec_base_types@PEAUcustomNode@@V?$allocator@PEAUcustomNode@@@std@@@std@@@std@@QEAAAEAPEAPEAUcustomNode@@XZ 0000000140008d74     unity_pathman.obj
 0002:00001d74       $unwind$?_Getal@?$_Vector_alloc@U?$_Vec_base_types@PEAUcustomNode@@V?$allocator@PEAUcustomNode@@@std@@@std@@@std@@QEBAAEBV?$allocator@PEAUcustomNode@@@2@XZ 0000000140008d74     unity_pathman.obj
 0002:00001d7c       $unwind$??$emplace_back@AEBQEAUcustomNode@@@?$vector@PEAUcustomNode@@V?$allocator@PEAUcustomNode@@@std@@@std@@QEAAAEAPEAUcustomNode@@AEBQEAU2@@Z 0000000140008d7c     unity_pathman.obj
 0002:00001d7c       $unwind$??$_Emplace_back@UVector2@@@?$_Uninitialized_backout_al@PEAUVector2@@V?$allocator@UVector2@@@std@@@std@@QEAAX$$QEAUVector2@@@Z 0000000140008d7c     unity_pathman.obj
 0002:00001d7c       $unwind$?_Calculate_growth@?$vector@PEAUcustomNode@@V?$allocator@PEAUcustomNode@@@std@@@std@@AEBA_K_K@Z 0000000140008d7c     unity_pathman.obj
 0002:00001d7c       $unwind$?_Calculate_growth@?$vector@UVector2@@V?$allocator@UVector2@@@std@@@std@@AEBA_K_K@Z 0000000140008d7c     unity_pathman.obj
 0002:00001d7c       $unwind$?_Buy@?$vector@PEAUcustomNode@@V?$allocator@PEAUcustomNode@@@std@@@std@@AEAA_N_K@Z 0000000140008d7c     unity_pathman.obj
 0002:00001d7c       $unwind$??$emplace_back@UVector2@@@?$vector@UVector2@@V?$allocator@UVector2@@@std@@@std@@QEAAAEAUVector2@@$$QEAU2@@Z 0000000140008d7c     unity_pathman.obj
 0002:00001d7c       $unwind$?_Adjust_manually_vector_aligned@std@@YAXAEAPEAXAEA_K@Z 0000000140008d7c     unity_pathman.obj
 0002:00001d7c       $unwind$??$?0V?$allocator@PEAUcustomNode@@@std@@X@?$_Vector_alloc@U?$_Vec_base_types@PEAUcustomNode@@V?$allocator@PEAUcustomNode@@@std@@@std@@@std@@QEAA@$$QEAV?$allocator@PEAUcustomNode@@@1@@Z 0000000140008d7c     unity_pathman.obj
 0002:00001d84       $unwind$??$_Min_value@_K@std@@YAAEB_KAEB_K0@Z 0000000140008d84     unity_pathman.obj
 0002:00001d8c       $unwind$?draw_sprite@@YAXPEAUsprite_batch@@PEAUtexture@@HHHH@Z 0000000140008d8c     unity_pathman.obj
 0002:00001d94       $unwind$?manhattanFinder@@YAHUVector2@@0@Z 0000000140008d94     unity_pathman.obj
 0002:00001d9c       $unwind$?getSquareLowestFScore@@YAPEAUcustomNode@@V?$vector@PEAUcustomNode@@V?$allocator@PEAUcustomNode@@@std@@@std@@@Z 0000000140008d9c     unity_pathman.obj
 0002:00001da4       $unwind$?removeFromVector@@YAXPEAUcustomNode@@AEAV?$vector@PEAUcustomNode@@V?$allocator@PEAUcustomNode@@@std@@@std@@@Z 0000000140008da4     unity_pathman.obj
 0002:00001dac       $unwind$?vectorContains@@YA_NPEAUcustomNode@@AEAV?$vector@PEAUcustomNode@@V?$allocator@PEAUcustomNode@@@std@@@std@@@Z 0000000140008dac     unity_pathman.obj
 0002:00001db4       $unwind$?GetObjectAtWorldPos@@YAEHH@Z 0000000140008db4     unity_pathman.obj
 0002:00001dbc       $unwind$?getAdjacentSquares@@YA?AV?$vector@PEAUcustomNode@@V?$allocator@PEAUcustomNode@@@std@@@std@@PEAUcustomNode@@0@Z 0000000140008dbc     unity_pathman.obj
 0002:00001dc8       $unwind$?PathFind@@YAXXZ   0000000140008dc8     unity_pathman.obj
 0002:00001dd4       $unwind$?render@@YAXPEAUd3d_context@@PEAUsprite_batch@@PEAUtexture@@@Z 0000000140008dd4     unity_pathman.obj
 0002:00001ddc       $unwind$?load_sprite_sheet@@YAXPEAUtexture@@PEAUd3d_context@@@Z 0000000140008ddc     unity_pathman.obj
 0002:00001de4       $unwind$main               0000000140008de4     unity_pathman.obj
 0002:00001dec       $unwind$??0?$_Vector_iterator@V?$_Vector_val@U?$_Simple_types@PEAUcustomNode@@@std@@@std@@@std@@QEAA@PEAPEAUcustomNode@@PEBU_Container_base0@1@@Z 0000000140008dec     unity_pathman.obj
 0002:00001dec       $unwind$?_Destroy@?$vector@PEAUcustomNode@@V?$allocator@PEAUcustomNode@@@std@@@std@@AEAAXPEAPEAUcustomNode@@0@Z 0000000140008dec     unity_pathman.obj
 0002:00001dec       $unwind$??0?$_Vector_const_iterator@V?$_Vector_val@U?$_Simple_types@PEAUcustomNode@@@std@@@std@@@std@@QEAA@PEAPEAUcustomNode@@PEBU_Container_base0@1@@Z 0000000140008dec     unity_pathman.obj
 0002:00001dec       $unwind$?deallocate@?$allocator@UVector2@@@std@@QEAAXQEAUVector2@@_K@Z 0000000140008dec     unity_pathman.obj
 0002:00001dec       $unwind$?deallocate@?$allocator@PEAUcustomNode@@@std@@QEAAXQEAPEAUcustomNode@@_K@Z 0000000140008dec     unity_pathman.obj
 0002:00001dec       $unwind$?_Destroy@?$vector@UVector2@@V?$allocator@UVector2@@@std@@@std@@AEAAXPEAUVector2@@0@Z 0000000140008dec     unity_pathman.obj
 0002:00001df4       $unwind$??Y?$_Vector_const_iterator@V?$_Vector_val@U?$_Simple_types@PEAUcustomNode@@@std@@@std@@@std@@QEAAAEAV01@_J@Z 0000000140008df4     unity_pathman.obj
 0002:00001df4       $unwind$??$_Deallocate@$0BA@$0A@@std@@YAXPEAX_K@Z 0000000140008df4     unity_pathman.obj
 0002:00001df4       $unwind$??A?$vector@UVector2@@V?$allocator@UVector2@@@std@@@std@@QEAAAEAUVector2@@_K@Z 0000000140008df4     unity_pathman.obj
 0002:00001df4       $unwind$??Y?$_Vector_iterator@V?$_Vector_val@U?$_Simple_types@PEAUcustomNode@@@std@@@std@@@std@@QEAAAEAV01@_J@Z 0000000140008df4     unity_pathman.obj
 0002:00001df4       $unwind$?push_back@?$vector@UVector2@@V?$allocator@UVector2@@@std@@@std@@QEAAX$$QEAUVector2@@@Z 0000000140008df4     unity_pathman.obj
 0002:00001df4       $unwind$?allocate@?$allocator@PEAUcustomNode@@@std@@QEAAPEAPEAUcustomNode@@_K@Z 0000000140008df4     unity_pathman.obj
 0002:00001df4       $unwind$?at@?$vector@PEAUcustomNode@@V?$allocator@PEAUcustomNode@@@std@@@std@@QEAAAEAPEAUcustomNode@@_K@Z 0000000140008df4     unity_pathman.obj
 0002:00001df4       $unwind$?push_back@?$vector@PEAUcustomNode@@V?$allocator@PEAUcustomNode@@@std@@@std@@QEAAXAEBQEAUcustomNode@@@Z 0000000140008df4     unity_pathman.obj
 0002:00001df4       $unwind$?allocate@?$allocator@UVector2@@@std@@QEAAPEAUVector2@@_K@Z 0000000140008df4     unity_pathman.obj
 0002:00001dfc       $unwind$?size@?$vector@UVector2@@V?$allocator@UVector2@@@std@@@std@@QEBA_KXZ 0000000140008dfc     unity_pathman.obj
 0002:00001dfc       $unwind$?max_size@?$vector@UVector2@@V?$allocator@UVector2@@@std@@@std@@QEBA_KXZ 0000000140008dfc     unity_pathman.obj
 0002:00001dfc       $unwind$?capacity@?$vector@UVector2@@V?$allocator@UVector2@@@std@@@std@@QEBA_KXZ 0000000140008dfc     unity_pathman.obj
 0002:00001dfc       $unwind$?_Has_unused_capacity@?$vector@UVector2@@V?$allocator@UVector2@@@std@@@std@@AEBA_NXZ 0000000140008dfc     unity_pathman.obj
 0002:00001dfc       $unwind$?_Has_unused_capacity@?$vector@PEAUcustomNode@@V?$allocator@PEAUcustomNode@@@std@@@std@@AEBA_NXZ 0000000140008dfc     unity_pathman.obj
 0002:00001dfc       $unwind$??0?$_Vector_alloc@U?$_Vec_base_types@UVector2@@V?$allocator@UVector2@@@std@@@std@@@std@@QEAA@XZ 0000000140008dfc     unity_pathman.obj
 0002:00001dfc       $unwind$?capacity@?$vector@PEAUcustomNode@@V?$allocator@PEAUcustomNode@@@std@@@std@@QEBA_KXZ 0000000140008dfc     unity_pathman.obj
 0002:00001dfc       $unwind$?empty@?$vector@PEAUcustomNode@@V?$allocator@PEAUcustomNode@@@std@@@std@@QEBA_NXZ 0000000140008dfc     unity_pathman.obj
 0002:00001dfc       $unwind$??0?$_Vector_alloc@U?$_Vec_base_types@PEAUcustomNode@@V?$allocator@PEAUcustomNode@@@std@@@std@@@std@@QEAA@XZ 0000000140008dfc     unity_pathman.obj
 0002:00001dfc       $unwind$?size@?$vector@PEAUcustomNode@@V?$allocator@PEAUcustomNode@@@std@@@std@@QEBA_KXZ 0000000140008dfc     unity_pathman.obj
 0002:00001dfc       $unwind$?max_size@?$vector@PEAUcustomNode@@V?$allocator@PEAUcustomNode@@@std@@@std@@QEBA_KXZ 0000000140008dfc     unity_pathman.obj
 0002:00001e04       $unwind$?begin@?$vector@PEAUcustomNode@@V?$allocator@PEAUcustomNode@@@std@@@std@@QEAA?AV?$_Vector_iterator@V?$_Vector_val@U?$_Simple_types@PEAUcustomNode@@@std@@@std@@@2@XZ 0000000140008e04     unity_pathman.obj
 0002:00001e04       $unwind$?_Swap_all@?$_Vector_alloc@U?$_Vec_base_types@PEAUcustomNode@@V?$allocator@PEAUcustomNode@@@std@@@std@@@std@@QEAAXAEAV12@@Z 0000000140008e04     unity_pathman.obj
 0002:00001e0c       $unwind$??0?$vector@PEAUcustomNode@@V?$allocator@PEAUcustomNode@@@std@@@std@@QEAA@AEBV01@@Z 0000000140008e0c     unity_pathman.obj
 0002:00001e14       $unwind$?erase@?$vector@PEAUcustomNode@@V?$allocator@PEAUcustomNode@@@std@@@std@@QEAA?AV?$_Vector_iterator@V?$_Vector_val@U?$_Simple_types@PEAUcustomNode@@@std@@@std@@@2@V?$_Vector_const_iterator@V?$_Vector_val@U?$_Simple_types@PEAUcustomNode@@@std@@@std@@@2@@Z 0000000140008e14     unity_pathman.obj
 0002:00001e14       $unwind$??$_Copy_memmove@PEAPEAUcustomNode@@PEAPEAU1@@std@@YAPEAPEAUcustomNode@@PEAPEAU1@00@Z 0000000140008e14     unity_pathman.obj
 0002:00001e14       $unwind$?_Move_from@?$vector@PEAUcustomNode@@V?$allocator@PEAUcustomNode@@@std@@@std@@AEAAX$$QEAV12@U?$integral_constant@_N$00@2@@Z 0000000140008e14     unity_pathman.obj
 0002:00001e1c       $unwind$??0?$vector@PEAUcustomNode@@V?$allocator@PEAUcustomNode@@@std@@@std@@QEAA@$$QEAV01@@Z 0000000140008e1c     unity_pathman.obj
[...]
 0004:00000234       $pdata$?_Get_data@?$_Vector_alloc@U?$_Vec_base_types@UVector2@@V?$allocator@UVector2@@@std@@@std@@@std@@QEBAAEBV?$_Vector_val@U?$_Simple_types@UVector2@@@std@@@2@XZ 000000014000b234     unity_pathman.obj
 0004:00000234       $pdata$?_Getal@?$_Vector_alloc@U?$_Vec_base_types@PEAUcustomNode@@V?$allocator@PEAUcustomNode@@@std@@@std@@@std@@QEBAAEBV?$allocator@PEAUcustomNode@@@2@XZ 000000014000b234     unity_pathman.obj
 0004:00000234       $pdata$?_Get_data@?$_Vector_alloc@U?$_Vec_base_types@UVector2@@V?$allocator@UVector2@@@std@@@std@@@std@@QEAAAEAV?$_Vector_val@U?$_Simple_types@UVector2@@@std@@@2@XZ 000000014000b234     unity_pathman.obj
 0004:00000234       $pdata$?_Getal@?$_Vector_alloc@U?$_Vec_base_types@PEAUcustomNode@@V?$allocator@PEAUcustomNode@@@std@@@std@@@std@@QEAAAEAV?$allocator@PEAUcustomNode@@@2@XZ 000000014000b234     unity_pathman.obj
 0004:00000240       $pdata$?_Myfirst@?$_Vector_alloc@U?$_Vec_base_types@UVector2@@V?$allocator@UVector2@@@std@@@std@@@std@@QEAAAEAPEAUVector2@@XZ 000000014000b240     unity_pathman.obj
 0004:00000240       $pdata$?_Myfirst@?$_Vector_alloc@U?$_Vec_base_types@PEAUcustomNode@@V?$allocator@PEAUcustomNode@@@std@@@std@@@std@@QEBAAEBQEAPEAUcustomNode@@XZ 000000014000b240     unity_pathman.obj
 0004:00000240       $pdata$?_Myfirst@?$_Vector_alloc@U?$_Vec_base_types@UVector2@@V?$allocator@UVector2@@@std@@@std@@@std@@QEBAAEBQEAUVector2@@XZ 000000014000b240     unity_pathman.obj
 0004:00000240       $pdata$?_Myfirst@?$_Vector_alloc@U?$_Vec_base_types@PEAUcustomNode@@V?$allocator@PEAUcustomNode@@@std@@@std@@@std@@QEAAAEAPEAPEAUcustomNode@@XZ 000000014000b240     unity_pathman.obj
 0004:0000024c       $pdata$?_Mylast@?$_Vector_alloc@U?$_Vec_base_types@PEAUcustomNode@@V?$allocator@PEAUcustomNode@@@std@@@std@@@std@@QEAAAEAPEAPEAUcustomNode@@XZ 000000014000b24c     unity_pathman.obj
 0004:0000024c       $pdata$?_Mylast@?$_Vector_alloc@U?$_Vec_base_types@UVector2@@V?$allocator@UVector2@@@std@@@std@@@std@@QEAAAEAPEAUVector2@@XZ 000000014000b24c     unity_pathman.obj
 0004:0000024c       $pdata$?_Mylast@?$_Vector_alloc@U?$_Vec_base_types@PEAUcustomNode@@V?$allocator@PEAUcustomNode@@@std@@@std@@@std@@QEBAAEBQEAPEAUcustomNode@@XZ 000000014000b24c     unity_pathman.obj
 0004:0000024c       $pdata$?_Mylast@?$_Vector_alloc@U?$_Vec_base_types@UVector2@@V?$allocator@UVector2@@@std@@@std@@@std@@QEBAAEBQEAUVector2@@XZ 000000014000b24c     unity_pathman.obj
 0004:00000258       $pdata$?_Myend@?$_Vector_alloc@U?$_Vec_base_types@PEAUcustomNode@@V?$allocator@PEAUcustomNode@@@std@@@std@@@std@@QEAAAEAPEAPEAUcustomNode@@XZ 000000014000b258     unity_pathman.obj
 0004:00000258       $pdata$?_Myend@?$_Vector_alloc@U?$_Vec_base_types@UVector2@@V?$allocator@UVector2@@@std@@@std@@@std@@QEAAAEAPEAUVector2@@XZ 000000014000b258     unity_pathman.obj
 0004:00000258       $pdata$?_Myend@?$_Vector_alloc@U?$_Vec_base_types@PEAUcustomNode@@V?$allocator@PEAUcustomNode@@@std@@@std@@@std@@QEBAAEBQEAPEAUcustomNode@@XZ 000000014000b258     unity_pathman.obj
 0004:00000258       $pdata$?_Myend@?$_Vector_alloc@U?$_Vec_base_types@UVector2@@V?$allocator@UVector2@@@std@@@std@@@std@@QEBAAEBQEAUVector2@@XZ 000000014000b258     unity_pathman.obj
 0004:00000264       $pdata$??0?$vector@UVector2@@V?$allocator@UVector2@@@std@@@std@@QEAA@XZ 000000014000b264     unity_pathman.obj
 0004:00000264       $pdata$??0?$vector@PEAUcustomNode@@V?$allocator@PEAUcustomNode@@@std@@@std@@QEAA@XZ 000000014000b264     unity_pathman.obj
 0004:00000270       $pdata$??0?$vector@PEAUcustomNode@@V?$allocator@PEAUcustomNode@@@std@@@std@@QEAA@AEBV01@@Z 000000014000b270     unity_pathman.obj
 0004:0000027c       $pdata$?_Move_from@?$vector@PEAUcustomNode@@V?$allocator@PEAUcustomNode@@@std@@@std@@AEAAX$$QEAV12@U?$integral_constant@_N$00@2@@Z 000000014000b27c     unity_pathman.obj
 0004:00000288       $pdata$??0?$vector@PEAUcustomNode@@V?$allocator@PEAUcustomNode@@@std@@@std@@QEAA@$$QEAV01@@Z 000000014000b288     unity_pathman.obj
 0004:00000294       $pdata$??1?$vector@PEAUcustomNode@@V?$allocator@PEAUcustomNode@@@std@@@std@@QEAA@XZ 000000014000b294     unity_pathman.obj
 0004:00000294       $pdata$??1?$vector@UVector2@@V?$allocator@UVector2@@@std@@@std@@QEAA@XZ 000000014000b294     unity_pathman.obj
 0004:000002a0       $pdata$?push_back@?$vector@PEAUcustomNode@@V?$allocator@PEAUcustomNode@@@std@@@std@@QEAAXAEBQEAUcustomNode@@@Z 000000014000b2a0     unity_pathman.obj
 0004:000002ac       $pdata$?erase@?$vector@PEAUcustomNode@@V?$allocator@PEAUcustomNode@@@std@@@std@@QEAA?AV?$_Vector_iterator@V?$_Vector_val@U?$_Simple_types@PEAUcustomNode@@@std@@@std@@@2@V?$_Vector_const_iterator@V?$_Vector_val@U?$_Simple_types@PEAUcustomNode@@@std@@@std@@@2@@Z 000000014000b2ac     unity_pathman.obj
 0004:000002b8       $pdata$?begin@?$vector@PEAUcustomNode@@V?$allocator@PEAUcustomNode@@@std@@@std@@QEAA?AV?$_Vector_iterator@V?$_Vector_val@U?$_Simple_types@PEAUcustomNode@@@std@@@std@@@2@XZ 000000014000b2b8     unity_pathman.obj
 0004:000002c4       $pdata$?_Unchecked_begin@?$vector@PEAUcustomNode@@V?$allocator@PEAUcustomNode@@@std@@@std@@QEAAPEAPEAUcustomNode@@XZ 000000014000b2c4     unity_pathman.obj
 0004:000002d0       $pdata$?_Unchecked_end@?$vector@PEAUcustomNode@@V?$allocator@PEAUcustomNode@@@std@@@std@@QEAAPEAPEAUcustomNode@@XZ 000000014000b2d0     unity_pathman.obj
 0004:000002dc       $pdata$?empty@?$vector@PEAUcustomNode@@V?$allocator@PEAUcustomNode@@@std@@@std@@QEBA_NXZ 000000014000b2dc     unity_pathman.obj
 0004:000002e8       $pdata$?size@?$vector@UVector2@@V?$allocator@UVector2@@@std@@@std@@QEBA_KXZ 000000014000b2e8     unity_pathman.obj
 0004:000002e8       $pdata$?size@?$vector@PEAUcustomNode@@V?$allocator@PEAUcustomNode@@@std@@@std@@QEBA_KXZ 000000014000b2e8     unity_pathman.obj
 0004:000002f4       $pdata$?max_size@?$vector@UVector2@@V?$allocator@UVector2@@@std@@@std@@QEBA_KXZ 000000014000b2f4     unity_pathman.obj
 0004:000002f4       $pdata$?max_size@?$vector@PEAUcustomNode@@V?$allocator@PEAUcustomNode@@@std@@@std@@QEBA_KXZ 000000014000b2f4     unity_pathman.obj
 0004:00000300       $pdata$?capacity@?$vector@UVector2@@V?$allocator@UVector2@@@std@@@std@@QEBA_KXZ 000000014000b300     unity_pathman.obj
 0004:00000300       $pdata$?capacity@?$vector@PEAUcustomNode@@V?$allocator@PEAUcustomNode@@@std@@@std@@QEBA_KXZ 000000014000b300     unity_pathman.obj
 0004:0000030c       $pdata$?_Has_unused_capacity@?$vector@UVector2@@V?$allocator@UVector2@@@std@@@std@@AEBA_NXZ 000000014000b30c     unity_pathman.obj
 0004:0000030c       $pdata$?_Has_unused_capacity@?$vector@PEAUcustomNode@@V?$allocator@PEAUcustomNode@@@std@@@std@@AEBA_NXZ 000000014000b30c     unity_pathman.obj
 0004:00000318       $pdata$?at@?$vector@PEAUcustomNode@@V?$allocator@PEAUcustomNode@@@std@@@std@@QEAAAEAPEAUcustomNode@@_K@Z 000000014000b318     unity_pathman.obj
 0004:00000324       $pdata$?_Umove_if_noexcept1@?$vector@PEAUcustomNode@@V?$allocator@PEAUcustomNode@@@std@@@std@@AEAAXPEAPEAUcustomNode@@00U?$integral_constant@_N$00@2@@Z 000000014000b324     unity_pathman.obj
 0004:00000324       $pdata$?_Umove@?$vector@PEAUcustomNode@@V?$allocator@PEAUcustomNode@@@std@@@std@@AEAAPEAPEAUcustomNode@@PEAPEAU3@00@Z 000000014000b324     unity_pathman.obj
 0004:00000324       $pdata$??$_Ucopy@PEAPEAUcustomNode@@@?$vector@PEAUcustomNode@@V?$allocator@PEAUcustomNode@@@std@@@std@@AEAAPEAPEAUcustomNode@@PEAPEAU2@00@Z 000000014000b324     unity_pathman.obj
 0004:00000330       $pdata$?_Umove_if_noexcept@?$vector@PEAUcustomNode@@V?$allocator@PEAUcustomNode@@@std@@@std@@AEAAXPEAPEAUcustomNode@@00@Z 000000014000b330     unity_pathman.obj
 0004:0000033c       $pdata$?_Destroy@?$vector@PEAUcustomNode@@V?$allocator@PEAUcustomNode@@@std@@@std@@AEAAXPEAPEAUcustomNode@@0@Z 000000014000b33c     unity_pathman.obj
 0004:0000033c       $pdata$?_Destroy@?$vector@UVector2@@V?$allocator@UVector2@@@std@@@std@@AEAAXPEAUVector2@@0@Z 000000014000b33c     unity_pathman.obj
 0004:00000348       $pdata$?_Calculate_growth@?$vector@PEAUcustomNode@@V?$allocator@PEAUcustomNode@@@std@@@std@@AEBA_K_K@Z 000000014000b348     unity_pathman.obj
 0004:00000348       $pdata$?_Calculate_growth@?$vector@UVector2@@V?$allocator@UVector2@@@std@@@std@@AEBA_K_K@Z 000000014000b348     unity_pathman.obj
 0004:00000354       $pdata$?_Buy@?$vector@PEAUcustomNode@@V?$allocator@PEAUcustomNode@@@std@@@std@@AEAA_N_K@Z 000000014000b354     unity_pathman.obj
 0004:00000360       $pdata$?_Change_array@?$vector@UVector2@@V?$allocator@UVector2@@@std@@@std@@AEAAXQEAUVector2@@_K1@Z 000000014000b360     unity_pathman.obj
 0004:00000360       $pdata$?_Change_array@?$vector@PEAUcustomNode@@V?$allocator@PEAUcustomNode@@@std@@@std@@AEAAXQEAPEAUcustomNode@@_K1@Z 000000014000b360     unity_pathman.obj
 0004:0000036c       $pdata$?_Tidy@?$vector@PEAUcustomNode@@V?$allocator@PEAUcustomNode@@@std@@@std@@AEAAXXZ 000000014000b36c     unity_pathman.obj
 0004:0000036c       $pdata$?_Tidy@?$vector@UVector2@@V?$allocator@UVector2@@@std@@@std@@AEAAXXZ 000000014000b36c     unity_pathman.obj
 0004:00000378       $pdata$?_Xlength@?$vector@PEAUcustomNode@@V?$allocator@PEAUcustomNode@@@std@@@std@@CAXXZ 000000014000b378     unity_pathman.obj
 0004:00000378       $pdata$?_Xlength@?$vector@UVector2@@V?$allocator@UVector2@@@std@@@std@@CAXXZ 000000014000b378     unity_pathman.obj
 0004:00000384       $pdata$?_Xrange@?$vector@PEAUcustomNode@@V?$allocator@PEAUcustomNode@@@std@@@std@@CAXXZ 000000014000b384     unity_pathman.obj
 0004:00000390       $pdata$??0?$_Vector_const_iterator@V?$_Vector_val@U?$_Simple_types@PEAUcustomNode@@@std@@@std@@@std@@QEAA@PEAPEAUcustomNode@@PEBU_Container_base0@1@@Z 000000014000b390     unity_pathman.obj
 0004:0000039c       $pdata$??Y?$_Vector_const_iterator@V?$_Vector_val@U?$_Simple_types@PEAUcustomNode@@@std@@@std@@@std@@QEAAAEAV01@_J@Z 000000014000b39c     unity_pathman.obj
 0004:000003a8       $pdata$??0?$_Vector_iterator@V?$_Vector_val@U?$_Simple_types@PEAUcustomNode@@@std@@@std@@@std@@QEAA@PEAPEAUcustomNode@@PEBU_Container_base0@1@@Z 000000014000b3a8     unity_pathman.obj
 0004:000003b4       $pdata$??Y?$_Vector_iterator@V?$_Vector_val@U?$_Simple_types@PEAUcustomNode@@@std@@@std@@@std@@QEAAAEAV01@_J@Z 000000014000b3b4     unity_pathman.obj
 0004:000003c0       $pdata$??H?$_Vector_iterator@V?$_Vector_val@U?$_Simple_types@PEAUcustomNode@@@std@@@std@@@std@@QEBA?AV01@_J@Z 000000014000b3c0     unity_pathman.obj
 0004:000003cc       $pdata$?push_back@?$vector@UVector2@@V?$allocator@UVector2@@@std@@@std@@QEAAX$$QEAUVector2@@@Z 000000014000b3cc     unity_pathman.obj
 0004:000003d8       $pdata$??A?$vector@UVector2@@V?$allocator@UVector2@@@std@@@std@@QEAAAEAUVector2@@_K@Z 000000014000b3d8     unity_pathman.obj
 0004:000003e4       $pdata$?_Umove_if_noexcept1@?$vector@UVector2@@V?$allocator@UVector2@@@std@@@std@@AEAAXPEAUVector2@@00U?$integral_constant@_N$00@2@@Z 000000014000b3e4     unity_pathman.obj
 0004:000003e4       $pdata$?_Umove@?$vector@UVector2@@V?$allocator@UVector2@@@std@@@std@@AEAAPEAUVector2@@PEAU3@00@Z 000000014000b3e4     unity_pathman.obj
 0004:000003f0       $pdata$?_Umove_if_noexcept@?$vector@UVector2@@V?$allocator@UVector2@@@std@@@std@@AEAAXPEAUVector2@@00@Z 000000014000b3f0     unity_pathman.obj
 0004:000003fc       $pdata$??$emplace_back@UVector2@@@?$vector@UVector2@@V?$allocator@UVector2@@@std@@@std@@QEAAAEAUVector2@@$$QEAU2@@Z 000000014000b3fc     unity_pathman.obj
 0004:00000408       $pdata$??$_Emplace_back_with_unused_capacity@UVector2@@@?$vector@UVector2@@V?$allocator@UVector2@@@std@@@std@@AEAAAEAUVector2@@$$QEAU2@@Z 000000014000b408     unity_pathman.obj
 0004:00000414       $pdata$??$construct@UVector2@@U1@@?$_Default_allocator_traits@V?$allocator@UVector2@@@std@@@std@@SAXAEAV?$allocator@UVector2@@@1@QEAUVector2@@$$QEAU3@@Z 000000014000b414     unity_pathman.obj
 0004:00000420       $pdata$??$_Emplace_reallocate@UVector2@@@?$vector@UVector2@@V?$allocator@UVector2@@@std@@@std@@QEAAPEAUVector2@@QEAU2@$$QEAU2@@Z 000000014000b420     unity_pathman.obj
 0004:0000042c       $pdata$??$_Move_unchecked@PEAPEAUcustomNode@@PEAPEAU1@@std@@YAPEAPEAUcustomNode@@PEAPEAU1@00@Z 000000014000b42c     unity_pathman.obj
 0004:00000438       $pdata$??$emplace_back@AEBQEAUcustomNode@@@?$vector@PEAUcustomNode@@V?$allocator@PEAUcustomNode@@@std@@@std@@QEAAAEAPEAUcustomNode@@AEBQEAU2@@Z 000000014000b438     unity_pathman.obj
 0004:00000444       $pdata$??$_Emplace_back_with_unused_capacity@AEBQEAUcustomNode@@@?$vector@PEAUcustomNode@@V?$allocator@PEAUcustomNode@@@std@@@std@@AEAAAEAPEAUcustomNode@@AEBQEAU2@@Z 000000014000b444     unity_pathman.obj
 0004:00000450       $pdata$??$construct@PEAUcustomNode@@AEBQEAU1@@?$_Default_allocator_traits@V?$allocator@PEAUcustomNode@@@std@@@std@@SAXAEAV?$allocator@PEAUcustomNode@@@1@QEAPEAUcustomNode@@AEBQEAU3@@Z 000000014000b450     unity_pathman.obj
 0004:0000045c       $pdata$??$_Emplace_reallocate@AEBQEAUcustomNode@@@?$vector@PEAUcustomNode@@V?$allocator@PEAUcustomNode@@@std@@@std@@QEAAPEAPEAUcustomNode@@QEAPEAU2@AEBQEAU2@@Z 000000014000b45c     unity_pathman.obj
 0004:00000468       $pdata$??$?0V?$allocator@PEAUcustomNode@@@std@@X@?$_Vector_alloc@U?$_Vec_base_types@PEAUcustomNode@@V?$allocator@PEAUcustomNode@@@std@@@std@@@std@@QEAA@$$QEAV?$allocator@PEAUcustomNode@@@1@@Z 000000014000b468     unity_pathman.obj
 0004:00000474       $pdata$??$?0$$V@?$_Compressed_pair@V?$allocator@PEAUcustomNode@@@std@@V?$_Vector_val@U?$_Simple_types@PEAUcustomNode@@@std@@@2@$00@std@@QEAA@U_Zero_then_variadic_args_t@1@@Z 000000014000b474     unity_pathman.obj
 0004:00000474       $pdata$??$?0$$V@?$_Compressed_pair@V?$allocator@UVector2@@@std@@V?$_Vector_val@U?$_Simple_types@UVector2@@@std@@@2@$00@std@@QEAA@U_Zero_then_variadic_args_t@1@@Z 000000014000b474     unity_pathman.obj
 0004:00000480       $pdata$??$_Destroy_range@V?$allocator@UVector2@@@std@@@std@@YAXPEAUVector2@@0AEAV?$allocator@UVector2@@@0@@Z 000000014000b480     unity_pathman.obj
 0004:00000480       $pdata$??$_Destroy_range@V?$allocator@PEAUcustomNode@@@std@@@std@@YAXPEAPEAUcustomNode@@0AEAV?$allocator@PEAUcustomNode@@@0@@Z 000000014000b480     unity_pathman.obj
 0004:0000048c       $pdata$??$_Deallocate@$0BA@$0A@@std@@YAXPEAX_K@Z 000000014000b48c     unity_pathman.obj
 0004:00000498       $pdata$??$_Get_size_of_n@$07@std@@YA_K_K@Z 000000014000b498     unity_pathman.obj
 0004:000004a4       $pdata$??$_Allocate@$0BA@U_Default_allocate_traits@std@@$0A@@std@@YAPEAX_K@Z 000000014000b4a4     unity_pathman.obj
 0004:000004b0       $pdata$??$_Ptr_copy_cat@PEAUcustomNode@@PEAU1@@std@@YA?AU_Really_trivial_ptr_iterator_tag@0@AEBQEAPEAUcustomNode@@0@Z 000000014000b4b0     unity_pathman.obj
 0004:000004b0       $pdata$??$_Ptr_move_cat@UVector2@@U1@@std@@YA?AU_Trivially_copyable_ptr_iterator_tag@0@AEBQEAUVector2@@0@Z 000000014000b4b0     unity_pathman.obj
 0004:000004b0       $pdata$??$_Ptr_move_cat@PEAUcustomNode@@PEAU1@@std@@YA?AU_Really_trivial_ptr_iterator_tag@0@AEBQEAPEAUcustomNode@@0@Z 000000014000b4b0     unity_pathman.obj
 0004:000004bc       $pdata$??$_Move_unchecked1@PEAPEAUcustomNode@@PEAPEAU1@@std@@YAPEAPEAUcustomNode@@PEAPEAU1@00U_Trivially_copyable_ptr_iterator_tag@0@@Z 000000014000b4bc     unity_pathman.obj
 0004:000004c8       $pdata$??$?0V?$allocator@PEAUcustomNode@@@std@@$$V@?$_Compressed_pair@V?$allocator@PEAUcustomNode@@@std@@V?$_Vector_val@U?$_Simple_types@PEAUcustomNode@@@std@@@2@$00@std@@QEAA@U_One_then_variadic_args_t@1@$$QEAV?$allocator@PEAUcustomNode@@@1@@Z 000000014000b4c8     unity_pathman.obj
 0004:000004d4       $pdata$??$_Uninitialized_move@PEAPEAUcustomNode@@PEAPEAU1@V?$allocator@PEAUcustomNode@@@std@@@std@@YAPEAPEAUcustomNode@@QEAPEAU1@0PEAPEAU1@AEAV?$allocator@PEAUcustomNode@@@0@@Z 000000014000b4d4     unity_pathman.obj
 0004:000004d4       $pdata$??$_Uninitialized_copy@PEAPEAUcustomNode@@PEAPEAU1@V?$allocator@PEAUcustomNode@@@std@@@std@@YAPEAPEAUcustomNode@@QEAPEAU1@0PEAPEAU1@AEAV?$allocator@PEAUcustomNode@@@0@@Z 000000014000b4d4     unity_pathman.obj
 0004:000004e0       $pdata$??$_Allocate_manually_vector_aligned@U_Default_allocate_traits@std@@@std@@YAPEAX_K@Z 000000014000b4e0     unity_pathman.obj
 0004:000004ec       $pdata$??$_Uninitialized_move@PEAUVector2@@PEAU1@V?$allocator@UVector2@@@std@@@std@@YAPEAUVector2@@QEAU1@0PEAU1@AEAV?$allocator@UVector2@@@0@@Z 000000014000b4ec     unity_pathman.obj
 0004:000004f8       $pdata$??$_Copy_memmove@PEAPEAUcustomNode@@PEAPEAU1@@std@@YAPEAPEAUcustomNode@@PEAPEAU1@00@Z 000000014000b4f8     unity_pathman.obj
 0004:00000504       $pdata$??$_Uninitialized_move_al_unchecked@PEAUcustomNode@@PEAU1@V?$allocator@PEAUcustomNode@@@std@@@std@@YAPEAPEAUcustomNode@@QEAPEAU1@00AEAV?$allocator@PEAUcustomNode@@@0@U_Really_trivial_ptr_iterator_tag@0@U?$integral_constant@_N$00@0@@Z 000000014000b504     unity_pathman.obj
 0004:00000504       $pdata$??$_Uninitialized_copy_al_unchecked@PEAUcustomNode@@PEAU1@V?$allocator@PEAUcustomNode@@@std@@@std@@YAPEAPEAUcustomNode@@QEAPEAU1@00AEAV?$allocator@PEAUcustomNode@@@0@U_Really_trivial_ptr_iterator_tag@0@U?$integral_constant@_N$00@0@@Z 000000014000b504     unity_pathman.obj
 0004:00000510       $pdata$??$_Uninitialized_move_al_unchecked@PEAUVector2@@PEAU1@V?$allocator@UVector2@@@std@@@std@@YAPEAUVector2@@PEAU1@QEAU1@1AEAV?$allocator@UVector2@@@0@U_General_ptr_iterator_tag@0@U_Unused_parameter@0@@Z 000000014000b510     unity_pathman.obj
 0004:0000051c       $pdata$??1?$_Uninitialized_backout_al@PEAUVector2@@V?$allocator@UVector2@@@std@@@std@@QEAA@XZ 000000014000b51c     unity_pathman.obj
 0004:00000528       $pdata$??$_Emplace_back@UVector2@@@?$_Uninitialized_backout_al@PEAUVector2@@V?$allocator@UVector2@@@std@@@std@@QEAAX$$QEAUVector2@@@Z 000000014000b528     unity_pathman.obj
 0004:00000540       $pdata$??2@YAPEAX_K@Z      000000014000b540     msvcrt:new_scalar.obj
 0004:0000054c       $pdata$??0exception@std@@QEAA@AEBV01@@Z 000000014000b54c     msvcrt:throw_bad_alloc.obj
 0004:00000558       $pdata$??_Glength_error@std@@UEAAPEAXI@Z 000000014000b558     libcpmt:xthrow.obj
 0004:00000558       $pdata$??_Glogic_error@std@@UEAAPEAXI@Z 000000014000b558     libcpmt:xthrow.obj
 0004:00000558       $pdata$??_Gbad_alloc@std@@UEAAPEAXI@Z 000000014000b558     msvcrt:throw_bad_alloc.obj
 0004:00000558       $pdata$??_Gout_of_range@std@@UEAAPEAXI@Z 000000014000b558     libcpmt:xthrow.obj
 0004:00000558       $pdata$??_Gexception@std@@UEAAPEAXI@Z 000000014000b558     msvcrt:throw_bad_alloc.obj
 0004:00000558       $pdata$??_Gbad_array_new_length@std@@UEAAPEAXI@Z 000000014000b558     msvcrt:throw_bad_alloc.obj
 0004:00000564       $pdata$??0bad_alloc@std@@QEAA@AEBV01@@Z 000000014000b564     msvcrt:throw_bad_alloc.obj
 0004:00000570       $pdata$??0bad_array_new_length@std@@QEAA@AEBV01@@Z 000000014000b570     msvcrt:throw_bad_alloc.obj
 0004:0000057c       $pdata$?__scrt_throw_std_bad_alloc@@YAXXZ 000000014000b57c     msvcrt:throw_bad_alloc.obj
 0004:00000588       $pdata$?__scrt_throw_std_bad_array_new_length@@YAXXZ 000000014000b588     msvcrt:throw_bad_alloc.obj
 0004:00000594       $pdata$??_Gtype_info@@UEAAPEAXI@Z 000000014000b594     msvcrt:std_type_info_static.obj
 0004:000005a0       $pdata$?_Xlength_error@std@@YAXPEBD@Z 000000014000b5a0     libcpmt:xthrow.obj
 0004:000005ac       $pdata$?_Xout_of_range@std@@YAXPEBD@Z 000000014000b5ac     libcpmt:xthrow.obj
 0004:000005b8       $pdata$??0logic_error@std@@QEAA@AEBV01@@Z 000000014000b5b8     libcpmt:xthrow.obj
 0004:000005c4       $pdata$??0length_error@std@@QEAA@PEBD@Z 000000014000b5c4     libcpmt:xthrow.obj
 0004:000005d0       $pdata$??0length_error@std@@QEAA@AEBV01@@Z 000000014000b5d0     libcpmt:xthrow.obj
 0004:000005dc       $pdata$??0out_of_range@std@@QEAA@PEBD@Z 000000014000b5dc     libcpmt:xthrow.obj
 0004:000005e8       $pdata$??0out_of_range@std@@QEAA@AEBV01@@Z 000000014000b5e8     libcpmt:xthrow.obj
